Archive member included because of file (symbol)

/home/eric/ciaa-ide/gcc-arm-none-eabi-4_9-2015q1/bin/../lib/gcc/arm-none-eabi/4.9.3/armv7e-m/fpu/libgcc.a(_aeabi_uldivmod.o)
                              out/libs/lpc_chip_43xx/src/uart_18xx_43xx.o (__aeabi_uldivmod)
/home/eric/ciaa-ide/gcc-arm-none-eabi-4_9-2015q1/bin/../lib/gcc/arm-none-eabi/4.9.3/armv7e-m/fpu/libgcc.a(bpabi.o)
                              /home/eric/ciaa-ide/gcc-arm-none-eabi-4_9-2015q1/bin/../lib/gcc/arm-none-eabi/4.9.3/armv7e-m/fpu/libgcc.a(_aeabi_uldivmod.o) (__gnu_uldivmod_helper)
/home/eric/ciaa-ide/gcc-arm-none-eabi-4_9-2015q1/bin/../lib/gcc/arm-none-eabi/4.9.3/armv7e-m/fpu/libgcc.a(_dvmd_tls.o)
                              /home/eric/ciaa-ide/gcc-arm-none-eabi-4_9-2015q1/bin/../lib/gcc/arm-none-eabi/4.9.3/armv7e-m/fpu/libgcc.a(_aeabi_uldivmod.o) (__aeabi_ldiv0)
/home/eric/ciaa-ide/gcc-arm-none-eabi-4_9-2015q1/bin/../lib/gcc/arm-none-eabi/4.9.3/armv7e-m/fpu/libgcc.a(_divdi3.o)
                              /home/eric/ciaa-ide/gcc-arm-none-eabi-4_9-2015q1/bin/../lib/gcc/arm-none-eabi/4.9.3/armv7e-m/fpu/libgcc.a(bpabi.o) (__divdi3)
/home/eric/ciaa-ide/gcc-arm-none-eabi-4_9-2015q1/bin/../lib/gcc/arm-none-eabi/4.9.3/armv7e-m/fpu/libgcc.a(_udivdi3.o)
                              /home/eric/ciaa-ide/gcc-arm-none-eabi-4_9-2015q1/bin/../lib/gcc/arm-none-eabi/4.9.3/armv7e-m/fpu/libgcc.a(bpabi.o) (__udivdi3)
/home/eric/ciaa-ide/gcc-arm-none-eabi-4_9-2015q1/bin/../lib/gcc/arm-none-eabi/4.9.3/../../../../arm-none-eabi/lib/armv7e-m/fpu/libc_nano.a(lib_a-memcpy.o)
                              out/libs/lpc_chip_43xx/src/ring_buffer.o (memcpy)
/home/eric/ciaa-ide/gcc-arm-none-eabi-4_9-2015q1/bin/../lib/gcc/arm-none-eabi/4.9.3/../../../../arm-none-eabi/lib/armv7e-m/fpu/libc_nano.a(lib_a-memset.o)
                              out/libs/lpc_chip_43xx/src/clock_18xx_43xx.o (memset)

Allocating common symbols
Common symbol       size              file

SystemCoreClock     0x4               out/libs/lpc_chip_43xx/src/chip_18xx_43xx.o
tickCounter         0x8               out/libs/sapi/src/sapi_tick.o
tickRateMS          0x8               out/libs/sapi/src/sapi_tick.o

Discarded input sections

 .group         0x00000000        0x8 out/app/src/gpioInterrupt.o
 .group         0x00000000        0x8 out/app/src/gpioInterrupt.o
 .group         0x00000000        0x8 out/app/src/gpioInterrupt.o
 .group         0x00000000        0x8 out/app/src/gpioInterrupt.o
 .group         0x00000000        0x8 out/app/src/gpioInterrupt.o
 .group         0x00000000        0x8 out/app/src/gpioInterrupt.o
 .group         0x00000000        0x8 out/app/src/gpioInterrupt.o
 .group         0x00000000        0x8 out/app/src/gpioInterrupt.o
 .group         0x00000000        0x8 out/app/src/gpioInterrupt.o
 .group         0x00000000        0x8 out/app/src/gpioInterrupt.o
 .group         0x00000000        0x8 out/app/src/gpioInterrupt.o
 .group         0x00000000        0x8 out/app/src/gpioInterrupt.o
 .group         0x00000000        0x8 out/app/src/gpioInterrupt.o
 .group         0x00000000        0x8 out/app/src/gpioInterrupt.o
 .group         0x00000000        0x8 out/app/src/gpioInterrupt.o
 .group         0x00000000        0x8 out/app/src/gpioInterrupt.o
 .group         0x00000000        0x8 out/app/src/gpioInterrupt.o
 .group         0x00000000        0x8 out/app/src/gpioInterrupt.o
 .group         0x00000000        0x8 out/app/src/gpioInterrupt.o
 .group         0x00000000        0x8 out/app/src/gpioInterrupt.o
 .group         0x00000000        0x8 out/app/src/gpioInterrupt.o
 .group         0x00000000        0x8 out/app/src/gpioInterrupt.o
 .group         0x00000000        0x8 out/app/src/gpioInterrupt.o
 .group         0x00000000        0x8 out/app/src/gpioInterrupt.o
 .group         0x00000000        0x8 out/app/src/gpioInterrupt.o
 .group         0x00000000        0x8 out/app/src/gpioInterrupt.o
 .group         0x00000000        0x8 out/app/src/gpioInterrupt.o
 .group         0x00000000        0x8 out/app/src/gpioInterrupt.o
 .group         0x00000000        0x8 out/app/src/gpioInterrupt.o
 .group         0x00000000        0x8 out/app/src/gpioInterrupt.o
 .group         0x00000000        0x8 out/app/src/gpioInterrupt.o
 .group         0x00000000        0x8 out/app/src/gpioInterrupt.o
 .group         0x00000000        0x8 out/app/src/gpioInterrupt.o
 .group         0x00000000        0x8 out/app/src/gpioInterrupt.o
 .group         0x00000000        0x8 out/app/src/gpioInterrupt.o
 .group         0x00000000        0x8 out/app/src/gpioInterrupt.o
 .group         0x00000000        0x8 out/app/src/gpioInterrupt.o
 .group         0x00000000        0x8 out/app/src/gpioInterrupt.o
 .group         0x00000000        0x8 out/app/src/gpioInterrupt.o
 .group         0x00000000        0x8 out/app/src/gpioInterrupt.o
 .group         0x00000000        0x8 out/app/src/gpioInterrupt.o
 .group         0x00000000        0x8 out/app/src/gpioInterrupt.o
[...]
Memory Configuration

Name             Origin             Length             Attributes
MFlashA512       0x1a000000         0x00080000         xr
MFlashB512       0x1b000000         0x00080000         xr
RamLoc32         0x10000000         0x00008000         xrw
RamLoc40         0x10080000         0x0000a000         xrw
RamAHB32         0x20000000         0x00008000         xrw
RamAHB16         0x20008000         0x00004000         xrw
RamAHB_ETB16     0x2000c000         0x00004000         xrw
*default*        0x00000000         0xffffffff

Linker script and memory map

LOAD out/app/src/gpioInterrupt.o
LOAD out/libs/lpc_chip_43xx/src/ccan_18xx_43xx.o
LOAD out/libs/lpc_chip_43xx/src/gpiogroup_18xx_43xx.o
LOAD out/libs/lpc_chip_43xx/src/dac_18xx_43xx.o
LOAD out/libs/lpc_chip_43xx/src/lcd_18xx_43xx.o
LOAD out/libs/lpc_chip_43xx/src/uart_18xx_43xx.o
LOAD out/libs/lpc_chip_43xx/src/adc_18xx_43xx.o
LOAD out/libs/lpc_chip_43xx/src/stopwatch_18xx_43xx.o
LOAD out/libs/lpc_chip_43xx/src/chip_18xx_43xx.o
LOAD out/libs/lpc_chip_43xx/src/pmc_18xx_43xx.o
LOAD out/libs/lpc_chip_43xx/src/clock_18xx_43xx.o
LOAD out/libs/lpc_chip_43xx/src/aes_18xx_43xx.o
LOAD out/libs/lpc_chip_43xx/src/atimer_18xx_43xx.o
LOAD out/libs/lpc_chip_43xx/src/sdif_18xx_43xx.o
LOAD out/libs/lpc_chip_43xx/src/timer_18xx_43xx.o
LOAD out/libs/lpc_chip_43xx/src/iap_18xx_43xx.o
LOAD out/libs/lpc_chip_43xx/src/wwdt_18xx_43xx.o
LOAD out/libs/lpc_chip_43xx/src/ring_buffer.o
LOAD out/libs/lpc_chip_43xx/src/i2cm_18xx_43xx.o
LOAD out/libs/lpc_chip_43xx/src/pinint_18xx_43xx.o
LOAD out/libs/lpc_chip_43xx/src/hsadc_18xx_43xx.o
LOAD out/libs/lpc_chip_43xx/src/fpu_init.o
LOAD out/libs/lpc_chip_43xx/src/eeprom_18xx_43xx.o
LOAD out/libs/lpc_chip_43xx/src/rtc_18xx_43xx.o
LOAD out/libs/lpc_chip_43xx/src/sct_18xx_43xx.o
LOAD out/libs/lpc_chip_43xx/src/emc_18xx_43xx.o
LOAD out/libs/lpc_chip_43xx/src/sdmmc_18xx_43xx.o
LOAD out/libs/lpc_chip_43xx/src/ritimer_18xx_43xx.o
LOAD out/libs/lpc_chip_43xx/src/sdio_18xx_43xx.o
LOAD out/libs/lpc_chip_43xx/src/otp_18xx_43xx.o
LOAD out/libs/lpc_chip_43xx/src/spi_18xx_43xx.o
LOAD out/libs/lpc_chip_43xx/src/gpio_18xx_43xx.o
LOAD out/libs/lpc_chip_43xx/src/sysinit_18xx_43xx.o
LOAD out/libs/lpc_chip_43xx/src/i2s_18xx_43xx.o
LOAD out/libs/lpc_chip_43xx/src/gpdma_18xx_43xx.o
LOAD out/libs/lpc_chip_43xx/src/evrt_18xx_43xx.o
LOAD out/libs/lpc_chip_43xx/src/sct_pwm_18xx_43xx.o
LOAD out/libs/lpc_chip_43xx/src/enet_18xx_43xx.o
LOAD out/libs/lpc_chip_43xx/src/ssp_18xx_43xx.o
LOAD out/libs/lpc_chip_43xx/src/i2c_18xx_43xx.o
LOAD out/libs/lpc_board_ciaa_edu_4337/src/board.o
LOAD out/libs/lpc_board_ciaa_edu_4337/src/crp.o
LOAD out/libs/lpc_board_ciaa_edu_4337/src/system.o
LOAD out/libs/lpc_board_ciaa_edu_4337/src/cr_startup_lpc43xx.o
LOAD out/libs/lpc_board_ciaa_edu_4337/src/sysinit.o
LOAD out/libs/lpc_board_ciaa_edu_4337/src/board_sysinit.o
LOAD out/libs/sapi/src/sapi_keypad.o
LOAD out/libs/sapi/src/sapi_sct.o
LOAD out/libs/sapi/src/sapi_dac.o
LOAD out/libs/sapi/src/sapi_sleep.o
LOAD out/libs/sapi/src/sapi_hmc5883l.o
LOAD out/libs/sapi/src/sapi_uart.o
LOAD out/libs/sapi/src/sapi_servo.o
LOAD out/libs/sapi/src/sapi_spi.o
LOAD out/libs/sapi/src/sapi_datatypes.o
LOAD out/libs/sapi/src/sapi_7_segment_display.o
LOAD out/libs/sapi/src/sapi_pwm.o
LOAD out/libs/sapi/src/sapi_delay.o
LOAD out/libs/sapi/src/sapi_rtc.o
LOAD out/libs/sapi/src/sapi_tick.o
LOAD out/libs/sapi/src/sapi_i2c.o
LOAD out/libs/sapi/src/sapi_timer.o
LOAD out/libs/sapi/src/sapi_circularBuffer.o
LOAD out/libs/sapi/src/sapi_board.o
LOAD out/libs/sapi/src/sapi_adc.o
LOAD out/libs/sapi/src/sapi_gpio.o
START GROUP
LOAD /home/eric/ciaa-ide/gcc-arm-none-eabi-4_9-2015q1/bin/../lib/gcc/arm-none-eabi/4.9.3/armv7e-m/fpu/libgcc.a
LOAD /home/eric/ciaa-ide/gcc-arm-none-eabi-4_9-2015q1/bin/../lib/gcc/arm-none-eabi/4.9.3/../../../../arm-none-eabi/lib/armv7e-m/fpu/libc_nano.a
END GROUP
START GROUP
LOAD /home/eric/ciaa-ide/gcc-arm-none-eabi-4_9-2015q1/bin/../lib/gcc/arm-none-eabi/4.9.3/armv7e-m/fpu/libgcc.a
LOAD /home/eric/ciaa-ide/gcc-arm-none-eabi-4_9-2015q1/bin/../lib/gcc/arm-none-eabi/4.9.3/../../../../arm-none-eabi/lib/armv7e-m/fpu/libc_nano.a
END GROUP
START GROUP
LOAD /home/eric/ciaa-ide/gcc-arm-none-eabi-4_9-2015q1/bin/../lib/gcc/arm-none-eabi/4.9.3/armv7e-m/fpu/libgcc.a
LOAD /home/eric/ciaa-ide/gcc-arm-none-eabi-4_9-2015q1/bin/../lib/gcc/arm-none-eabi/4.9.3/../../../../arm-none-eabi/lib/armv7e-m/fpu/libc.a
LOAD /home/eric/ciaa-ide/gcc-arm-none-eabi-4_9-2015q1/bin/../lib/gcc/arm-none-eabi/4.9.3/../../../../arm-none-eabi/lib/armv7e-m/fpu/libm.a
END GROUP
                0x1a080000                __top_MFlashA512 = 0x1a080000
                0x1b080000                __top_MFlashB512 = 0x1b080000
                0x10008000                __top_RamLoc32 = 0x10008000
                0x1008a000                __top_RamLoc40 = 0x1008a000
                0x20008000                __top_RamAHB32 = 0x20008000
                0x2000c000                __top_RamAHB16 = 0x2000c000
                0x20010000                __top_RamAHB_ETB16 = 0x20010000

.text_Flash2    0x1b000000        0x0
 FILL mask 0xff
 *(.text_Flash2*)
 *(.text_MFlashB512*)
 *(.text.$Flash2*)
 *(.text.$MFlashB512*)
 *(.rodata.$Flash2*)
 *(.rodata.$MFlashB512*)

.text           0x1a000000     0x1ae0
 FILL mask 0xff
                0x1a000000                __vectors_start__ = ABSOLUTE (.)
 *(.isr_vector)
 .isr_vector    0x1a000000      0x114 out/libs/lpc_board_ciaa_edu_4337/src/cr_startup_lpc43xx.o
                0x1a000000                g_pfnVectors
                0x1a000114                . = ALIGN (0x4)
                0x1a000114                __section_table_start = .
                0x1a000114                __data_section_table = .
                0x1a000114        0x4 LONG 0x1a001ae8 LOADADDR (.data)
                0x1a000118        0x4 LONG 0x10000000 ADDR (.data)
                0x1a00011c        0x4 LONG 0x44 SIZEOF (.data)
                0x1a000120        0x4 LONG 0x1a001ae8 LOADADDR (.data_RAM2)
                0x1a000124        0x4 LONG 0x10080000 ADDR (.data_RAM2)
                0x1a000128        0x4 LONG 0x0 SIZEOF (.data_RAM2)
                0x1a00012c        0x4 LONG 0x1a001ae8 LOADADDR (.data_RAM3)
                0x1a000130        0x4 LONG 0x20000000 ADDR (.data_RAM3)
                0x1a000134        0x4 LONG 0x0 SIZEOF (.data_RAM3)
                0x1a000138        0x4 LONG 0x1a001ae8 LOADADDR (.data_RAM4)
                0x1a00013c        0x4 LONG 0x20008000 ADDR (.data_RAM4)
                0x1a000140        0x4 LONG 0x0 SIZEOF (.data_RAM4)
                0x1a000144        0x4 LONG 0x1a001ae8 LOADADDR (.data_RAM5)
                0x1a000148        0x4 LONG 0x2000c000 ADDR (.data_RAM5)
                0x1a00014c        0x4 LONG 0x0 SIZEOF (.data_RAM5)
                0x1a000150                __data_section_table_end = .
                0x1a000150                __bss_section_table = .
                0x1a000150        0x4 LONG 0x10000048 ADDR (.bss)
                0x1a000154        0x4 LONG 0x20 SIZEOF (.bss)
                0x1a000158        0x4 LONG 0x10080000 ADDR (.bss_RAM2)
                0x1a00015c        0x4 LONG 0x0 SIZEOF (.bss_RAM2)
                0x1a000160        0x4 LONG 0x20000000 ADDR (.bss_RAM3)
                0x1a000164        0x4 LONG 0x0 SIZEOF (.bss_RAM3)
                0x1a000168        0x4 LONG 0x20008000 ADDR (.bss_RAM4)
                0x1a00016c        0x4 LONG 0x0 SIZEOF (.bss_RAM4)
                0x1a000170        0x4 LONG 0x2000c000 ADDR (.bss_RAM5)
                0x1a000174        0x4 LONG 0x0 SIZEOF (.bss_RAM5)
                0x1a000178                __bss_section_table_end = .
                0x1a000178                __section_table_end = .
 *(.after_vectors*)
 .after_vectors
                0x1a000178       0x58 out/libs/lpc_board_ciaa_edu_4337/src/cr_startup_lpc43xx.o
                0x1a000178                NMI_Handler
                0x1a00017c                HardFault_Handler
                0x1a000180                MemManage_Handler
                0x1a000184                BusFault_Handler
                0x1a000188                UsageFault_Handler
                0x1a00018c                SVC_Handler
                0x1a000190                DebugMon_Handler
                0x1a000194                PendSV_Handler
                0x1a00019c                RIT_IRQHandler
                0x1a00019c                ADCHS_IRQHandler
                0x1a00019c                FLASH_EEPROM_IRQHandler
                0x1a00019c                I2C0_IRQHandler
                0x1a00019c                SDIO_IRQHandler
                0x1a00019c                ATIMER_IRQHandler
                0x1a00019c                I2C1_IRQHandler
                0x1a00019c                UART1_IRQHandler
                0x1a00019c                GPIO5_IRQHandler
                0x1a00019c                CAN1_IRQHandler
                0x1a00019c                USB1_IRQHandler
                0x1a00019c                I2S0_IRQHandler
                0x1a00019c                SGPIO_IRQHandler
                0x1a00019c                ADC0_IRQHandler
                0x1a00019c                GPIO6_IRQHandler
                0x1a00019c                IntDefaultHandler
                0x1a00019c                GPIO1_IRQHandler
                0x1a00019c                SSP0_IRQHandler
                0x1a00019c                ADC1_IRQHandler
                0x1a00019c                RTC_IRQHandler
                0x1a00019c                SPI_IRQHandler
                0x1a00019c                LCD_IRQHandler
                0x1a00019c                GPIO2_IRQHandler
                0x1a00019c                I2S1_IRQHandler
                0x1a00019c                SSP1_IRQHandler
                0x1a00019c                USB0_IRQHandler
                0x1a00019c                GPIO3_IRQHandler
                0x1a00019c                SCT_IRQHandler
                0x1a00019c                WDT_IRQHandler
                0x1a00019c                GPIO7_IRQHandler
                0x1a00019c                SPIFI_IRQHandler
                0x1a00019c                QEI_IRQHandler
                0x1a00019c                ETH_IRQHandler
                0x1a00019c                CAN0_IRQHandler
                0x1a00019c                GINT0_IRQHandler
                0x1a00019c                DAC_IRQHandler
                0x1a00019c                M0SUB_IRQHandler
                0x1a00019c                DMA_IRQHandler
                0x1a00019c                EVRT_IRQHandler
                0x1a00019c                MCPWM_IRQHandler
                0x1a00019c                M0APP_IRQHandler
                0x1a00019c                GINT1_IRQHandler
                0x1a00019c                GPIO4_IRQHandler
                0x1a0001a0                data_init
                0x1a0001bc                bss_init
 .after_vectors
                0x1a0001d0        0x4 out/libs/sapi/src/sapi_uart.o
                0x1a0001d0                UART0_IRQHandler
                0x000002fc                . = 0x2fc
 *fill*         0x1a0001d4      0x128 ff
                0x1a0002fc                PROVIDE (__CRP_WORD_START__, .)
 *(.crp)
 .crp           0x1a0002fc        0x4 out/libs/lpc_board_ciaa_edu_4337/src/crp.o
                0x1a0002fc                CRP_WORD
                0x1a000300                PROVIDE (__CRP_WORD_END__, .)
                0x00000001                ASSERT (! ((__CRP_WORD_START__ == __CRP_WORD_END__)), Linker CRP Enabled, but no CRP_WORD provided within application)
 *(.text*)
 .text.GPIO0_IRQHandler
                0x1a000300       0x14 out/app/src/gpioInterrupt.o
                0x1a000300                GPIO0_IRQHandler
 .text.main     0x1a000314       0x44 out/app/src/gpioInterrupt.o
                0x1a000314                main
 .text.Chip_UART_GetIndex
                0x1a000358       0x2c out/libs/lpc_chip_43xx/src/uart_18xx_43xx.o
 .text.Chip_UART_Init
                0x1a000384       0x50 out/libs/lpc_chip_43xx/src/uart_18xx_43xx.o
                0x1a000384                Chip_UART_Init
 .text.Chip_UART_SetBaudFDR
                0x1a0003d4       0xe4 out/libs/lpc_chip_43xx/src/uart_18xx_43xx.o
                0x1a0003d4                Chip_UART_SetBaudFDR
 .text.SystemCoreClockUpdate
                0x1a0004b8       0x14 out/libs/lpc_chip_43xx/src/chip_18xx_43xx.o
                0x1a0004b8                SystemCoreClockUpdate
 .text.pll_calc_divs
                0x1a0004cc       0xa8 out/libs/lpc_chip_43xx/src/clock_18xx_43xx.o
 .text.pll_get_frac
                0x1a000574       0xfc out/libs/lpc_chip_43xx/src/clock_18xx_43xx.o
 .text.Chip_Clock_FindBaseClock
                0x1a000670       0x48 out/libs/lpc_chip_43xx/src/clock_18xx_43xx.o
 .text.Chip_Clock_EnableCrystal
                0x1a0006b8       0x4c out/libs/lpc_chip_43xx/src/clock_18xx_43xx.o
                0x1a0006b8                Chip_Clock_EnableCrystal
 .text.Chip_Clock_GetDividerSource
                0x1a000704       0x1c out/libs/lpc_chip_43xx/src/clock_18xx_43xx.o
                0x1a000704                Chip_Clock_GetDividerSource
 .text.Chip_Clock_GetDividerDivisor
                0x1a000720       0x1c out/libs/lpc_chip_43xx/src/clock_18xx_43xx.o
                0x1a000720                Chip_Clock_GetDividerDivisor
 .text.Chip_Clock_GetClockInputHz
                0x1a00073c       0xb8 out/libs/lpc_chip_43xx/src/clock_18xx_43xx.o
                0x1a00073c                Chip_Clock_GetClockInputHz
 .text.Chip_Clock_CalcMainPLLValue
                0x1a0007f4       0x80 out/libs/lpc_chip_43xx/src/clock_18xx_43xx.o
                0x1a0007f4                Chip_Clock_CalcMainPLLValue
 .text.Chip_Clock_GetMainPLLHz
                0x1a000874       0x68 out/libs/lpc_chip_43xx/src/clock_18xx_43xx.o
                0x1a000874                Chip_Clock_GetMainPLLHz
 .text.Chip_Clock_GetDivRate
                0x1a0008dc       0x24 out/libs/lpc_chip_43xx/src/clock_18xx_43xx.o
 .text.Chip_Clock_SetBaseClock
                0x1a000900       0x44 out/libs/lpc_chip_43xx/src/clock_18xx_43xx.o
                0x1a000900                Chip_Clock_SetBaseClock
 .text.Chip_Clock_GetBaseClock
                0x1a000944       0x24 out/libs/lpc_chip_43xx/src/clock_18xx_43xx.o
                0x1a000944                Chip_Clock_GetBaseClock
 .text.Chip_Clock_GetBaseClocktHz
                0x1a000968        0xc out/libs/lpc_chip_43xx/src/clock_18xx_43xx.o
                0x1a000968                Chip_Clock_GetBaseClocktHz
 .text.Chip_Clock_EnableOpts
                0x1a000974       0x3c out/libs/lpc_chip_43xx/src/clock_18xx_43xx.o
                0x1a000974                Chip_Clock_EnableOpts
 .text.Chip_Clock_GetRate
                0x1a0009b0       0x4c out/libs/lpc_chip_43xx/src/clock_18xx_43xx.o
                0x1a0009b0                Chip_Clock_GetRate
 .text.fpuInit  0x1a0009fc       0x58 out/libs/lpc_chip_43xx/src/fpu_init.o
                0x1a0009fc                fpuInit
 .text.Chip_GPIO_Init
                0x1a000a54        0x4 out/libs/lpc_chip_43xx/src/gpio_18xx_43xx.o
                0x1a000a54                Chip_GPIO_Init
 .text.Chip_GPIO_SetDir
                0x1a000a58       0x24 out/libs/lpc_chip_43xx/src/gpio_18xx_43xx.o
                0x1a000a58                Chip_GPIO_SetDir
 .text.Chip_SetupCoreClock
                0x1a000a7c      0x158 out/libs/lpc_chip_43xx/src/sysinit_18xx_43xx.o
                0x1a000a7c                Chip_SetupCoreClock
 .text.Board_LED_Init
                0x1a000bd4       0x40 out/libs/lpc_board_ciaa_edu_4337/src/board.o
 .text.Board_UART_Init
                0x1a000c14       0x14 out/libs/lpc_board_ciaa_edu_4337/src/board.o
                0x1a000c14                Board_UART_Init
 .text.Board_Debug_Init
                0x1a000c28       0x28 out/libs/lpc_board_ciaa_edu_4337/src/board.o
                0x1a000c28                Board_Debug_Init
 .text.Board_Init
                0x1a000c50       0x28 out/libs/lpc_board_ciaa_edu_4337/src/board.o
                0x1a000c50                Board_Init
 .text.ResetISR
                0x1a000c78       0x7c out/libs/lpc_board_ciaa_edu_4337/src/cr_startup_lpc43xx.o
                0x1a000c78                ResetISR
 .text.SystemInit
                0x1a000cf4        0xc out/libs/lpc_board_ciaa_edu_4337/src/sysinit.o
                0x1a000cf4                SystemInit
 .text.Board_SetupMuxing
                0x1a000d00       0x34 out/libs/lpc_board_ciaa_edu_4337/src/board_sysinit.o
                0x1a000d00                Board_SetupMuxing
 .text.Board_SetupClocking
                0x1a000d34       0x6c out/libs/lpc_board_ciaa_edu_4337/src/board_sysinit.o
                0x1a000d34                Board_SetupClocking
 .text.Board_SystemInit
                0x1a000da0        0xc out/libs/lpc_board_ciaa_edu_4337/src/board_sysinit.o
                0x1a000da0                Board_SystemInit
 .text.UART2_IRQHandler
                0x1a000dac        0x4 out/libs/sapi/src/sapi_uart.o
                0x1a000dac                UART2_IRQHandler
 .text.UART3_IRQHandler
                0x1a000db0        0x4 out/libs/sapi/src/sapi_uart.o
                0x1a000db0                UART3_IRQHandler
 .text.sAPI_NullFuncPtr
                0x1a000db4        0x4 out/libs/sapi/src/sapi_datatypes.o
                0x1a000db4                sAPI_NullFuncPtr
 .text.tickConfig
                0x1a000db8       0x78 out/libs/sapi/src/sapi_tick.o
                0x1a000db8                tickConfig
 .text.SysTick_Handler
                0x1a000e30       0x24 out/libs/sapi/src/sapi_tick.o
                0x1a000e30                SysTick_Handler
 .text.errorOcurred
                0x1a000e54        0x4 out/libs/sapi/src/sapi_timer.o
 .text.doNothing
                0x1a000e58        0x4 out/libs/sapi/src/sapi_timer.o
 .text.TIMER0_IRQHandler
                0x1a000e5c       0x3c out/libs/sapi/src/sapi_timer.o
                0x1a000e5c                TIMER0_IRQHandler
 .text.TIMER1_IRQHandler
                0x1a000e98       0x3c out/libs/sapi/src/sapi_timer.o
                0x1a000e98                TIMER1_IRQHandler
 .text.TIMER2_IRQHandler
                0x1a000ed4       0x40 out/libs/sapi/src/sapi_timer.o
                0x1a000ed4                TIMER2_IRQHandler
 .text.TIMER3_IRQHandler
                0x1a000f14       0x40 out/libs/sapi/src/sapi_timer.o
                0x1a000f14                TIMER3_IRQHandler
 .text.boardConfig
                0x1a000f54       0xf0 out/libs/sapi/src/sapi_board.o
                0x1a000f54                boardConfig
 .text.gpioObtainPinConfig
                0x1a001044       0x2c out/libs/sapi/src/sapi_gpio.o
 .text.gpioConfig
                0x1a001070      0x174 out/libs/sapi/src/sapi_gpio.o
                0x1a001070                gpioConfig
 .text.gpioWrite
                0x1a0011e4       0x58 out/libs/sapi/src/sapi_gpio.o
                0x1a0011e4                gpioWrite
 .text.gpioRead
                0x1a00123c       0x58 out/libs/sapi/src/sapi_gpio.o
                0x1a00123c                gpioRead
 .text.gpioToggle
                0x1a001294       0x18 out/libs/sapi/src/sapi_gpio.o
                0x1a001294                gpioToggle
 .text          0x1a0012ac       0x30 /home/eric/ciaa-ide/gcc-arm-none-eabi-4_9-2015q1/bin/../lib/gcc/arm-none-eabi/4.9.3/armv7e-m/fpu/libgcc.a(_aeabi_uldivmod.o)
                0x1a0012ac                __aeabi_uldivmod
 .text          0x1a0012dc       0x60 /home/eric/ciaa-ide/gcc-arm-none-eabi-4_9-2015q1/bin/../lib/gcc/arm-none-eabi/4.9.3/armv7e-m/fpu/libgcc.a(bpabi.o)
                0x1a0012dc                __gnu_ldivmod_helper
                0x1a00130c                __gnu_uldivmod_helper
 .text          0x1a00133c        0x4 /home/eric/ciaa-ide/gcc-arm-none-eabi-4_9-2015q1/bin/../lib/gcc/arm-none-eabi/4.9.3/armv7e-m/fpu/libgcc.a(_dvmd_tls.o)
                0x1a00133c                __aeabi_ldiv0
                0x1a00133c                __aeabi_idiv0
 .text          0x1a001340      0x29c /home/eric/ciaa-ide/gcc-arm-none-eabi-4_9-2015q1/bin/../lib/gcc/arm-none-eabi/4.9.3/armv7e-m/fpu/libgcc.a(_divdi3.o)
                0x1a001340                __divdi3
 .text          0x1a0015dc      0x26c /home/eric/ciaa-ide/gcc-arm-none-eabi-4_9-2015q1/bin/../lib/gcc/arm-none-eabi/4.9.3/armv7e-m/fpu/libgcc.a(_udivdi3.o)
                0x1a0015dc                __udivdi3
 .text.memset   0x1a001848       0x10 /home/eric/ciaa-ide/gcc-arm-none-eabi-4_9-2015q1/bin/../lib/gcc/arm-none-eabi/4.9.3/../../../../arm-none-eabi/lib/armv7e-m/fpu/libc_nano.a(lib_a-memset.o)
                0x1a001848                memset
 *(.rodata .rodata.* .constdata .constdata.*)
 .rodata.UART_BClock
                0x1a001858        0x8 out/libs/lpc_chip_43xx/src/uart_18xx_43xx.o
 .rodata.UART_PClock
                0x1a001860        0x8 out/libs/lpc_chip_43xx/src/uart_18xx_43xx.o
 .rodata        0x1a001868        0x4 out/libs/lpc_chip_43xx/src/clock_18xx_43xx.o
 .rodata.str1.4
                0x1a00186c        0x8 out/libs/lpc_chip_43xx/src/clock_18xx_43xx.o
 .rodata.periph_to_base
                0x1a001874       0x6c out/libs/lpc_chip_43xx/src/clock_18xx_43xx.o
 .rodata.InitClkStates
                0x1a0018e0       0x48 out/libs/lpc_chip_43xx/src/sysinit_18xx_43xx.o
 .rodata.OscRateIn
                0x1a001928        0x4 out/libs/lpc_board_ciaa_edu_4337/src/board.o
                0x1a001928                OscRateIn
 .rodata.ExtRateIn
                0x1a00192c        0x4 out/libs/lpc_board_ciaa_edu_4337/src/board.o
                0x1a00192c                ExtRateIn
 .rodata.gpioLEDBits
                0x1a001930        0xc out/libs/lpc_board_ciaa_edu_4337/src/board.o
 .rodata.InitClkStates
                0x1a00193c        0xc out/libs/lpc_board_ciaa_edu_4337/src/board_sysinit.o
 .rodata.pinmuxing
                0x1a001948       0x60 out/libs/lpc_board_ciaa_edu_4337/src/board_sysinit.o
 .rodata.gpioPinsConfig
                0x1a0019a8      0x138 out/libs/sapi/src/sapi_gpio.o
                0x1a0019a8                gpioPinsConfig
                0x1a001ae0                . = ALIGN (0x4)

.glue_7         0x1a001ae0        0x0
 .glue_7        0x00000000        0x0 linker stubs

.glue_7t        0x1a001ae0        0x0
 .glue_7t       0x00000000        0x0 linker stubs

.vfp11_veneer   0x1a001ae0        0x0
 .vfp11_veneer  0x00000000        0x0 linker stubs

.v4_bx          0x1a001ae0        0x0
 .v4_bx         0x00000000        0x0 linker stubs

.iplt           0x1a001ae0        0x0
 .iplt          0x00000000        0x0 out/app/src/gpioInterrupt.o

.ARM.extab
 *(.ARM.extab* .gnu.linkonce.armextab.*)
                0x1a001ae0                __exidx_start = .

.ARM.exidx      0x1a001ae0        0x8
 *(.ARM.exidx* .gnu.linkonce.armexidx.*)
 .ARM.exidx     0x1a001ae0        0x8 /home/eric/ciaa-ide/gcc-arm-none-eabi-4_9-2015q1/bin/../lib/gcc/arm-none-eabi/4.9.3/armv7e-m/fpu/libgcc.a(_divdi3.o)
 .ARM.exidx     0x1a001ae8        0x0 /home/eric/ciaa-ide/gcc-arm-none-eabi-4_9-2015q1/bin/../lib/gcc/arm-none-eabi/4.9.3/armv7e-m/fpu/libgcc.a(_udivdi3.o)
                                  0x8 (size before relaxing)
                0x1a001ae8                __exidx_end = .
                0x1a001ae8                _etext = .

.rel.dyn        0x1a001ae8        0x0
 .rel.iplt      0x00000000        0x0 out/app/src/gpioInterrupt.o

.data_RAM2      0x10080000        0x0 load address 0x1a001ae8
 FILL mask 0xff
 *(.ramfunc.$RAM2)
 *(.ramfunc.$RamLoc40)
 *(.data.$RAM2*)
 *(.data.$RamLoc40*)
                0x10080000                . = ALIGN (0x4)

.data_RAM3      0x20000000        0x0 load address 0x1a001ae8
 FILL mask 0xff
 *(.ramfunc.$RAM3)
 *(.ramfunc.$RamAHB32)
 *(.data.$RAM3*)
 *(.data.$RamAHB32*)
                0x20000000                . = ALIGN (0x4)

.data_RAM4      0x20008000        0x0 load address 0x1a001ae8
 FILL mask 0xff
 *(.ramfunc.$RAM4)
 *(.ramfunc.$RamAHB16)
 *(.data.$RAM4*)
 *(.data.$RamAHB16*)
                0x20008000                . = ALIGN (0x4)

.data_RAM5      0x2000c000        0x0 load address 0x1a001ae8
 FILL mask 0xff
 *(.ramfunc.$RAM5)
 *(.ramfunc.$RamAHB_ETB16)
 *(.data.$RAM5*)
 *(.data.$RamAHB_ETB16*)
                0x2000c000                . = ALIGN (0x4)

.uninit_RESERVED
                0x10000000        0x0
 *(.bss.$RESERVED*)
                0x10000000                . = ALIGN (0x4)
                0x10000000                _end_uninit_RESERVED = .

.data           0x10000000       0x44 load address 0x1a001ae8
 FILL mask 0xff
                0x10000000                _data = .
 *(vtable)
 *(.ramfunc*)
 *(.data*)
 .data.tickHookFunction
                0x10000000        0x4 out/libs/sapi/src/sapi_tick.o
                0x10000000                tickHookFunction
 .data.timer_dd
                0x10000004       0x40 out/libs/sapi/src/sapi_timer.o
                0x10000044                . = ALIGN (0x4)
                0x10000044                _edata = .

.igot.plt       0x10000044        0x0 load address 0x1a001b2c
 .igot.plt      0x00000000        0x0 out/app/src/gpioInterrupt.o

.bss_RAM2       0x10080000        0x0
 *(.bss.$RAM2*)
 *(.bss.$RamLoc40*)
                0x10080000                . = ALIGN (0x4)

.bss_RAM3       0x20000000        0x0
 *(.bss.$RAM3*)
 *(.bss.$RamAHB32*)
                0x20000000                . = ALIGN (0x4)

.bss_RAM4       0x20008000        0x0
 *(.bss.$RAM4*)
 *(.bss.$RamAHB16*)
                0x20008000                . = ALIGN (0x4)

.bss_RAM5       0x2000c000        0x0
 *(.bss.$RAM5*)
 *(.bss.$RamAHB_ETB16*)
                0x2000c000                . = ALIGN (0x4)

.bss            0x10000048       0x20
                0x10000048                _bss = .
 *(.bss*)
 .bss.audio_usb_pll_freq
                0x10000048        0x8 out/libs/lpc_chip_43xx/src/clock_18xx_43xx.o
 *(COMMON)
 COMMON         0x10000050        0x4 out/libs/lpc_chip_43xx/src/chip_18xx_43xx.o
                0x10000050                SystemCoreClock
 *fill*         0x10000054        0x4 
 COMMON         0x10000058       0x10 out/libs/sapi/src/sapi_tick.o
                0x10000058                tickCounter
                0x10000060                tickRateMS
                0x10000068                . = ALIGN (0x4)
                0x10000068                _ebss = .
                0x10000068                PROVIDE (end, .)

.noinit_RAM2    0x10080000        0x0
 *(.noinit.$RAM2*)
 *(.noinit.$RamLoc40*)
                0x10080000                . = ALIGN (0x4)

.noinit_RAM3    0x20000000        0x0
 *(.noinit.$RAM3*)
 *(.noinit.$RamAHB32*)
                0x20000000                . = ALIGN (0x4)

.noinit_RAM4    0x20008000        0x0
 *(.noinit.$RAM4*)
 *(.noinit.$RamAHB16*)
                0x20008000                . = ALIGN (0x4)

.noinit_RAM5    0x2000c000        0x0
 *(.noinit.$RAM5*)
 *(.noinit.$RamAHB_ETB16*)
                0x2000c000                . = ALIGN (0x4)

.noinit         0x10000068        0x0
                0x10000068                _noinit = .
 *(.noinit*)
                0x10000068                . = ALIGN (0x4)
                0x10000068                _end_noinit = .
                0x10000068                PROVIDE (_pvHeapStart, .)
                0x10008000                PROVIDE (_vStackTop, (__top_RamLoc32 - 0x0))
                0x53ff6c02                PROVIDE (__valid_user_code_checksum, (0x0 - ((((((_vStackTop + (ResetISR + 0x1)) + (NMI_Handler + 0x1)) + (HardFault_Handler + 0x1)) + (DEFINED (MemManage_Handler)?MemManage_Handler:0x0 + 0x1)) + (DEFINED (BusFault_Handler)?BusFault_Handler:0x0 + 0x1)) + (DEFINED (UsageFault_Handler)?UsageFault_Handler:0x0 + 0x1))))
OUTPUT(out/program.elf elf32-littlearm)

.debug_info     0x00000000     0xc565
 .debug_info    0x00000000      0x9e2 out/app/src/gpioInterrupt.o
 .debug_info    0x000009e2     0x1687 out/libs/lpc_chip_43xx/src/uart_18xx_43xx.o
 .debug_info    0x00002069      0xcc4 out/libs/lpc_chip_43xx/src/chip_18xx_43xx.o
 .debug_info    0x00002d2d     0x18f5 out/libs/lpc_chip_43xx/src/clock_18xx_43xx.o
 .debug_info    0x00004622      0x14c out/libs/lpc_chip_43xx/src/fpu_init.o
 .debug_info    0x0000476e      0x4b8 out/libs/lpc_chip_43xx/src/gpio_18xx_43xx.o
 .debug_info    0x00004c26      0xaf6 out/libs/lpc_chip_43xx/src/sysinit_18xx_43xx.o
 .debug_info    0x0000571c     0x18dc out/libs/lpc_board_ciaa_edu_4337/src/board.o
 .debug_info    0x00006ff8       0x3f out/libs/lpc_board_ciaa_edu_4337/src/crp.o
 .debug_info    0x00007037      0x2dd out/libs/lpc_board_ciaa_edu_4337/src/cr_startup_lpc43xx.o
 .debug_info    0x00007314       0xf8 out/libs/lpc_board_ciaa_edu_4337/src/sysinit.o
 .debug_info    0x0000740c      0xc83 out/libs/lpc_board_ciaa_edu_4337/src/board_sysinit.o
 .debug_info    0x0000808f      0xc0b out/libs/sapi/src/sapi_uart.o
 .debug_info    0x00008c9a       0xff out/libs/sapi/src/sapi_datatypes.o
 .debug_info    0x00008d99      0xc04 out/libs/sapi/src/sapi_tick.o
 .debug_info    0x0000999d     0x1427 out/libs/sapi/src/sapi_timer.o
 .debug_info    0x0000adc4      0x5ee out/libs/sapi/src/sapi_board.o
 .debug_info    0x0000b3b2     0x11b3 out/libs/sapi/src/sapi_gpio.o

.debug_abbrev   0x00000000     0x233b
 .debug_abbrev  0x00000000      0x240 out/app/src/gpioInterrupt.o
 .debug_abbrev  0x00000240      0x3ca out/libs/lpc_chip_43xx/src/uart_18xx_43xx.o
 .debug_abbrev  0x0000060a      0x1f6 out/libs/lpc_chip_43xx/src/chip_18xx_43xx.o
 .debug_abbrev  0x00000800      0x376 out/libs/lpc_chip_43xx/src/clock_18xx_43xx.o
 .debug_abbrev  0x00000b76       0xa2 out/libs/lpc_chip_43xx/src/fpu_init.o
 .debug_abbrev  0x00000c18      0x15a out/libs/lpc_chip_43xx/src/gpio_18xx_43xx.o
 .debug_abbrev  0x00000d72      0x20a out/libs/lpc_chip_43xx/src/sysinit_18xx_43xx.o
 .debug_abbrev  0x00000f7c      0x335 out/libs/lpc_board_ciaa_edu_4337/src/board.o
 .debug_abbrev  0x000012b1       0x36 out/libs/lpc_board_ciaa_edu_4337/src/crp.o
 .debug_abbrev  0x000012e7      0x12b out/libs/lpc_board_ciaa_edu_4337/src/cr_startup_lpc43xx.o
 .debug_abbrev  0x00001412       0xa0 out/libs/lpc_board_ciaa_edu_4337/src/sysinit.o
 .debug_abbrev  0x000014b2      0x225 out/libs/lpc_board_ciaa_edu_4337/src/board_sysinit.o
 .debug_abbrev  0x000016d7      0x2c0 out/libs/sapi/src/sapi_uart.o
 .debug_abbrev  0x00001997       0x84 out/libs/sapi/src/sapi_datatypes.o
 .debug_abbrev  0x00001a1b      0x22a out/libs/sapi/src/sapi_tick.o
 .debug_abbrev  0x00001c45      0x331 out/libs/sapi/src/sapi_timer.o
 .debug_abbrev  0x00001f76      0x115 out/libs/sapi/src/sapi_board.o
 .debug_abbrev  0x0000208b      0x2b0 out/libs/sapi/src/sapi_gpio.o

.debug_aranges  0x00000000      0x5d8
 .debug_aranges
                0x00000000       0x28 out/app/src/gpioInterrupt.o
 .debug_aranges
                0x00000028       0xa8 out/libs/lpc_chip_43xx/src/uart_18xx_43xx.o
 .debug_aranges
                0x000000d0       0x38 out/libs/lpc_chip_43xx/src/chip_18xx_43xx.o
 .debug_aranges
                0x00000108      0x128 out/libs/lpc_chip_43xx/src/clock_18xx_43xx.o
 .debug_aranges
                0x00000230       0x20 out/libs/lpc_chip_43xx/src/fpu_init.o
 .debug_aranges
                0x00000250       0x48 out/libs/lpc_chip_43xx/src/gpio_18xx_43xx.o
 .debug_aranges
                0x00000298       0x38 out/libs/lpc_chip_43xx/src/sysinit_18xx_43xx.o
 .debug_aranges
                0x000002d0       0x90 out/libs/lpc_board_ciaa_edu_4337/src/board.o
 .debug_aranges
                0x00000360       0x18 out/libs/lpc_board_ciaa_edu_4337/src/crp.o
 .debug_aranges
                0x00000378       0x80 out/libs/lpc_board_ciaa_edu_4337/src/cr_startup_lpc43xx.o
 .debug_aranges
                0x000003f8       0x20 out/libs/lpc_board_ciaa_edu_4337/src/sysinit.o
 .debug_aranges
                0x00000418       0x30 out/libs/lpc_board_ciaa_edu_4337/src/board_sysinit.o
 .debug_aranges
                0x00000448       0x60 out/libs/sapi/src/sapi_uart.o
 .debug_aranges
                0x000004a8       0x20 out/libs/sapi/src/sapi_datatypes.o
 .debug_aranges
                0x000004c8       0x38 out/libs/sapi/src/sapi_tick.o
 .debug_aranges
                0x00000500       0x78 out/libs/sapi/src/sapi_timer.o
 .debug_aranges
                0x00000578       0x20 out/libs/sapi/src/sapi_board.o
 .debug_aranges
                0x00000598       0x40 out/libs/sapi/src/sapi_gpio.o

.debug_ranges   0x00000000      0x4c8
 .debug_ranges  0x00000000       0x18 out/app/src/gpioInterrupt.o
 .debug_ranges  0x00000018       0xb0 out/libs/lpc_chip_43xx/src/uart_18xx_43xx.o
 .debug_ranges  0x000000c8       0x28 out/libs/lpc_chip_43xx/src/chip_18xx_43xx.o
 .debug_ranges  0x000000f0      0x118 out/libs/lpc_chip_43xx/src/clock_18xx_43xx.o
 .debug_ranges  0x00000208       0x10 out/libs/lpc_chip_43xx/src/fpu_init.o
 .debug_ranges  0x00000218       0x38 out/libs/lpc_chip_43xx/src/gpio_18xx_43xx.o
 .debug_ranges  0x00000250       0x28 out/libs/lpc_chip_43xx/src/sysinit_18xx_43xx.o
 .debug_ranges  0x00000278       0x80 out/libs/lpc_board_ciaa_edu_4337/src/board.o
 .debug_ranges  0x000002f8       0x70 out/libs/lpc_board_ciaa_edu_4337/src/cr_startup_lpc43xx.o
 .debug_ranges  0x00000368       0x10 out/libs/lpc_board_ciaa_edu_4337/src/sysinit.o
 .debug_ranges  0x00000378       0x20 out/libs/lpc_board_ciaa_edu_4337/src/board_sysinit.o
 .debug_ranges  0x00000398       0x50 out/libs/sapi/src/sapi_uart.o
 .debug_ranges  0x000003e8       0x10 out/libs/sapi/src/sapi_datatypes.o
 .debug_ranges  0x000003f8       0x28 out/libs/sapi/src/sapi_tick.o
 .debug_ranges  0x00000420       0x68 out/libs/sapi/src/sapi_timer.o
 .debug_ranges  0x00000488       0x10 out/libs/sapi/src/sapi_board.o
 .debug_ranges  0x00000498       0x30 out/libs/sapi/src/sapi_gpio.o

.debug_macro    0x00000000     0x858d
 .debug_macro   0x00000000      0x4d9 out/app/src/gpioInterrupt.o
 .debug_macro   0x000004d9      0x87a out/app/src/gpioInterrupt.o
 .debug_macro   0x00000d53       0x22 out/app/src/gpioInterrupt.o
 .debug_macro   0x00000d75       0x44 out/app/src/gpioInterrupt.o
 .debug_macro   0x00000db9       0x1c out/app/src/gpioInterrupt.o
 .debug_macro   0x00000dd5      0x1f7 out/app/src/gpioInterrupt.o
 .debug_macro   0x00000fcc       0x10 out/app/src/gpioInterrupt.o
 .debug_macro   0x00000fdc       0x22 out/app/src/gpioInterrupt.o
 .debug_macro   0x00000ffe       0x66 out/app/src/gpioInterrupt.o
 .debug_macro   0x00001064       0x28 out/app/src/gpioInterrupt.o
 .debug_macro   0x0000108c       0x3b out/app/src/gpioInterrupt.o
 .debug_macro   0x000010c7       0x2d out/app/src/gpioInterrupt.o
 .debug_macro   0x000010f4       0x42 out/app/src/gpioInterrupt.o
 .debug_macro   0x00001136      0xd39 out/app/src/gpioInterrupt.o
 .debug_macro   0x00001e6f      0x2bc out/app/src/gpioInterrupt.o
 .debug_macro   0x0000212b      0x112 out/app/src/gpioInterrupt.o
 .debug_macro   0x0000223d       0x11 out/app/src/gpioInterrupt.o
 .debug_macro   0x0000224e       0x2a out/app/src/gpioInterrupt.o
 .debug_macro   0x00002278       0x16 out/app/src/gpioInterrupt.o
 .debug_macro   0x0000228e      0x2e6 out/app/src/gpioInterrupt.o
 .debug_macro   0x00002574       0x82 out/app/src/gpioInterrupt.o
 .debug_macro   0x000025f6      0x13d out/app/src/gpioInterrupt.o
 .debug_macro   0x00002733      0x198 out/app/src/gpioInterrupt.o
 .debug_macro   0x000028cb       0x34 out/app/src/gpioInterrupt.o
 .debug_macro   0x000028ff       0x58 out/app/src/gpioInterrupt.o
 .debug_macro   0x00002957      0x236 out/app/src/gpioInterrupt.o
 .debug_macro   0x00002b8d      0x572 out/app/src/gpioInterrupt.o
 .debug_macro   0x000030ff       0x16 out/app/src/gpioInterrupt.o
 .debug_macro   0x00003115      0x18a out/app/src/gpioInterrupt.o
 .debug_macro   0x0000329f       0x88 out/app/src/gpioInterrupt.o
 .debug_macro   0x00003327      0x1b9 out/app/src/gpioInterrupt.o
 .debug_macro   0x000034e0      0x1da out/app/src/gpioInterrupt.o
 .debug_macro   0x000036ba       0x40 out/app/src/gpioInterrupt.o
 .debug_macro   0x000036fa       0x1c out/app/src/gpioInterrupt.o
 .debug_macro   0x00003716       0x2e out/app/src/gpioInterrupt.o
 .debug_macro   0x00003744       0x2e out/app/src/gpioInterrupt.o
 .debug_macro   0x00003772       0x22 out/app/src/gpioInterrupt.o
 .debug_macro   0x00003794      0x201 out/app/src/gpioInterrupt.o
 .debug_macro   0x00003995       0xe0 out/app/src/gpioInterrupt.o
 .debug_macro   0x00003a75      0x34c out/app/src/gpioInterrupt.o
 .debug_macro   0x00003dc1       0xdc out/app/src/gpioInterrupt.o
 .debug_macro   0x00003e9d       0xc4 out/app/src/gpioInterrupt.o
 .debug_macro   0x00003f61       0x94 out/app/src/gpioInterrupt.o
 .debug_macro   0x00003ff5       0xb8 out/app/src/gpioInterrupt.o
 .debug_macro   0x000040ad       0x4c out/app/src/gpioInterrupt.o
 .debug_macro   0x000040f9       0x16 out/app/src/gpioInterrupt.o
 .debug_macro   0x0000410f      0x328 out/app/src/gpioInterrupt.o
 .debug_macro   0x00004437       0x3a out/app/src/gpioInterrupt.o
 .debug_macro   0x00004471       0xd0 out/app/src/gpioInterrupt.o
 .debug_macro   0x00004541       0x18 out/app/src/gpioInterrupt.o
 .debug_macro   0x00004559       0x22 out/app/src/gpioInterrupt.o
 .debug_macro   0x0000457b       0x40 out/app/src/gpioInterrupt.o
 .debug_macro   0x000045bb       0x4c out/app/src/gpioInterrupt.o
 .debug_macro   0x00004607       0x58 out/app/src/gpioInterrupt.o
 .debug_macro   0x0000465f       0x35 out/app/src/gpioInterrupt.o
 .debug_macro   0x00004694       0x9c out/app/src/gpioInterrupt.o
 .debug_macro   0x00004730       0x16 out/app/src/gpioInterrupt.o
 .debug_macro   0x00004746       0x97 out/app/src/gpioInterrupt.o
 .debug_macro   0x000047dd      0x29d out/app/src/gpioInterrupt.o
 .debug_macro   0x00004a7a       0xef out/app/src/gpioInterrupt.o
 .debug_macro   0x00004b69       0x10 out/app/src/gpioInterrupt.o
 .debug_macro   0x00004b79       0x52 out/app/src/gpioInterrupt.o
 .debug_macro   0x00004bcb       0x16 out/app/src/gpioInterrupt.o
 .debug_macro   0x00004be1       0x43 out/app/src/gpioInterrupt.o
 .debug_macro   0x00004c24      0x180 out/app/src/gpioInterrupt.o
 .debug_macro   0x00004da4       0x10 out/app/src/gpioInterrupt.o
 .debug_macro   0x00004db4       0x22 out/app/src/gpioInterrupt.o
 .debug_macro   0x00004dd6       0xbd out/app/src/gpioInterrupt.o
 .debug_macro   0x00004e93       0x16 out/app/src/gpioInterrupt.o
 .debug_macro   0x00004ea9      0x196 out/app/src/gpioInterrupt.o
 .debug_macro   0x0000503f       0x20 out/app/src/gpioInterrupt.o
 .debug_macro   0x0000505f       0x28 out/app/src/gpioInterrupt.o
 .debug_macro   0x00005087       0x16 out/app/src/gpioInterrupt.o
 .debug_macro   0x0000509d       0x3a out/app/src/gpioInterrupt.o
 .debug_macro   0x000050d7       0x10 out/app/src/gpioInterrupt.o
 .debug_macro   0x000050e7       0x10 out/app/src/gpioInterrupt.o
 .debug_macro   0x000050f7       0x70 out/app/src/gpioInterrupt.o
 .debug_macro   0x00005167      0x2e9 out/libs/lpc_chip_43xx/src/uart_18xx_43xx.o
 .debug_macro   0x00005450      0x2e9 out/libs/lpc_chip_43xx/src/chip_18xx_43xx.o
 .debug_macro   0x00005739      0x2ef out/libs/lpc_chip_43xx/src/clock_18xx_43xx.o
 .debug_macro   0x00005a28       0xcf out/libs/lpc_chip_43xx/src/fpu_init.o
 .debug_macro   0x00005af7      0x2e9 out/libs/lpc_chip_43xx/src/gpio_18xx_43xx.o
 .debug_macro   0x00005de0      0x2e9 out/libs/lpc_chip_43xx/src/sysinit_18xx_43xx.o
 .debug_macro   0x000060c9      0x404 out/libs/lpc_board_ciaa_edu_4337/src/board.o
 .debug_macro   0x000064cd       0x46 out/libs/lpc_board_ciaa_edu_4337/src/board.o
 .debug_macro   0x00006513       0x16 out/libs/lpc_board_ciaa_edu_4337/src/board.o
 .debug_macro   0x00006529       0x17 out/libs/lpc_board_ciaa_edu_4337/src/crp.o
 .debug_macro   0x00006540       0x1d out/libs/lpc_board_ciaa_edu_4337/src/cr_startup_lpc43xx.o
 .debug_macro   0x0000655d      0x3e7 out/libs/lpc_board_ciaa_edu_4337/src/sysinit.o
 .debug_macro   0x00006944      0x3e7 out/libs/lpc_board_ciaa_edu_4337/src/board_sysinit.o
 .debug_macro   0x00006d2b      0x43c out/libs/sapi/src/sapi_uart.o
 .debug_macro   0x00007167       0x10 out/libs/sapi/src/sapi_uart.o
 .debug_macro   0x00007177      0x3f0 out/libs/sapi/src/sapi_datatypes.o
 .debug_macro   0x00007567      0x3fa out/libs/sapi/src/sapi_tick.o
 .debug_macro   0x00007961      0x410 out/libs/sapi/src/sapi_timer.o
 .debug_macro   0x00007d71      0x418 out/libs/sapi/src/sapi_board.o
 .debug_macro   0x00008189      0x404 out/libs/sapi/src/sapi_gpio.o

.debug_line     0x00000000     0x8056
 .debug_line    0x00000000      0x901 out/app/src/gpioInterrupt.o
 .debug_line    0x00000901      0x961 out/libs/lpc_chip_43xx/src/uart_18xx_43xx.o
 .debug_line    0x00001262      0x6cb out/libs/lpc_chip_43xx/src/chip_18xx_43xx.o
 .debug_line    0x0000192d      0xa74 out/libs/lpc_chip_43xx/src/clock_18xx_43xx.o
 .debug_line    0x000023a1      0x286 out/libs/lpc_chip_43xx/src/fpu_init.o
 .debug_line    0x00002627      0x6f0 out/libs/lpc_chip_43xx/src/gpio_18xx_43xx.o
 .debug_line    0x00002d17      0x73f out/libs/lpc_chip_43xx/src/sysinit_18xx_43xx.o
 .debug_line    0x00003456      0x90e out/libs/lpc_board_ciaa_edu_4337/src/board.o
 .debug_line    0x00003d64       0x47 out/libs/lpc_board_ciaa_edu_4337/src/crp.o
 .debug_line    0x00003dab      0x11c out/libs/lpc_board_ciaa_edu_4337/src/cr_startup_lpc43xx.o
 .debug_line    0x00003ec7      0x76e out/libs/lpc_board_ciaa_edu_4337/src/sysinit.o
 .debug_line    0x00004635      0x7c3 out/libs/lpc_board_ciaa_edu_4337/src/board_sysinit.o
 .debug_line    0x00004df8      0x908 out/libs/sapi/src/sapi_uart.o
 .debug_line    0x00005700      0x781 out/libs/sapi/src/sapi_datatypes.o
 .debug_line    0x00005e81      0x7e3 out/libs/sapi/src/sapi_tick.o
 .debug_line    0x00006664      0x977 out/libs/sapi/src/sapi_timer.o
 .debug_line    0x00006fdb      0x7e1 out/libs/sapi/src/sapi_board.o
 .debug_line    0x000077bc      0x89a out/libs/sapi/src/sapi_gpio.o

.debug_str      0x00000000    0x1aaa4
 .debug_str     0x00000000    0x17e98 out/app/src/gpioInterrupt.o
                              0x18150 (size before relaxing)
 .debug_str     0x00017e98      0xede out/libs/lpc_chip_43xx/src/uart_18xx_43xx.o
                              0x1527f (size before relaxing)
 .debug_str     0x00018d76      0x37a out/libs/lpc_chip_43xx/src/chip_18xx_43xx.o
                              0x151dc (size before relaxing)
 .debug_str     0x000190f0      0x501 out/libs/lpc_chip_43xx/src/clock_18xx_43xx.o
                              0x15645 (size before relaxing)
 .debug_str     0x000195f1       0xc5 out/libs/lpc_chip_43xx/src/fpu_init.o
                               0x8c50 (size before relaxing)
 .debug_str     0x000196b6      0x14a out/libs/lpc_chip_43xx/src/gpio_18xx_43xx.o
                              0x144bd (size before relaxing)
 .debug_str     0x00019800       0xf1 out/libs/lpc_chip_43xx/src/sysinit_18xx_43xx.o
                              0x150cd (size before relaxing)
 .debug_str     0x000198f1      0x56d out/libs/lpc_board_ciaa_edu_4337/src/board.o
                              0x187c7 (size before relaxing)
 .debug_str     0x00019e5e       0x46 out/libs/lpc_board_ciaa_edu_4337/src/crp.o
                               0x24cd (size before relaxing)
 .debug_str     0x00019ea4      0x1f8 out/libs/lpc_board_ciaa_edu_4337/src/cr_startup_lpc43xx.o
                               0x26a3 (size before relaxing)
 .debug_str     0x0001a09c       0x46 out/libs/lpc_board_ciaa_edu_4337/src/sysinit.o
                              0x17580 (size before relaxing)
 .debug_str     0x0001a0e2       0xce out/libs/lpc_board_ciaa_edu_4337/src/board_sysinit.o
                              0x1836d (size before relaxing)
 .debug_str     0x0001a1b0      0x2bd out/libs/sapi/src/sapi_uart.o
                              0x17a81 (size before relaxing)
 .debug_str     0x0001a46d       0x30 out/libs/sapi/src/sapi_datatypes.o
                              0x175b8 (size before relaxing)
 .debug_str     0x0001a49d      0x131 out/libs/sapi/src/sapi_tick.o
                              0x184c8 (size before relaxing)
 .debug_str     0x0001a5ce      0x3e2 out/libs/sapi/src/sapi_timer.o
                              0x18800 (size before relaxing)
 .debug_str     0x0001a9b0       0x1b out/libs/sapi/src/sapi_board.o
                              0x1780f (size before relaxing)
 .debug_str     0x0001a9cb       0xd9 out/libs/sapi/src/sapi_gpio.o
                              0x183b6 (size before relaxing)

.comment        0x00000000       0x70
 .comment       0x00000000       0x70 out/app/src/gpioInterrupt.o
                                 0x71 (size before relaxing)
 .comment       0x00000000       0x71 out/libs/lpc_chip_43xx/src/uart_18xx_43xx.o
 .comment       0x00000000       0x71 out/libs/lpc_chip_43xx/src/chip_18xx_43xx.o
 .comment       0x00000000       0x71 out/libs/lpc_chip_43xx/src/clock_18xx_43xx.o
 .comment       0x00000000       0x71 out/libs/lpc_chip_43xx/src/fpu_init.o
 .comment       0x00000000       0x71 out/libs/lpc_chip_43xx/src/gpio_18xx_43xx.o
 .comment       0x00000000       0x71 out/libs/lpc_chip_43xx/src/sysinit_18xx_43xx.o
 .comment       0x00000000       0x71 out/libs/lpc_board_ciaa_edu_4337/src/board.o
 .comment       0x00000000       0x71 out/libs/lpc_board_ciaa_edu_4337/src/crp.o
 .comment       0x00000000       0x71 out/libs/lpc_board_ciaa_edu_4337/src/cr_startup_lpc43xx.o
 .comment       0x00000000       0x71 out/libs/lpc_board_ciaa_edu_4337/src/sysinit.o
 .comment       0x00000000       0x71 out/libs/lpc_board_ciaa_edu_4337/src/board_sysinit.o
 .comment       0x00000000       0x71 out/libs/sapi/src/sapi_uart.o
 .comment       0x00000000       0x71 out/libs/sapi/src/sapi_datatypes.o
 .comment       0x00000000       0x71 out/libs/sapi/src/sapi_tick.o
 .comment       0x00000000       0x71 out/libs/sapi/src/sapi_timer.o
 .comment       0x00000000       0x71 out/libs/sapi/src/sapi_board.o
 .comment       0x00000000       0x71 out/libs/sapi/src/sapi_gpio.o

.ARM.attributes
                0x00000000       0x39
 .ARM.attributes
                0x00000000       0x39 out/app/src/gpioInterrupt.o
 .ARM.attributes
                0x00000039       0x39 out/libs/lpc_chip_43xx/src/uart_18xx_43xx.o
 .ARM.attributes
                0x00000072       0x39 out/libs/lpc_chip_43xx/src/chip_18xx_43xx.o
 .ARM.attributes
                0x000000ab       0x39 out/libs/lpc_chip_43xx/src/clock_18xx_43xx.o
 .ARM.attributes
                0x000000e4       0x39 out/libs/lpc_chip_43xx/src/fpu_init.o
 .ARM.attributes
                0x0000011d       0x39 out/libs/lpc_chip_43xx/src/gpio_18xx_43xx.o
 .ARM.attributes
                0x00000156       0x39 out/libs/lpc_chip_43xx/src/sysinit_18xx_43xx.o
 .ARM.attributes
                0x0000018f       0x39 out/libs/lpc_board_ciaa_edu_4337/src/board.o
 .ARM.attributes
                0x000001c8       0x39 out/libs/lpc_board_ciaa_edu_4337/src/crp.o
 .ARM.attributes
                0x00000201       0x39 out/libs/lpc_board_ciaa_edu_4337/src/cr_startup_lpc43xx.o
 .ARM.attributes
                0x0000023a       0x39 out/libs/lpc_board_ciaa_edu_4337/src/sysinit.o
 .ARM.attributes
                0x00000273       0x39 out/libs/lpc_board_ciaa_edu_4337/src/board_sysinit.o
 .ARM.attributes
                0x000002ac       0x39 out/libs/sapi/src/sapi_uart.o
 .ARM.attributes
                0x000002e5       0x39 out/libs/sapi/src/sapi_datatypes.o
 .ARM.attributes
                0x0000031e       0x39 out/libs/sapi/src/sapi_tick.o
 .ARM.attributes
                0x00000357       0x39 out/libs/sapi/src/sapi_timer.o
 .ARM.attributes
                0x00000390       0x39 out/libs/sapi/src/sapi_board.o
 .ARM.attributes
                0x000003c9       0x39 out/libs/sapi/src/sapi_gpio.o
 .ARM.attributes
                0x00000402       0x22 /home/eric/ciaa-ide/gcc-arm-none-eabi-4_9-2015q1/bin/../lib/gcc/arm-none-eabi/4.9.3/armv7e-m/fpu/libgcc.a(_aeabi_uldivmod.o)
 .ARM.attributes
                0x00000424       0x34 /home/eric/ciaa-ide/gcc-arm-none-eabi-4_9-2015q1/bin/../lib/gcc/arm-none-eabi/4.9.3/armv7e-m/fpu/libgcc.a(bpabi.o)
 .ARM.attributes
                0x00000458       0x22 /home/eric/ciaa-ide/gcc-arm-none-eabi-4_9-2015q1/bin/../lib/gcc/arm-none-eabi/4.9.3/armv7e-m/fpu/libgcc.a(_dvmd_tls.o)
 .ARM.attributes
                0x0000047a       0x34 /home/eric/ciaa-ide/gcc-arm-none-eabi-4_9-2015q1/bin/../lib/gcc/arm-none-eabi/4.9.3/armv7e-m/fpu/libgcc.a(_divdi3.o)
 .ARM.attributes
                0x000004ae       0x34 /home/eric/ciaa-ide/gcc-arm-none-eabi-4_9-2015q1/bin/../lib/gcc/arm-none-eabi/4.9.3/armv7e-m/fpu/libgcc.a(_udivdi3.o)
 .ARM.attributes
                0x000004e2       0x34 /home/eric/ciaa-ide/gcc-arm-none-eabi-4_9-2015q1/bin/../lib/gcc/arm-none-eabi/4.9.3/../../../../arm-none-eabi/lib/armv7e-m/fpu/libc_nano.a(lib_a-memset.o)

.debug_frame    0x00000000      0xdc8
 .debug_frame   0x00000000       0x40 out/app/src/gpioInterrupt.o
 .debug_frame   0x00000040      0x1ec out/libs/lpc_chip_43xx/src/uart_18xx_43xx.o
 .debug_frame   0x0000022c       0x70 out/libs/lpc_chip_43xx/src/chip_18xx_43xx.o
 .debug_frame   0x0000029c      0x310 out/libs/lpc_chip_43xx/src/clock_18xx_43xx.o
 .debug_frame   0x000005ac       0x28 out/libs/lpc_chip_43xx/src/fpu_init.o
 .debug_frame   0x000005d4       0x88 out/libs/lpc_chip_43xx/src/gpio_18xx_43xx.o
 .debug_frame   0x0000065c       0x7c out/libs/lpc_chip_43xx/src/sysinit_18xx_43xx.o
 .debug_frame   0x000006d8      0x138 out/libs/lpc_board_ciaa_edu_4337/src/board.o
 .debug_frame   0x00000810       0xf4 out/libs/lpc_board_ciaa_edu_4337/src/cr_startup_lpc43xx.o
 .debug_frame   0x00000904       0x28 out/libs/lpc_board_ciaa_edu_4337/src/sysinit.o
 .debug_frame   0x0000092c       0x5c out/libs/lpc_board_ciaa_edu_4337/src/board_sysinit.o
 .debug_frame   0x00000988       0xd8 out/libs/sapi/src/sapi_uart.o
 .debug_frame   0x00000a60       0x20 out/libs/sapi/src/sapi_datatypes.o
 .debug_frame   0x00000a80       0x60 out/libs/sapi/src/sapi_tick.o
 .debug_frame   0x00000ae0      0x124 out/libs/sapi/src/sapi_timer.o
 .debug_frame   0x00000c04       0x28 out/libs/sapi/src/sapi_board.o
 .debug_frame   0x00000c2c       0xa0 out/libs/sapi/src/sapi_gpio.o
 .debug_frame   0x00000ccc       0x28 /home/eric/ciaa-ide/gcc-arm-none-eabi-4_9-2015q1/bin/../lib/gcc/arm-none-eabi/4.9.3/armv7e-m/fpu/libgcc.a(_aeabi_uldivmod.o)
 .debug_frame   0x00000cf4       0x50 /home/eric/ciaa-ide/gcc-arm-none-eabi-4_9-2015q1/bin/../lib/gcc/arm-none-eabi/4.9.3/armv7e-m/fpu/libgcc.a(bpabi.o)
 .debug_frame   0x00000d44       0x34 /home/eric/ciaa-ide/gcc-arm-none-eabi-4_9-2015q1/bin/../lib/gcc/arm-none-eabi/4.9.3/armv7e-m/fpu/libgcc.a(_divdi3.o)
 .debug_frame   0x00000d78       0x30 /home/eric/ciaa-ide/gcc-arm-none-eabi-4_9-2015q1/bin/../lib/gcc/arm-none-eabi/4.9.3/armv7e-m/fpu/libgcc.a(_udivdi3.o)
 .debug_frame   0x00000da8       0x20 /home/eric/ciaa-ide/gcc-arm-none-eabi-4_9-2015q1/bin/../lib/gcc/arm-none-eabi/4.9.3/../../../../arm-none-eabi/lib/armv7e-m/fpu/libc_nano.a(lib_a-memset.o)

.debug_loc      0x00000000     0x3e6d
 .debug_loc     0x00000000      0xc82 out/libs/lpc_chip_43xx/src/uart_18xx_43xx.o
 .debug_loc     0x00000c82     0x12ce out/libs/lpc_chip_43xx/src/clock_18xx_43xx.o
 .debug_loc     0x00001f50       0x1f out/libs/lpc_chip_43xx/src/fpu_init.o
 .debug_loc     0x00001f6f      0x35b out/libs/lpc_chip_43xx/src/gpio_18xx_43xx.o
 .debug_loc     0x000022ca      0x110 out/libs/lpc_chip_43xx/src/sysinit_18xx_43xx.o
 .debug_loc     0x000023da      0x3f5 out/libs/lpc_board_ciaa_edu_4337/src/board.o
 .debug_loc     0x000027cf      0x1f0 out/libs/lpc_board_ciaa_edu_4337/src/cr_startup_lpc43xx.o
 .debug_loc     0x000029bf       0x97 out/libs/lpc_board_ciaa_edu_4337/src/board_sysinit.o
 .debug_loc     0x00002a56      0x490 out/libs/sapi/src/sapi_uart.o
 .debug_loc     0x00002ee6       0x21 out/libs/sapi/src/sapi_datatypes.o
 .debug_loc     0x00002f07      0x129 out/libs/sapi/src/sapi_tick.o
 .debug_loc     0x00003030      0x76a out/libs/sapi/src/sapi_timer.o
 .debug_loc     0x0000379a      0x6d3 out/libs/sapi/src/sapi_gpio.o

Cross Reference Table

Symbol                                            File
ADC0_IRQHandler                                   out/libs/lpc_board_ciaa_edu_4337/src/cr_startup_lpc43xx.o
ADC1_IRQHandler                                   out/libs/lpc_board_ciaa_edu_4337/src/cr_startup_lpc43xx.o
ADCHS_IRQHandler                                  out/libs/lpc_board_ciaa_edu_4337/src/cr_startup_lpc43xx.o
ATIMER_IRQHandler                                 out/libs/lpc_board_ciaa_edu_4337/src/cr_startup_lpc43xx.o
Board_DAC_Init                                    out/libs/lpc_board_ciaa_edu_4337/src/board.o
Board_Debug_Init                                  out/libs/lpc_board_ciaa_edu_4337/src/board.o
Board_ENET_GetMacADDR                             out/libs/lpc_board_ciaa_edu_4337/src/board.o
Board_I2C_Init                                    out/libs/lpc_board_ciaa_edu_4337/src/board.o
Board_Init                                        out/libs/lpc_board_ciaa_edu_4337/src/board.o
                                                  out/libs/sapi/src/sapi_board.o
Board_LED_Set                                     out/libs/lpc_board_ciaa_edu_4337/src/board.o
Board_LED_Test                                    out/libs/lpc_board_ciaa_edu_4337/src/board.o
Board_LED_Toggle                                  out/libs/lpc_board_ciaa_edu_4337/src/board.o
Board_SDMMC_Init                                  out/libs/lpc_board_ciaa_edu_4337/src/board.o
Board_SSP_Init                                    out/libs/lpc_board_ciaa_edu_4337/src/board.o
Board_SetupClocking                               out/libs/lpc_board_ciaa_edu_4337/src/board_sysinit.o
Board_SetupMuxing                                 out/libs/lpc_board_ciaa_edu_4337/src/board_sysinit.o
Board_SystemInit                                  out/libs/lpc_board_ciaa_edu_4337/src/board_sysinit.o
                                                  out/libs/lpc_board_ciaa_edu_4337/src/sysinit.o
Board_UARTGetChar                                 out/libs/lpc_board_ciaa_edu_4337/src/board.o
                                                  out/libs/lpc_board_ciaa_edu_4337/src/system.o
Board_UARTPutChar                                 out/libs/lpc_board_ciaa_edu_4337/src/board.o
                                                  out/libs/lpc_board_ciaa_edu_4337/src/system.o
Board_UARTPutSTR                                  out/libs/lpc_board_ciaa_edu_4337/src/board.o
Board_UART_Init                                   out/libs/lpc_board_ciaa_edu_4337/src/board.o
BusFault_Handler                                  out/libs/lpc_board_ciaa_edu_4337/src/cr_startup_lpc43xx.o
CAN0_IRQHandler                                   out/libs/lpc_board_ciaa_edu_4337/src/cr_startup_lpc43xx.o
CAN1_IRQHandler                                   out/libs/lpc_board_ciaa_edu_4337/src/cr_startup_lpc43xx.o
CRP_WORD                                          out/libs/lpc_board_ciaa_edu_4337/src/crp.o
Chip_ADC_DeInit                                   out/libs/lpc_chip_43xx/src/adc_18xx_43xx.o
                                                  out/libs/sapi/src/sapi_adc.o
Chip_ADC_EnableChannel                            out/libs/lpc_chip_43xx/src/adc_18xx_43xx.o
                                                  out/libs/sapi/src/sapi_adc.o
Chip_ADC_Init                                     out/libs/lpc_chip_43xx/src/adc_18xx_43xx.o
                                                  out/libs/sapi/src/sapi_adc.o
Chip_ADC_Int_SetChannelCmd                        out/libs/lpc_chip_43xx/src/adc_18xx_43xx.o
                                                  out/libs/sapi/src/sapi_adc.o
Chip_ADC_ReadByte                                 out/libs/lpc_chip_43xx/src/adc_18xx_43xx.o
Chip_ADC_ReadStatus                               out/libs/lpc_chip_43xx/src/adc_18xx_43xx.o
                                                  out/libs/sapi/src/sapi_adc.o
Chip_ADC_ReadValue                                out/libs/lpc_chip_43xx/src/adc_18xx_43xx.o
                                                  out/libs/sapi/src/sapi_adc.o
Chip_ADC_SetBurstCmd                              out/libs/lpc_chip_43xx/src/adc_18xx_43xx.o
                                                  out/libs/sapi/src/sapi_adc.o
Chip_ADC_SetResolution                            out/libs/lpc_chip_43xx/src/adc_18xx_43xx.o
Chip_ADC_SetSampleRate                            out/libs/lpc_chip_43xx/src/adc_18xx_43xx.o
                                                  out/libs/sapi/src/sapi_adc.o
Chip_ADC_SetStartMode                             out/libs/lpc_chip_43xx/src/adc_18xx_43xx.o
                                                  out/libs/sapi/src/sapi_adc.o
Chip_AES_Config_DMA                               out/libs/lpc_chip_43xx/src/aes_18xx_43xx.o
Chip_AES_GetStatusDMA                             out/libs/lpc_chip_43xx/src/aes_18xx_43xx.o
Chip_AES_Init                                     out/libs/lpc_chip_43xx/src/aes_18xx_43xx.o
Chip_AES_LoadIV_IC                                out/libs/lpc_chip_43xx/src/aes_18xx_43xx.o
Chip_AES_LoadIV_SW                                out/libs/lpc_chip_43xx/src/aes_18xx_43xx.o
Chip_AES_LoadKey                                  out/libs/lpc_chip_43xx/src/aes_18xx_43xx.o
Chip_AES_LoadKeyRNG                               out/libs/lpc_chip_43xx/src/aes_18xx_43xx.o
Chip_AES_LoadKeySW                                out/libs/lpc_chip_43xx/src/aes_18xx_43xx.o
Chip_AES_Operate                                  out/libs/lpc_chip_43xx/src/aes_18xx_43xx.o
Chip_AES_OperateDMA                               out/libs/lpc_chip_43xx/src/aes_18xx_43xx.o
Chip_AES_ProgramKey                               out/libs/lpc_chip_43xx/src/aes_18xx_43xx.o
Chip_AES_SetMode                                  out/libs/lpc_chip_43xx/src/aes_18xx_43xx.o
Chip_ATIMER_DeInit                                out/libs/lpc_chip_43xx/src/atimer_18xx_43xx.o
Chip_ATIMER_Init                                  out/libs/lpc_chip_43xx/src/atimer_18xx_43xx.o
Chip_CCAN_AddReceiveID                            out/libs/lpc_chip_43xx/src/ccan_18xx_43xx.o
Chip_CCAN_ClearStatus                             out/libs/lpc_chip_43xx/src/ccan_18xx_43xx.o
Chip_CCAN_DeInit                                  out/libs/lpc_chip_43xx/src/ccan_18xx_43xx.o
Chip_CCAN_DeleteReceiveID                         out/libs/lpc_chip_43xx/src/ccan_18xx_43xx.o
Chip_CCAN_GetMsgObject                            out/libs/lpc_chip_43xx/src/ccan_18xx_43xx.o
Chip_CCAN_Init                                    out/libs/lpc_chip_43xx/src/ccan_18xx_43xx.o
Chip_CCAN_Send                                    out/libs/lpc_chip_43xx/src/ccan_18xx_43xx.o
Chip_CCAN_SetBitRate                              out/libs/lpc_chip_43xx/src/ccan_18xx_43xx.o
Chip_CCAN_SetMsgObject                            out/libs/lpc_chip_43xx/src/ccan_18xx_43xx.o
Chip_CCAN_SetValidMsg                             out/libs/lpc_chip_43xx/src/ccan_18xx_43xx.o
Chip_CCAN_TransferMsgObject                       out/libs/lpc_chip_43xx/src/ccan_18xx_43xx.o
Chip_Clock_CalcMainPLLValue                       out/libs/lpc_chip_43xx/src/clock_18xx_43xx.o
                                                  out/libs/lpc_chip_43xx/src/sysinit_18xx_43xx.o
Chip_Clock_ClearPowerDown                         out/libs/lpc_chip_43xx/src/clock_18xx_43xx.o
Chip_Clock_Disable                                out/libs/lpc_chip_43xx/src/clock_18xx_43xx.o
                                                  out/libs/lpc_chip_43xx/src/i2c_18xx_43xx.o
                                                  out/libs/lpc_chip_43xx/src/ssp_18xx_43xx.o
                                                  out/libs/lpc_chip_43xx/src/enet_18xx_43xx.o
                                                  out/libs/lpc_chip_43xx/src/gpdma_18xx_43xx.o
                                                  out/libs/lpc_chip_43xx/src/i2s_18xx_43xx.o
                                                  out/libs/lpc_chip_43xx/src/spi_18xx_43xx.o
                                                  out/libs/lpc_chip_43xx/src/ritimer_18xx_43xx.o
                                                  out/libs/lpc_chip_43xx/src/sct_18xx_43xx.o
                                                  out/libs/lpc_chip_43xx/src/hsadc_18xx_43xx.o
                                                  out/libs/lpc_chip_43xx/src/i2cm_18xx_43xx.o
                                                  out/libs/lpc_chip_43xx/src/timer_18xx_43xx.o
                                                  out/libs/lpc_chip_43xx/src/sdif_18xx_43xx.o
                                                  out/libs/lpc_chip_43xx/src/adc_18xx_43xx.o
                                                  out/libs/lpc_chip_43xx/src/uart_18xx_43xx.o
                                                  out/libs/lpc_chip_43xx/src/lcd_18xx_43xx.o
                                                  out/libs/lpc_chip_43xx/src/dac_18xx_43xx.o
                                                  out/libs/lpc_chip_43xx/src/ccan_18xx_43xx.o
Chip_Clock_DisableBaseClock                       out/libs/lpc_chip_43xx/src/clock_18xx_43xx.o
Chip_Clock_DisableCrystal                         out/libs/lpc_chip_43xx/src/clock_18xx_43xx.o
Chip_Clock_DisablePLL                             out/libs/lpc_chip_43xx/src/clock_18xx_43xx.o
Chip_Clock_Enable                                 out/libs/lpc_chip_43xx/src/clock_18xx_43xx.o
                                                  out/libs/lpc_chip_43xx/src/i2c_18xx_43xx.o
                                                  out/libs/lpc_chip_43xx/src/ssp_18xx_43xx.o
                                                  out/libs/lpc_chip_43xx/src/i2s_18xx_43xx.o
                                                  out/libs/lpc_chip_43xx/src/spi_18xx_43xx.o
                                                  out/libs/lpc_chip_43xx/src/hsadc_18xx_43xx.o
                                                  out/libs/lpc_chip_43xx/src/i2cm_18xx_43xx.o
                                                  out/libs/lpc_chip_43xx/src/timer_18xx_43xx.o
Chip_Clock_EnableBaseClock                        out/libs/lpc_chip_43xx/src/clock_18xx_43xx.o
                                                  out/libs/lpc_chip_43xx/src/chip_18xx_43xx.o
Chip_Clock_EnableCrystal                          out/libs/lpc_chip_43xx/src/clock_18xx_43xx.o
                                                  out/libs/lpc_chip_43xx/src/sysinit_18xx_43xx.o
Chip_Clock_EnableOpts                             out/libs/lpc_chip_43xx/src/clock_18xx_43xx.o
                                                  out/libs/lpc_chip_43xx/src/enet_18xx_43xx.o
                                                  out/libs/lpc_chip_43xx/src/gpdma_18xx_43xx.o
                                                  out/libs/lpc_chip_43xx/src/ritimer_18xx_43xx.o
                                                  out/libs/lpc_chip_43xx/src/sct_18xx_43xx.o
                                                  out/libs/lpc_chip_43xx/src/hsadc_18xx_43xx.o
                                                  out/libs/lpc_chip_43xx/src/sdif_18xx_43xx.o
                                                  out/libs/lpc_chip_43xx/src/chip_18xx_43xx.o
                                                  out/libs/lpc_chip_43xx/src/adc_18xx_43xx.o
                                                  out/libs/lpc_chip_43xx/src/uart_18xx_43xx.o
                                                  out/libs/lpc_chip_43xx/src/lcd_18xx_43xx.o
                                                  out/libs/lpc_chip_43xx/src/dac_18xx_43xx.o
                                                  out/libs/lpc_chip_43xx/src/ccan_18xx_43xx.o
Chip_Clock_EnablePLL                              out/libs/lpc_chip_43xx/src/clock_18xx_43xx.o
                                                  out/libs/lpc_chip_43xx/src/chip_18xx_43xx.o
Chip_Clock_GetBaseClock                           out/libs/lpc_chip_43xx/src/clock_18xx_43xx.o
Chip_Clock_GetBaseClockOpts                       out/libs/lpc_chip_43xx/src/clock_18xx_43xx.o
Chip_Clock_GetBaseClocktHz                        out/libs/lpc_chip_43xx/src/clock_18xx_43xx.o
                                                  out/libs/lpc_chip_43xx/src/sdio_18xx_43xx.o
                                                  out/libs/lpc_chip_43xx/src/sdmmc_18xx_43xx.o
Chip_Clock_GetClockInputHz                        out/libs/lpc_chip_43xx/src/clock_18xx_43xx.o
                                                  out/libs/lpc_chip_43xx/src/chip_18xx_43xx.o
Chip_Clock_GetDividerDivisor                      out/libs/lpc_chip_43xx/src/clock_18xx_43xx.o
Chip_Clock_GetDividerSource                       out/libs/lpc_chip_43xx/src/clock_18xx_43xx.o
Chip_Clock_GetEMCRate                             out/libs/lpc_chip_43xx/src/clock_18xx_43xx.o
                                                  out/libs/lpc_chip_43xx/src/emc_18xx_43xx.o
Chip_Clock_GetMainPLLHz                           out/libs/lpc_chip_43xx/src/clock_18xx_43xx.o
Chip_Clock_GetPLLStatus                           out/libs/lpc_chip_43xx/src/clock_18xx_43xx.o
                                                  out/libs/lpc_chip_43xx/src/chip_18xx_43xx.o
Chip_Clock_GetRate                                out/libs/lpc_chip_43xx/src/clock_18xx_43xx.o
                                                  out/libs/lpc_chip_43xx/src/i2c_18xx_43xx.o
                                                  out/libs/lpc_chip_43xx/src/ssp_18xx_43xx.o
                                                  out/libs/lpc_chip_43xx/src/sct_pwm_18xx_43xx.o
                                                  out/libs/lpc_chip_43xx/src/i2s_18xx_43xx.o
                                                  out/libs/lpc_chip_43xx/src/spi_18xx_43xx.o
                                                  out/libs/lpc_chip_43xx/src/ritimer_18xx_43xx.o
                                                  out/libs/lpc_chip_43xx/src/eeprom_18xx_43xx.o
                                                  out/libs/lpc_chip_43xx/src/hsadc_18xx_43xx.o
                                                  out/libs/lpc_chip_43xx/src/i2cm_18xx_43xx.o
                                                  out/libs/lpc_chip_43xx/src/chip_18xx_43xx.o
                                                  out/libs/lpc_chip_43xx/src/stopwatch_18xx_43xx.o
                                                  out/libs/lpc_chip_43xx/src/adc_18xx_43xx.o
                                                  out/libs/lpc_chip_43xx/src/uart_18xx_43xx.o
                                                  out/libs/lpc_chip_43xx/src/ccan_18xx_43xx.o
Chip_Clock_IsBaseClockEnabled                     out/libs/lpc_chip_43xx/src/clock_18xx_43xx.o
Chip_Clock_RTCEnable                              out/libs/lpc_chip_43xx/src/clock_18xx_43xx.o
                                                  out/libs/lpc_chip_43xx/src/rtc_18xx_43xx.o
Chip_Clock_SetBaseClock                           out/libs/lpc_chip_43xx/src/clock_18xx_43xx.o
                                                  out/libs/lpc_board_ciaa_edu_4337/src/board_sysinit.o
                                                  out/libs/lpc_chip_43xx/src/sysinit_18xx_43xx.o
                                                  out/libs/lpc_chip_43xx/src/chip_18xx_43xx.o
Chip_Clock_SetDivider                             out/libs/lpc_chip_43xx/src/clock_18xx_43xx.o
                                                  out/libs/lpc_chip_43xx/src/chip_18xx_43xx.o
Chip_Clock_SetupMainPLLHz                         out/libs/lpc_chip_43xx/src/clock_18xx_43xx.o
Chip_Clock_SetupMainPLLMult                       out/libs/lpc_chip_43xx/src/clock_18xx_43xx.o
Chip_Clock_SetupPLL                               out/libs/lpc_chip_43xx/src/clock_18xx_43xx.o
                                                  out/libs/lpc_chip_43xx/src/chip_18xx_43xx.o
Chip_Clock_StartPowerDown                         out/libs/lpc_chip_43xx/src/clock_18xx_43xx.o
Chip_DAC_DeInit                                   out/libs/lpc_chip_43xx/src/dac_18xx_43xx.o
                                                  out/libs/sapi/src/sapi_dac.o
Chip_DAC_Init                                     out/libs/lpc_chip_43xx/src/dac_18xx_43xx.o
                                                  out/libs/sapi/src/sapi_dac.o
Chip_DAC_SetBias                                  out/libs/lpc_chip_43xx/src/dac_18xx_43xx.o
Chip_DAC_UpdateValue                              out/libs/lpc_chip_43xx/src/dac_18xx_43xx.o
                                                  out/libs/sapi/src/sapi_dac.o
Chip_EEPROM_EraseProgramPage                      out/libs/lpc_chip_43xx/src/eeprom_18xx_43xx.o
Chip_EEPROM_Init                                  out/libs/lpc_chip_43xx/src/eeprom_18xx_43xx.o
Chip_EEPROM_WaitForIntStatus                      out/libs/lpc_chip_43xx/src/eeprom_18xx_43xx.o
Chip_EMC_Dynamic_Enable                           out/libs/lpc_chip_43xx/src/emc_18xx_43xx.o
Chip_EMC_Dynamic_Init                             out/libs/lpc_chip_43xx/src/emc_18xx_43xx.o
Chip_EMC_Enable                                   out/libs/lpc_chip_43xx/src/emc_18xx_43xx.o
Chip_EMC_Init                                     out/libs/lpc_chip_43xx/src/emc_18xx_43xx.o
Chip_EMC_LowPowerMode                             out/libs/lpc_chip_43xx/src/emc_18xx_43xx.o
Chip_EMC_Mirror                                   out/libs/lpc_chip_43xx/src/emc_18xx_43xx.o
Chip_EMC_Static_Init                              out/libs/lpc_chip_43xx/src/emc_18xx_43xx.o
Chip_ENET_DeInit                                  out/libs/lpc_chip_43xx/src/enet_18xx_43xx.o
Chip_ENET_Init                                    out/libs/lpc_chip_43xx/src/enet_18xx_43xx.o
Chip_ENET_SetDuplex                               out/libs/lpc_chip_43xx/src/enet_18xx_43xx.o
Chip_ENET_SetSpeed                                out/libs/lpc_chip_43xx/src/enet_18xx_43xx.o
Chip_ENET_SetupMII                                out/libs/lpc_chip_43xx/src/enet_18xx_43xx.o
Chip_ENET_StartMIIRead                            out/libs/lpc_chip_43xx/src/enet_18xx_43xx.o
Chip_ENET_StartMIIWrite                           out/libs/lpc_chip_43xx/src/enet_18xx_43xx.o
Chip_EVRT_ConfigIntSrcActiveType                  out/libs/lpc_chip_43xx/src/evrt_18xx_43xx.o
Chip_EVRT_Init                                    out/libs/lpc_chip_43xx/src/evrt_18xx_43xx.o
Chip_EVRT_IsSourceInterrupting                    out/libs/lpc_chip_43xx/src/evrt_18xx_43xx.o
Chip_EVRT_SetUpIntSrc                             out/libs/lpc_chip_43xx/src/evrt_18xx_43xx.o
Chip_GPDMA_ChannelCmd                             out/libs/lpc_chip_43xx/src/gpdma_18xx_43xx.o
Chip_GPDMA_ClearIntPending                        out/libs/lpc_chip_43xx/src/gpdma_18xx_43xx.o
Chip_GPDMA_DeInit                                 out/libs/lpc_chip_43xx/src/gpdma_18xx_43xx.o
Chip_GPDMA_GetFreeChannel                         out/libs/lpc_chip_43xx/src/gpdma_18xx_43xx.o
Chip_GPDMA_Init                                   out/libs/lpc_chip_43xx/src/gpdma_18xx_43xx.o
Chip_GPDMA_InitChannelCfg                         out/libs/lpc_chip_43xx/src/gpdma_18xx_43xx.o
Chip_GPDMA_IntGetStatus                           out/libs/lpc_chip_43xx/src/gpdma_18xx_43xx.o
Chip_GPDMA_Interrupt                              out/libs/lpc_chip_43xx/src/gpdma_18xx_43xx.o
Chip_GPDMA_PrepareDescriptor                      out/libs/lpc_chip_43xx/src/gpdma_18xx_43xx.o
Chip_GPDMA_SGTransfer                             out/libs/lpc_chip_43xx/src/gpdma_18xx_43xx.o
Chip_GPDMA_Stop                                   out/libs/lpc_chip_43xx/src/gpdma_18xx_43xx.o
Chip_GPDMA_Transfer                               out/libs/lpc_chip_43xx/src/gpdma_18xx_43xx.o
Chip_GPIO_DeInit                                  out/libs/lpc_chip_43xx/src/gpio_18xx_43xx.o
Chip_GPIO_Init                                    out/libs/lpc_chip_43xx/src/gpio_18xx_43xx.o
                                                  out/libs/sapi/src/sapi_gpio.o
                                                  out/libs/lpc_board_ciaa_edu_4337/src/board.o
Chip_GPIO_SetDir                                  out/libs/lpc_chip_43xx/src/gpio_18xx_43xx.o
                                                  out/libs/sapi/src/sapi_gpio.o
Chip_GPIO_SetPinDIR                               out/libs/lpc_chip_43xx/src/gpio_18xx_43xx.o
Chip_GPIO_SetPortDIR                              out/libs/lpc_chip_43xx/src/gpio_18xx_43xx.o
Chip_GPIO_WriteDirBit                             out/libs/lpc_chip_43xx/src/gpio_18xx_43xx.o
Chip_HSADC_DeInit                                 out/libs/lpc_chip_43xx/src/hsadc_18xx_43xx.o
Chip_HSADC_Init                                   out/libs/lpc_chip_43xx/src/hsadc_18xx_43xx.o
Chip_HSADC_SetACDCBias                            out/libs/lpc_chip_43xx/src/hsadc_18xx_43xx.o
Chip_HSADC_SetPowerSpeed                          out/libs/lpc_chip_43xx/src/hsadc_18xx_43xx.o
Chip_HSADC_SetSpeed                               out/libs/lpc_chip_43xx/src/hsadc_18xx_43xx.o
Chip_HSADC_SetThrHighValue                        out/libs/lpc_chip_43xx/src/hsadc_18xx_43xx.o
Chip_HSADC_SetThrLowValue                         out/libs/lpc_chip_43xx/src/hsadc_18xx_43xx.o
Chip_HSADC_SetupFIFO                              out/libs/lpc_chip_43xx/src/hsadc_18xx_43xx.o
Chip_I2CM_DeInit                                  out/libs/lpc_chip_43xx/src/i2cm_18xx_43xx.o
Chip_I2CM_Init                                    out/libs/lpc_chip_43xx/src/i2cm_18xx_43xx.o
Chip_I2CM_Read                                    out/libs/lpc_chip_43xx/src/i2cm_18xx_43xx.o
Chip_I2CM_SetBusSpeed                             out/libs/lpc_chip_43xx/src/i2cm_18xx_43xx.o
Chip_I2CM_Write                                   out/libs/lpc_chip_43xx/src/i2cm_18xx_43xx.o
Chip_I2CM_Xfer                                    out/libs/lpc_chip_43xx/src/i2cm_18xx_43xx.o
Chip_I2CM_XferBlocking                            out/libs/lpc_chip_43xx/src/i2cm_18xx_43xx.o
                                                  out/libs/sapi/src/sapi_i2c.o
Chip_I2CM_XferHandler                             out/libs/lpc_chip_43xx/src/i2cm_18xx_43xx.o
Chip_I2C_DeInit                                   out/libs/lpc_chip_43xx/src/i2c_18xx_43xx.o
Chip_I2C_Disable                                  out/libs/lpc_chip_43xx/src/i2c_18xx_43xx.o
Chip_I2C_EventHandler                             out/libs/lpc_chip_43xx/src/i2c_18xx_43xx.o
Chip_I2C_EventHandlerPolling                      out/libs/lpc_chip_43xx/src/i2c_18xx_43xx.o
                                                  out/libs/sapi/src/sapi_i2c.o
Chip_I2C_GetClockRate                             out/libs/lpc_chip_43xx/src/i2c_18xx_43xx.o
Chip_I2C_GetMasterEventHandler                    out/libs/lpc_chip_43xx/src/i2c_18xx_43xx.o
Chip_I2C_Init                                     out/libs/lpc_chip_43xx/src/i2c_18xx_43xx.o
                                                  out/libs/sapi/src/sapi_i2c.o
Chip_I2C_IsMasterActive                           out/libs/lpc_chip_43xx/src/i2c_18xx_43xx.o
Chip_I2C_IsStateChanged                           out/libs/lpc_chip_43xx/src/i2c_18xx_43xx.o
Chip_I2C_MasterCmdRead                            out/libs/lpc_chip_43xx/src/i2c_18xx_43xx.o
Chip_I2C_MasterRead                               out/libs/lpc_chip_43xx/src/i2c_18xx_43xx.o
Chip_I2C_MasterSend                               out/libs/lpc_chip_43xx/src/i2c_18xx_43xx.o
Chip_I2C_MasterStateHandler                       out/libs/lpc_chip_43xx/src/i2c_18xx_43xx.o
Chip_I2C_MasterTransfer                           out/libs/lpc_chip_43xx/src/i2c_18xx_43xx.o
Chip_I2C_SetClockRate                             out/libs/lpc_chip_43xx/src/i2c_18xx_43xx.o
                                                  out/libs/sapi/src/sapi_i2c.o
Chip_I2C_SetMasterEventHandler                    out/libs/lpc_chip_43xx/src/i2c_18xx_43xx.o
                                                  out/libs/sapi/src/sapi_i2c.o
Chip_I2C_SlaveSetup                               out/libs/lpc_chip_43xx/src/i2c_18xx_43xx.o
Chip_I2C_SlaveStateHandler                        out/libs/lpc_chip_43xx/src/i2c_18xx_43xx.o
Chip_I2S_DMA_RxCmd                                out/libs/lpc_chip_43xx/src/i2s_18xx_43xx.o
Chip_I2S_DMA_TxCmd                                out/libs/lpc_chip_43xx/src/i2s_18xx_43xx.o
Chip_I2S_DeInit                                   out/libs/lpc_chip_43xx/src/i2s_18xx_43xx.o
Chip_I2S_Init                                     out/libs/lpc_chip_43xx/src/i2s_18xx_43xx.o
Chip_I2S_Int_RxCmd                                out/libs/lpc_chip_43xx/src/i2s_18xx_43xx.o
Chip_I2S_Int_TxCmd                                out/libs/lpc_chip_43xx/src/i2s_18xx_43xx.o
Chip_I2S_RxConfig                                 out/libs/lpc_chip_43xx/src/i2s_18xx_43xx.o
Chip_I2S_TxConfig                                 out/libs/lpc_chip_43xx/src/i2s_18xx_43xx.o
Chip_IAP_BlankCheckSector                         out/libs/lpc_chip_43xx/src/iap_18xx_43xx.o
Chip_IAP_Compare                                  out/libs/lpc_chip_43xx/src/iap_18xx_43xx.o
Chip_IAP_CopyRamToFlash                           out/libs/lpc_chip_43xx/src/iap_18xx_43xx.o
Chip_IAP_ErasePage                                out/libs/lpc_chip_43xx/src/iap_18xx_43xx.o
Chip_IAP_EraseSector                              out/libs/lpc_chip_43xx/src/iap_18xx_43xx.o
Chip_IAP_PreSectorForReadWrite                    out/libs/lpc_chip_43xx/src/iap_18xx_43xx.o
Chip_IAP_ReadBootCode                             out/libs/lpc_chip_43xx/src/iap_18xx_43xx.o
Chip_IAP_ReadPID                                  out/libs/lpc_chip_43xx/src/iap_18xx_43xx.o
Chip_IAP_ReadUID                                  out/libs/lpc_chip_43xx/src/iap_18xx_43xx.o
Chip_IAP_ReinvokeISP                              out/libs/lpc_chip_43xx/src/iap_18xx_43xx.o
Chip_IAP_SetBootFlashBank                         out/libs/lpc_chip_43xx/src/iap_18xx_43xx.o
Chip_LCD_Cursor_Config                            out/libs/lpc_chip_43xx/src/lcd_18xx_43xx.o
Chip_LCD_Cursor_WriteImage                        out/libs/lpc_chip_43xx/src/lcd_18xx_43xx.o
Chip_LCD_DeInit                                   out/libs/lpc_chip_43xx/src/lcd_18xx_43xx.o
Chip_LCD_Init                                     out/libs/lpc_chip_43xx/src/lcd_18xx_43xx.o
Chip_LCD_LoadPalette                              out/libs/lpc_chip_43xx/src/lcd_18xx_43xx.o
Chip_OTP_GenRand                                  out/libs/lpc_chip_43xx/src/otp_18xx_43xx.o
Chip_OTP_Init                                     out/libs/lpc_chip_43xx/src/otp_18xx_43xx.o
Chip_OTP_ProgBootSrc                              out/libs/lpc_chip_43xx/src/otp_18xx_43xx.o
Chip_OTP_ProgGPWord                               out/libs/lpc_chip_43xx/src/otp_18xx_43xx.o
Chip_OTP_ProgJTAGDis                              out/libs/lpc_chip_43xx/src/otp_18xx_43xx.o
Chip_OTP_ProgKey                                  out/libs/lpc_chip_43xx/src/otp_18xx_43xx.o
Chip_OTP_ProgUSBID                                out/libs/lpc_chip_43xx/src/otp_18xx_43xx.o
Chip_PMC_Set_PwrState                             out/libs/lpc_chip_43xx/src/pmc_18xx_43xx.o
Chip_PMC_Sleep                                    out/libs/lpc_chip_43xx/src/pmc_18xx_43xx.o
Chip_RIT_DeInit                                   out/libs/lpc_chip_43xx/src/ritimer_18xx_43xx.o
Chip_RIT_GetIntStatus                             out/libs/lpc_chip_43xx/src/ritimer_18xx_43xx.o
Chip_RIT_Init                                     out/libs/lpc_chip_43xx/src/ritimer_18xx_43xx.o
Chip_RIT_SetTimerInterval                         out/libs/lpc_chip_43xx/src/ritimer_18xx_43xx.o
Chip_RTC_AlarmIntConfig                           out/libs/lpc_chip_43xx/src/rtc_18xx_43xx.o
Chip_RTC_CalibCounterCmd                          out/libs/lpc_chip_43xx/src/rtc_18xx_43xx.o
Chip_RTC_CntIncrIntConfig                         out/libs/lpc_chip_43xx/src/rtc_18xx_43xx.o
Chip_RTC_DeInit                                   out/libs/lpc_chip_43xx/src/rtc_18xx_43xx.o
Chip_RTC_EV_GetFirstTimeStamp                     out/libs/lpc_chip_43xx/src/rtc_18xx_43xx.o
Chip_RTC_EV_GetLastTimeStamp                      out/libs/lpc_chip_43xx/src/rtc_18xx_43xx.o
Chip_RTC_Enable                                   out/libs/lpc_chip_43xx/src/rtc_18xx_43xx.o
                                                  out/libs/sapi/src/sapi_rtc.o
Chip_RTC_GetFullAlarmTime                         out/libs/lpc_chip_43xx/src/rtc_18xx_43xx.o
Chip_RTC_GetFullTime                              out/libs/lpc_chip_43xx/src/rtc_18xx_43xx.o
                                                  out/libs/sapi/src/sapi_rtc.o
Chip_RTC_Init                                     out/libs/lpc_chip_43xx/src/rtc_18xx_43xx.o
                                                  out/libs/sapi/src/sapi_rtc.o
Chip_RTC_ResetClockTickCounter                    out/libs/lpc_chip_43xx/src/rtc_18xx_43xx.o
Chip_RTC_SetFullAlarmTime                         out/libs/lpc_chip_43xx/src/rtc_18xx_43xx.o
Chip_RTC_SetFullTime                              out/libs/lpc_chip_43xx/src/rtc_18xx_43xx.o
                                                  out/libs/sapi/src/sapi_rtc.o
Chip_SCTPWM_SetOutPin                             out/libs/lpc_chip_43xx/src/sct_pwm_18xx_43xx.o
                                                  out/libs/sapi/src/sapi_sct.o
Chip_SCTPWM_SetRate                               out/libs/lpc_chip_43xx/src/sct_pwm_18xx_43xx.o
                                                  out/libs/sapi/src/sapi_sct.o
Chip_SCT_DeInit                                   out/libs/lpc_chip_43xx/src/sct_18xx_43xx.o
Chip_SCT_Init                                     out/libs/lpc_chip_43xx/src/sct_18xx_43xx.o
                                                  out/libs/sapi/src/sapi_sct.o
Chip_SCT_SetClrControl                            out/libs/lpc_chip_43xx/src/sct_18xx_43xx.o
Chip_SCT_SetConflictResolution                    out/libs/lpc_chip_43xx/src/sct_18xx_43xx.o
Chip_SDIF_DeInit                                  out/libs/lpc_chip_43xx/src/sdif_18xx_43xx.o
Chip_SDIF_DmaSetup                                out/libs/lpc_chip_43xx/src/sdif_18xx_43xx.o
                                                  out/libs/lpc_chip_43xx/src/sdio_18xx_43xx.o
                                                  out/libs/lpc_chip_43xx/src/sdmmc_18xx_43xx.o
Chip_SDIF_GetResponse                             out/libs/lpc_chip_43xx/src/sdif_18xx_43xx.o
                                                  out/libs/lpc_chip_43xx/src/sdio_18xx_43xx.o
                                                  out/libs/lpc_chip_43xx/src/sdmmc_18xx_43xx.o
Chip_SDIF_Init                                    out/libs/lpc_chip_43xx/src/sdif_18xx_43xx.o
Chip_SDIF_SendCmd                                 out/libs/lpc_chip_43xx/src/sdif_18xx_43xx.o
                                                  out/libs/lpc_chip_43xx/src/sdio_18xx_43xx.o
                                                  out/libs/lpc_chip_43xx/src/sdmmc_18xx_43xx.o
Chip_SDIF_SetClearIntFifo                         out/libs/lpc_chip_43xx/src/sdif_18xx_43xx.o
                                                  out/libs/lpc_chip_43xx/src/sdmmc_18xx_43xx.o
Chip_SDIF_SetClock                                out/libs/lpc_chip_43xx/src/sdif_18xx_43xx.o
                                                  out/libs/lpc_chip_43xx/src/sdio_18xx_43xx.o
                                                  out/libs/lpc_chip_43xx/src/sdmmc_18xx_43xx.o
Chip_SDMMC_Acquire                                out/libs/lpc_chip_43xx/src/sdmmc_18xx_43xx.o
Chip_SDMMC_GetDeviceBlocks                        out/libs/lpc_chip_43xx/src/sdmmc_18xx_43xx.o
Chip_SDMMC_GetDeviceSize                          out/libs/lpc_chip_43xx/src/sdmmc_18xx_43xx.o
Chip_SDMMC_GetState                               out/libs/lpc_chip_43xx/src/sdmmc_18xx_43xx.o
Chip_SDMMC_ReadBlocks                             out/libs/lpc_chip_43xx/src/sdmmc_18xx_43xx.o
Chip_SDMMC_WriteBlocks                            out/libs/lpc_chip_43xx/src/sdmmc_18xx_43xx.o
Chip_SPI_DeInit                                   out/libs/lpc_chip_43xx/src/spi_18xx_43xx.o
Chip_SPI_Init                                     out/libs/lpc_chip_43xx/src/spi_18xx_43xx.o
Chip_SPI_Int_FlushData                            out/libs/lpc_chip_43xx/src/spi_18xx_43xx.o
Chip_SPI_Int_RWFrames                             out/libs/lpc_chip_43xx/src/spi_18xx_43xx.o
Chip_SPI_Int_RWFrames16Bits                       out/libs/lpc_chip_43xx/src/spi_18xx_43xx.o
Chip_SPI_Int_RWFrames8Bits                        out/libs/lpc_chip_43xx/src/spi_18xx_43xx.o
Chip_SPI_RWFrames_Blocking                        out/libs/lpc_chip_43xx/src/spi_18xx_43xx.o
Chip_SPI_SetBitRate                               out/libs/lpc_chip_43xx/src/spi_18xx_43xx.o
Chip_SSP_DeInit                                   out/libs/lpc_chip_43xx/src/ssp_18xx_43xx.o
Chip_SSP_Init                                     out/libs/lpc_chip_43xx/src/ssp_18xx_43xx.o
Chip_SSP_Int_FlushData                            out/libs/lpc_chip_43xx/src/ssp_18xx_43xx.o
Chip_SSP_Int_RWFrames16Bits                       out/libs/lpc_chip_43xx/src/ssp_18xx_43xx.o
Chip_SSP_Int_RWFrames8Bits                        out/libs/lpc_chip_43xx/src/ssp_18xx_43xx.o
Chip_SSP_RWFrames_Blocking                        out/libs/lpc_chip_43xx/src/ssp_18xx_43xx.o
Chip_SSP_ReadFrames_Blocking                      out/libs/lpc_chip_43xx/src/ssp_18xx_43xx.o
Chip_SSP_SetBitRate                               out/libs/lpc_chip_43xx/src/ssp_18xx_43xx.o
Chip_SSP_SetClockRate                             out/libs/lpc_chip_43xx/src/ssp_18xx_43xx.o
Chip_SSP_SetMaster                                out/libs/lpc_chip_43xx/src/ssp_18xx_43xx.o
Chip_SSP_WriteFrames_Blocking                     out/libs/lpc_chip_43xx/src/ssp_18xx_43xx.o
Chip_SetupCoreClock                               out/libs/lpc_chip_43xx/src/sysinit_18xx_43xx.o
                                                  out/libs/lpc_board_ciaa_edu_4337/src/board_sysinit.o
Chip_SetupIrcClocking                             out/libs/lpc_chip_43xx/src/sysinit_18xx_43xx.o
Chip_SetupXtalClocking                            out/libs/lpc_chip_43xx/src/sysinit_18xx_43xx.o
Chip_SystemInit                                   out/libs/lpc_chip_43xx/src/sysinit_18xx_43xx.o
Chip_TIMER_DeInit                                 out/libs/lpc_chip_43xx/src/timer_18xx_43xx.o
                                                  out/libs/sapi/src/sapi_timer.o
Chip_TIMER_ExtMatchControlSet                     out/libs/lpc_chip_43xx/src/timer_18xx_43xx.o
Chip_TIMER_Init                                   out/libs/lpc_chip_43xx/src/timer_18xx_43xx.o
                                                  out/libs/sapi/src/sapi_timer.o
                                                  out/libs/lpc_chip_43xx/src/stopwatch_18xx_43xx.o
Chip_TIMER_Reset                                  out/libs/lpc_chip_43xx/src/timer_18xx_43xx.o
                                                  out/libs/sapi/src/sapi_timer.o
Chip_UART_ABCmd                                   out/libs/lpc_chip_43xx/src/uart_18xx_43xx.o
Chip_UART_CheckBusy                               out/libs/lpc_chip_43xx/src/uart_18xx_43xx.o
Chip_UART_DeInit                                  out/libs/lpc_chip_43xx/src/uart_18xx_43xx.o
Chip_UART_GetABEOStatus                           out/libs/lpc_chip_43xx/src/uart_18xx_43xx.o
Chip_UART_IRQRBHandler                            out/libs/lpc_chip_43xx/src/uart_18xx_43xx.o
Chip_UART_Init                                    out/libs/lpc_chip_43xx/src/uart_18xx_43xx.o
                                                  out/libs/sapi/src/sapi_uart.o
                                                  out/libs/lpc_board_ciaa_edu_4337/src/board.o
Chip_UART_RXIntHandlerRB                          out/libs/lpc_chip_43xx/src/uart_18xx_43xx.o
Chip_UART_Read                                    out/libs/lpc_chip_43xx/src/uart_18xx_43xx.o
Chip_UART_ReadBlocking                            out/libs/lpc_chip_43xx/src/uart_18xx_43xx.o
Chip_UART_ReadRB                                  out/libs/lpc_chip_43xx/src/uart_18xx_43xx.o
Chip_UART_Send                                    out/libs/lpc_chip_43xx/src/uart_18xx_43xx.o
Chip_UART_SendBlocking                            out/libs/lpc_chip_43xx/src/uart_18xx_43xx.o
Chip_UART_SendRB                                  out/libs/lpc_chip_43xx/src/uart_18xx_43xx.o
Chip_UART_SetBaud                                 out/libs/lpc_chip_43xx/src/uart_18xx_43xx.o
                                                  out/libs/sapi/src/sapi_uart.o
Chip_UART_SetBaudFDR                              out/libs/lpc_chip_43xx/src/uart_18xx_43xx.o
                                                  out/libs/lpc_board_ciaa_edu_4337/src/board.o
Chip_UART_TXIntHandlerRB                          out/libs/lpc_chip_43xx/src/uart_18xx_43xx.o
Chip_USB0_Init                                    out/libs/lpc_chip_43xx/src/chip_18xx_43xx.o
Chip_USB1_Init                                    out/libs/lpc_chip_43xx/src/chip_18xx_43xx.o
Chip_WWDT_ClearStatusFlag                         out/libs/lpc_chip_43xx/src/wwdt_18xx_43xx.o
Chip_WWDT_DeInit                                  out/libs/lpc_chip_43xx/src/wwdt_18xx_43xx.o
Chip_WWDT_Init                                    out/libs/lpc_chip_43xx/src/wwdt_18xx_43xx.o
DAC_IRQHandler                                    out/libs/lpc_board_ciaa_edu_4337/src/cr_startup_lpc43xx.o
DMA_IRQHandler                                    out/libs/lpc_board_ciaa_edu_4337/src/cr_startup_lpc43xx.o
DebugMon_Handler                                  out/libs/lpc_board_ciaa_edu_4337/src/cr_startup_lpc43xx.o
ETH_IRQHandler                                    out/libs/lpc_board_ciaa_edu_4337/src/cr_startup_lpc43xx.o
EVRT_IRQHandler                                   out/libs/lpc_board_ciaa_edu_4337/src/cr_startup_lpc43xx.o
ExtRateIn                                         out/libs/lpc_board_ciaa_edu_4337/src/board.o
                                                  out/libs/lpc_chip_43xx/src/clock_18xx_43xx.o
FLASH_EEPROM_IRQHandler                           out/libs/lpc_board_ciaa_edu_4337/src/cr_startup_lpc43xx.o
GINT0_IRQHandler                                  out/libs/lpc_board_ciaa_edu_4337/src/cr_startup_lpc43xx.o
GINT1_IRQHandler                                  out/libs/lpc_board_ciaa_edu_4337/src/cr_startup_lpc43xx.o
GPIO0_IRQHandler                                  out/app/src/gpioInterrupt.o
GPIO1_IRQHandler                                  out/libs/lpc_board_ciaa_edu_4337/src/cr_startup_lpc43xx.o
GPIO2_IRQHandler                                  out/libs/lpc_board_ciaa_edu_4337/src/cr_startup_lpc43xx.o
GPIO3_IRQHandler                                  out/libs/lpc_board_ciaa_edu_4337/src/cr_startup_lpc43xx.o
GPIO4_IRQHandler                                  out/libs/lpc_board_ciaa_edu_4337/src/cr_startup_lpc43xx.o
GPIO5_IRQHandler                                  out/libs/lpc_board_ciaa_edu_4337/src/cr_startup_lpc43xx.o
GPIO6_IRQHandler                                  out/libs/lpc_board_ciaa_edu_4337/src/cr_startup_lpc43xx.o
GPIO7_IRQHandler                                  out/libs/lpc_board_ciaa_edu_4337/src/cr_startup_lpc43xx.o
HardFault_Handler                                 out/libs/lpc_board_ciaa_edu_4337/src/cr_startup_lpc43xx.o
I2C0_IRQHandler                                   out/libs/lpc_board_ciaa_edu_4337/src/cr_startup_lpc43xx.o
I2C1_IRQHandler                                   out/libs/lpc_board_ciaa_edu_4337/src/cr_startup_lpc43xx.o
I2S0_IRQHandler                                   out/libs/lpc_board_ciaa_edu_4337/src/cr_startup_lpc43xx.o
I2S1_IRQHandler                                   out/libs/lpc_board_ciaa_edu_4337/src/cr_startup_lpc43xx.o
IntDefaultHandler                                 out/libs/lpc_board_ciaa_edu_4337/src/cr_startup_lpc43xx.o
LCD_IRQHandler                                    out/libs/lpc_board_ciaa_edu_4337/src/cr_startup_lpc43xx.o
M0APP_IRQHandler                                  out/libs/lpc_board_ciaa_edu_4337/src/cr_startup_lpc43xx.o
M0SUB_IRQHandler                                  out/libs/lpc_board_ciaa_edu_4337/src/cr_startup_lpc43xx.o
MCPWM_IRQHandler                                  out/libs/lpc_board_ciaa_edu_4337/src/cr_startup_lpc43xx.o
MemManage_Handler                                 out/libs/lpc_board_ciaa_edu_4337/src/cr_startup_lpc43xx.o
NMI_Handler                                       out/libs/lpc_board_ciaa_edu_4337/src/cr_startup_lpc43xx.o
OscRateIn                                         out/libs/lpc_board_ciaa_edu_4337/src/board.o
                                                  out/libs/lpc_chip_43xx/src/clock_18xx_43xx.o
PendSV_Handler                                    out/libs/lpc_board_ciaa_edu_4337/src/cr_startup_lpc43xx.o
QEI_IRQHandler                                    out/libs/lpc_board_ciaa_edu_4337/src/cr_startup_lpc43xx.o
RIT_IRQHandler                                    out/libs/lpc_board_ciaa_edu_4337/src/cr_startup_lpc43xx.o
RTC_IRQHandler                                    out/libs/lpc_board_ciaa_edu_4337/src/cr_startup_lpc43xx.o
ResetISR                                          out/libs/lpc_board_ciaa_edu_4337/src/cr_startup_lpc43xx.o
RingBuffer_Init                                   out/libs/lpc_chip_43xx/src/ring_buffer.o
RingBuffer_Insert                                 out/libs/lpc_chip_43xx/src/ring_buffer.o
                                                  out/libs/lpc_chip_43xx/src/uart_18xx_43xx.o
RingBuffer_InsertMult                             out/libs/lpc_chip_43xx/src/ring_buffer.o
                                                  out/libs/lpc_chip_43xx/src/uart_18xx_43xx.o
RingBuffer_Pop                                    out/libs/lpc_chip_43xx/src/ring_buffer.o
                                                  out/libs/lpc_chip_43xx/src/uart_18xx_43xx.o
RingBuffer_PopMult                                out/libs/lpc_chip_43xx/src/ring_buffer.o
                                                  out/libs/lpc_chip_43xx/src/uart_18xx_43xx.o
SCT_IRQHandler                                    out/libs/lpc_board_ciaa_edu_4337/src/cr_startup_lpc43xx.o
SDIO_Card_DisableInt                              out/libs/lpc_chip_43xx/src/sdio_18xx_43xx.o
SDIO_Card_EnableInt                               out/libs/lpc_chip_43xx/src/sdio_18xx_43xx.o
SDIO_Card_GetBlockSize                            out/libs/lpc_chip_43xx/src/sdio_18xx_43xx.o
SDIO_Card_Init                                    out/libs/lpc_chip_43xx/src/sdio_18xx_43xx.o
SDIO_Card_ReadData                                out/libs/lpc_chip_43xx/src/sdio_18xx_43xx.o
SDIO_Card_SetBlockSize                            out/libs/lpc_chip_43xx/src/sdio_18xx_43xx.o
SDIO_Card_WriteData                               out/libs/lpc_chip_43xx/src/sdio_18xx_43xx.o
SDIO_Handler                                      out/libs/lpc_chip_43xx/src/sdio_18xx_43xx.o