Archive member included because of file (symbol)

/home/eric/ciaa-ide/gcc-arm-none-eabi-4_9-2015q1/bin/../lib/gcc/arm-none-eabi/4.9.3/armv7e-m/fpu/libgcc.a(_aeabi_uldivmod.o)
                              out/libs/lpc_chip_43xx/src/uart_18xx_43xx.o (__aeabi_uldivmod)
/home/eric/ciaa-ide/gcc-arm-none-eabi-4_9-2015q1/bin/../lib/gcc/arm-none-eabi/4.9.3/armv7e-m/fpu/libgcc.a(bpabi.o)
                              /home/eric/ciaa-ide/gcc-arm-none-eabi-4_9-2015q1/bin/../lib/gcc/arm-none-eabi/4.9.3/armv7e-m/fpu/libgcc.a(_aeabi_uldivmod.o) (__gnu_uldivmod_helper)
/home/eric/ciaa-ide/gcc-arm-none-eabi-4_9-2015q1/bin/../lib/gcc/arm-none-eabi/4.9.3/armv7e-m/fpu/libgcc.a(_dvmd_tls.o)
                              /home/eric/ciaa-ide/gcc-arm-none-eabi-4_9-2015q1/bin/../lib/gcc/arm-none-eabi/4.9.3/armv7e-m/fpu/libgcc.a(_aeabi_uldivmod.o) (__aeabi_ldiv0)
/home/eric/ciaa-ide/gcc-arm-none-eabi-4_9-2015q1/bin/../lib/gcc/arm-none-eabi/4.9.3/armv7e-m/fpu/libgcc.a(_divdi3.o)
                              /home/eric/ciaa-ide/gcc-arm-none-eabi-4_9-2015q1/bin/../lib/gcc/arm-none-eabi/4.9.3/armv7e-m/fpu/libgcc.a(bpabi.o) (__divdi3)
/home/eric/ciaa-ide/gcc-arm-none-eabi-4_9-2015q1/bin/../lib/gcc/arm-none-eabi/4.9.3/armv7e-m/fpu/libgcc.a(_udivdi3.o)
                              /home/eric/ciaa-ide/gcc-arm-none-eabi-4_9-2015q1/bin/../lib/gcc/arm-none-eabi/4.9.3/armv7e-m/fpu/libgcc.a(bpabi.o) (__udivdi3)
/home/eric/ciaa-ide/gcc-arm-none-eabi-4_9-2015q1/bin/../lib/gcc/arm-none-eabi/4.9.3/../../../../arm-none-eabi/lib/armv7e-m/fpu/libc_nano.a(lib_a-memcpy.o)
                              out/libs/lpc_chip_43xx/src/ring_buffer.o (memcpy)
/home/eric/ciaa-ide/gcc-arm-none-eabi-4_9-2015q1/bin/../lib/gcc/arm-none-eabi/4.9.3/../../../../arm-none-eabi/lib/armv7e-m/fpu/libc_nano.a(lib_a-memset.o)
                              out/libs/lpc_chip_43xx/src/clock_18xx_43xx.o (memset)

Allocating common symbols
Common symbol       size              file

SystemCoreClock     0x4               out/libs/lpc_chip_43xx/src/chip_18xx_43xx.o

Discarded input sections

 .group         0x00000000        0x8 out/app/src/programa.o
 .group         0x00000000        0x8 out/app/src/programa.o
 .group         0x00000000        0x8 out/app/src/programa.o
 .group         0x00000000        0x8 out/app/src/programa.o
 .group         0x00000000        0x8 out/app/src/programa.o
 .group         0x00000000        0x8 out/app/src/programa.o
 .group         0x00000000        0x8 out/app/src/programa.o
 .group         0x00000000        0x8 out/app/src/programa.o
 .group         0x00000000        0x8 out/app/src/programa.o
 .group         0x00000000        0x8 out/app/src/programa.o
 .group         0x00000000        0x8 out/app/src/programa.o
 .group         0x00000000        0x8 out/app/src/programa.o
 .group         0x00000000        0x8 out/app/src/programa.o
 .group         0x00000000        0x8 out/app/src/programa.o
 .group         0x00000000        0x8 out/app/src/programa.o
 .group         0x00000000        0x8 out/app/src/programa.o
 .group         0x00000000        0x8 out/app/src/programa.o
 .group         0x00000000        0x8 out/app/src/programa.o
 .group         0x00000000        0x8 out/app/src/programa.o
 .group         0x00000000        0x8 out/app/src/programa.o
 .group         0x00000000        0x8 out/app/src/programa.o
 .group         0x00000000        0x8 out/app/src/programa.o
 .group         0x00000000        0x8 out/app/src/programa.o
 .group         0x00000000        0x8 out/app/src/programa.o
 .group         0x00000000        0x8 out/app/src/programa.o
 .group         0x00000000        0x8 out/app/src/programa.o
 .group         0x00000000        0x8 out/app/src/programa.o
 .group         0x00000000        0x8 out/app/src/programa.o
 .group         0x00000000        0x8 out/app/src/programa.o
 .group         0x00000000        0x8 out/app/src/programa.o
 .group         0x00000000        0x8 out/app/src/programa.o
 .group         0x00000000        0x8 out/app/src/programa.o
 .group         0x00000000        0x8 out/app/src/programa.o
 .group         0x00000000        0x8 out/app/src/programa.o
 .group         0x00000000        0x8 out/app/src/programa.o
 .group         0x00000000        0x8 out/app/src/programa.o
 .group         0x00000000        0x8 out/app/src/programa.o
 .group         0x00000000        0x8 out/app/src/programa.o
 .group         0x00000000        0x8 out/app/src/programa.o
 .group         0x00000000        0x8 out/app/src/programa.o
 .group         0x00000000        0x8 out/app/src/programa.o
 .group         0x00000000        0x8 out/app/src/programa.o
 .group         0x00000000        0x8 out/app/src/programa.o
 .group         0x00000000        0x8 out/app/src/programa.o
 .group         0x00000000        0x8 out/app/src/programa.o
 .group         0x00000000        0x8 out/app/src/programa.o
 .group         0x00000000        0x8 out/app/src/programa.o
 .group         0x00000000        0x8 out/app/src/programa.o
[...]
Memory Configuration

Name             Origin             Length             Attributes
MFlashA512       0x1a000000         0x00080000         xr
MFlashB512       0x1b000000         0x00080000         xr
RamLoc32         0x10000000         0x00008000         xrw
RamLoc40         0x10080000         0x0000a000         xrw
RamAHB32         0x20000000         0x00008000         xrw
RamAHB16         0x20008000         0x00004000         xrw
RamAHB_ETB16     0x2000c000         0x00004000         xrw
*default*        0x00000000         0xffffffff

Linker script and memory map

LOAD out/app/src/programa.o
LOAD out/libs/lpc_chip_43xx/src/ritimer_18xx_43xx.o
LOAD out/libs/lpc_chip_43xx/src/gpiogroup_18xx_43xx.o
LOAD out/libs/lpc_chip_43xx/src/dac_18xx_43xx.o
LOAD out/libs/lpc_chip_43xx/src/lcd_18xx_43xx.o
LOAD out/libs/lpc_chip_43xx/src/uart_18xx_43xx.o
LOAD out/libs/lpc_chip_43xx/src/adc_18xx_43xx.o
LOAD out/libs/lpc_chip_43xx/src/sdif_18xx_43xx.o
LOAD out/libs/lpc_chip_43xx/src/chip_18xx_43xx.o
LOAD out/libs/lpc_chip_43xx/src/pmc_18xx_43xx.o
LOAD out/libs/lpc_chip_43xx/src/clock_18xx_43xx.o
LOAD out/libs/lpc_chip_43xx/src/otp_18xx_43xx.o
LOAD out/libs/lpc_chip_43xx/src/aes_18xx_43xx.o
LOAD out/libs/lpc_chip_43xx/src/atimer_18xx_43xx.o
LOAD out/libs/lpc_chip_43xx/src/stopwatch_18xx_43xx.o
LOAD out/libs/lpc_chip_43xx/src/i2c_18xx_43xx.o
LOAD out/libs/lpc_chip_43xx/src/iap_18xx_43xx.o
LOAD out/libs/lpc_chip_43xx/src/wwdt_18xx_43xx.o
LOAD out/libs/lpc_chip_43xx/src/timer_18xx_43xx.o
LOAD out/libs/lpc_chip_43xx/src/ring_buffer.o
LOAD out/libs/lpc_chip_43xx/src/i2cm_18xx_43xx.o
LOAD out/libs/lpc_chip_43xx/src/pinint_18xx_43xx.o
LOAD out/libs/lpc_chip_43xx/src/sdio_18xx_43xx.o
LOAD out/libs/lpc_chip_43xx/src/fpu_init.o
LOAD out/libs/lpc_chip_43xx/src/rtc_18xx_43xx.o
LOAD out/libs/lpc_chip_43xx/src/sct_18xx_43xx.o
LOAD out/libs/lpc_chip_43xx/src/emc_18xx_43xx.o
LOAD out/libs/lpc_chip_43xx/src/eeprom_18xx_43xx.o
LOAD out/libs/lpc_chip_43xx/src/sdmmc_18xx_43xx.o
LOAD out/libs/lpc_chip_43xx/src/spi_18xx_43xx.o
LOAD out/libs/lpc_chip_43xx/src/gpio_18xx_43xx.o
LOAD out/libs/lpc_chip_43xx/src/hsadc_18xx_43xx.o
LOAD out/libs/lpc_chip_43xx/src/sysinit_18xx_43xx.o
LOAD out/libs/lpc_chip_43xx/src/gpdma_18xx_43xx.o
LOAD out/libs/lpc_chip_43xx/src/ccan_18xx_43xx.o
LOAD out/libs/lpc_chip_43xx/src/evrt_18xx_43xx.o
LOAD out/libs/lpc_chip_43xx/src/sct_pwm_18xx_43xx.o
LOAD out/libs/lpc_chip_43xx/src/enet_18xx_43xx.o
LOAD out/libs/lpc_chip_43xx/src/ssp_18xx_43xx.o
LOAD out/libs/lpc_chip_43xx/src/i2s_18xx_43xx.o
LOAD out/libs/lpc_board_ciaa_edu_4337/src/board.o
LOAD out/libs/lpc_board_ciaa_edu_4337/src/crp.o
LOAD out/libs/lpc_board_ciaa_edu_4337/src/system.o
LOAD out/libs/lpc_board_ciaa_edu_4337/src/cr_startup_lpc43xx.o
LOAD out/libs/lpc_board_ciaa_edu_4337/src/sysinit.o
LOAD out/libs/lpc_board_ciaa_edu_4337/src/board_sysinit.o
LOAD out/libs/sapi/src/sapi_datatypes.o
LOAD out/libs/sapi/src/sapi_board.o
LOAD out/libs/sapi/src/sapi_gpio.o
START GROUP
LOAD /home/eric/ciaa-ide/gcc-arm-none-eabi-4_9-2015q1/bin/../lib/gcc/arm-none-eabi/4.9.3/armv7e-m/fpu/libgcc.a
LOAD /home/eric/ciaa-ide/gcc-arm-none-eabi-4_9-2015q1/bin/../lib/gcc/arm-none-eabi/4.9.3/../../../../arm-none-eabi/lib/armv7e-m/fpu/libc_nano.a
END GROUP
START GROUP
LOAD /home/eric/ciaa-ide/gcc-arm-none-eabi-4_9-2015q1/bin/../lib/gcc/arm-none-eabi/4.9.3/armv7e-m/fpu/libgcc.a
LOAD /home/eric/ciaa-ide/gcc-arm-none-eabi-4_9-2015q1/bin/../lib/gcc/arm-none-eabi/4.9.3/../../../../arm-none-eabi/lib/armv7e-m/fpu/libc_nano.a
END GROUP
START GROUP
LOAD /home/eric/ciaa-ide/gcc-arm-none-eabi-4_9-2015q1/bin/../lib/gcc/arm-none-eabi/4.9.3/armv7e-m/fpu/libgcc.a
LOAD /home/eric/ciaa-ide/gcc-arm-none-eabi-4_9-2015q1/bin/../lib/gcc/arm-none-eabi/4.9.3/../../../../arm-none-eabi/lib/armv7e-m/fpu/libc.a
LOAD /home/eric/ciaa-ide/gcc-arm-none-eabi-4_9-2015q1/bin/../lib/gcc/arm-none-eabi/4.9.3/../../../../arm-none-eabi/lib/armv7e-m/fpu/libm.a
END GROUP
                0x1a080000                __top_MFlashA512 = 0x1a080000
                0x1b080000                __top_MFlashB512 = 0x1b080000
                0x10008000                __top_RamLoc32 = 0x10008000
                0x1008a000                __top_RamLoc40 = 0x1008a000
                0x20008000                __top_RamAHB32 = 0x20008000
                0x2000c000                __top_RamAHB16 = 0x2000c000
                0x20010000                __top_RamAHB_ETB16 = 0x20010000

.text_Flash2    0x1b000000        0x0
 FILL mask 0xff
 *(.text_Flash2*)
 *(.text_MFlashB512*)
 *(.text.$Flash2*)
 *(.text.$MFlashB512*)
 *(.rodata.$Flash2*)
 *(.rodata.$MFlashB512*)

.text           0x1a000000     0x1110
 FILL mask 0xff
                0x1a000000                __vectors_start__ = ABSOLUTE (.)
 *(.isr_vector)
 .isr_vector    0x1a000000      0x114 out/libs/lpc_board_ciaa_edu_4337/src/cr_startup_lpc43xx.o
                0x1a000000                g_pfnVectors
                0x1a000114                . = ALIGN (0x4)
                0x1a000114                __section_table_start = .
                0x1a000114                __data_section_table = .
                0x1a000114        0x4 LONG 0x1a001110 LOADADDR (.data)
                0x1a000118        0x4 LONG 0x10000000 ADDR (.data)
                0x1a00011c        0x4 LONG 0x0 SIZEOF (.data)
                0x1a000120        0x4 LONG 0x1a001110 LOADADDR (.data_RAM2)
                0x1a000124        0x4 LONG 0x10080000 ADDR (.data_RAM2)
                0x1a000128        0x4 LONG 0x0 SIZEOF (.data_RAM2)
                0x1a00012c        0x4 LONG 0x1a001110 LOADADDR (.data_RAM3)
                0x1a000130        0x4 LONG 0x20000000 ADDR (.data_RAM3)
                0x1a000134        0x4 LONG 0x0 SIZEOF (.data_RAM3)
                0x1a000138        0x4 LONG 0x1a001110 LOADADDR (.data_RAM4)
                0x1a00013c        0x4 LONG 0x20008000 ADDR (.data_RAM4)
                0x1a000140        0x4 LONG 0x0 SIZEOF (.data_RAM4)
                0x1a000144        0x4 LONG 0x1a001110 LOADADDR (.data_RAM5)
                0x1a000148        0x4 LONG 0x2000c000 ADDR (.data_RAM5)
                0x1a00014c        0x4 LONG 0x0 SIZEOF (.data_RAM5)
                0x1a000150                __data_section_table_end = .
                0x1a000150                __bss_section_table = .
                0x1a000150        0x4 LONG 0x10000000 ADDR (.bss)
                0x1a000154        0x4 LONG 0xc SIZEOF (.bss)
                0x1a000158        0x4 LONG 0x10080000 ADDR (.bss_RAM2)
                0x1a00015c        0x4 LONG 0x0 SIZEOF (.bss_RAM2)
                0x1a000160        0x4 LONG 0x20000000 ADDR (.bss_RAM3)
                0x1a000164        0x4 LONG 0x0 SIZEOF (.bss_RAM3)
                0x1a000168        0x4 LONG 0x20008000 ADDR (.bss_RAM4)
                0x1a00016c        0x4 LONG 0x0 SIZEOF (.bss_RAM4)
                0x1a000170        0x4 LONG 0x2000c000 ADDR (.bss_RAM5)
                0x1a000174        0x4 LONG 0x0 SIZEOF (.bss_RAM5)
                0x1a000178                __bss_section_table_end = .
                0x1a000178                __section_table_end = .
 *(.after_vectors*)
 .after_vectors
                0x1a000178       0x58 out/libs/lpc_board_ciaa_edu_4337/src/cr_startup_lpc43xx.o
                0x1a000178                NMI_Handler
                0x1a00017c                HardFault_Handler
                0x1a000180                MemManage_Handler
                0x1a000184                BusFault_Handler
                0x1a000188                UsageFault_Handler
                0x1a00018c                SVC_Handler
                0x1a000190                DebugMon_Handler
                0x1a000194                PendSV_Handler
                0x1a000198                SysTick_Handler
                0x1a00019c                TIMER2_IRQHandler
                0x1a00019c                RIT_IRQHandler
                0x1a00019c                ADCHS_IRQHandler
                0x1a00019c                FLASH_EEPROM_IRQHandler
                0x1a00019c                I2C0_IRQHandler
                0x1a00019c                SDIO_IRQHandler
                0x1a00019c                ATIMER_IRQHandler
                0x1a00019c                I2C1_IRQHandler
                0x1a00019c                UART1_IRQHandler
                0x1a00019c                GPIO5_IRQHandler
                0x1a00019c                CAN1_IRQHandler
                0x1a00019c                USB1_IRQHandler
                0x1a00019c                I2S0_IRQHandler
                0x1a00019c                TIMER3_IRQHandler
                0x1a00019c                UART0_IRQHandler
                0x1a00019c                SGPIO_IRQHandler
                0x1a00019c                ADC0_IRQHandler
                0x1a00019c                GPIO6_IRQHandler
                0x1a00019c                IntDefaultHandler
                0x1a00019c                GPIO1_IRQHandler
                0x1a00019c                SSP0_IRQHandler
                0x1a00019c                ADC1_IRQHandler
                0x1a00019c                RTC_IRQHandler
                0x1a00019c                TIMER0_IRQHandler
                0x1a00019c                SPI_IRQHandler
                0x1a00019c                LCD_IRQHandler
                0x1a00019c                TIMER1_IRQHandler
                0x1a00019c                UART2_IRQHandler
                0x1a00019c                GPIO2_IRQHandler
                0x1a00019c                I2S1_IRQHandler
                0x1a00019c                SSP1_IRQHandler
                0x1a00019c                USB0_IRQHandler
                0x1a00019c                GPIO3_IRQHandler
                0x1a00019c                SCT_IRQHandler
                0x1a00019c                WDT_IRQHandler
                0x1a00019c                GPIO7_IRQHandler
                0x1a00019c                SPIFI_IRQHandler
                0x1a00019c                QEI_IRQHandler
                0x1a00019c                ETH_IRQHandler
                0x1a00019c                CAN0_IRQHandler
                0x1a00019c                GINT0_IRQHandler
                0x1a00019c                DAC_IRQHandler
                0x1a00019c                M0SUB_IRQHandler
                0x1a00019c                GPIO0_IRQHandler
                0x1a00019c                DMA_IRQHandler
                0x1a00019c                EVRT_IRQHandler
                0x1a00019c                UART3_IRQHandler
                0x1a00019c                MCPWM_IRQHandler
                0x1a00019c                M0APP_IRQHandler
                0x1a00019c                GINT1_IRQHandler
                0x1a00019c                GPIO4_IRQHandler
                0x1a0001a0                data_init
                0x1a0001bc                bss_init
                0x000002fc                . = 0x2fc
 *fill*         0x1a0001d0      0x12c ff
                0x1a0002fc                PROVIDE (__CRP_WORD_START__, .)
 *(.crp)
 .crp           0x1a0002fc        0x4 out/libs/lpc_board_ciaa_edu_4337/src/crp.o
                0x1a0002fc                CRP_WORD
                0x1a000300                PROVIDE (__CRP_WORD_END__, .)
                0x00000001                ASSERT (! ((__CRP_WORD_START__ == __CRP_WORD_END__)), Linker CRP Enabled, but no CRP_WORD provided within application)
 *(.text*)
 .text.main     0x1a000300       0x50 out/app/src/programa.o
                0x1a000300                main
 .text.SystemCoreClockUpdate
                0x1a000350       0x14 out/libs/lpc_chip_43xx/src/chip_18xx_43xx.o
                0x1a000350                SystemCoreClockUpdate
 .text.pll_calc_divs
                0x1a000364       0xa8 out/libs/lpc_chip_43xx/src/clock_18xx_43xx.o
 .text.pll_get_frac
                0x1a00040c       0xfc out/libs/lpc_chip_43xx/src/clock_18xx_43xx.o
 .text.Chip_Clock_FindBaseClock
                0x1a000508       0x48 out/libs/lpc_chip_43xx/src/clock_18xx_43xx.o
 .text.Chip_Clock_EnableCrystal
                0x1a000550       0x4c out/libs/lpc_chip_43xx/src/clock_18xx_43xx.o
                0x1a000550                Chip_Clock_EnableCrystal
 .text.Chip_Clock_GetDividerSource
                0x1a00059c       0x1c out/libs/lpc_chip_43xx/src/clock_18xx_43xx.o
                0x1a00059c                Chip_Clock_GetDividerSource
 .text.Chip_Clock_GetDividerDivisor
                0x1a0005b8       0x1c out/libs/lpc_chip_43xx/src/clock_18xx_43xx.o
                0x1a0005b8                Chip_Clock_GetDividerDivisor
 .text.Chip_Clock_GetClockInputHz
                0x1a0005d4       0xb8 out/libs/lpc_chip_43xx/src/clock_18xx_43xx.o
                0x1a0005d4                Chip_Clock_GetClockInputHz
 .text.Chip_Clock_CalcMainPLLValue
                0x1a00068c       0x80 out/libs/lpc_chip_43xx/src/clock_18xx_43xx.o
                0x1a00068c                Chip_Clock_CalcMainPLLValue
 .text.Chip_Clock_GetMainPLLHz
                0x1a00070c       0x68 out/libs/lpc_chip_43xx/src/clock_18xx_43xx.o
                0x1a00070c                Chip_Clock_GetMainPLLHz
 .text.Chip_Clock_GetDivRate
                0x1a000774       0x24 out/libs/lpc_chip_43xx/src/clock_18xx_43xx.o
 .text.Chip_Clock_SetBaseClock
                0x1a000798       0x44 out/libs/lpc_chip_43xx/src/clock_18xx_43xx.o
                0x1a000798                Chip_Clock_SetBaseClock
 .text.Chip_Clock_GetBaseClock
                0x1a0007dc       0x24 out/libs/lpc_chip_43xx/src/clock_18xx_43xx.o
                0x1a0007dc                Chip_Clock_GetBaseClock
 .text.Chip_Clock_GetBaseClocktHz
                0x1a000800        0xc out/libs/lpc_chip_43xx/src/clock_18xx_43xx.o
                0x1a000800                Chip_Clock_GetBaseClocktHz
 .text.Chip_Clock_GetRate
                0x1a00080c       0x4c out/libs/lpc_chip_43xx/src/clock_18xx_43xx.o
                0x1a00080c                Chip_Clock_GetRate
 .text.fpuInit  0x1a000858       0x58 out/libs/lpc_chip_43xx/src/fpu_init.o
                0x1a000858                fpuInit
 .text.Chip_GPIO_Init
                0x1a0008b0        0x4 out/libs/lpc_chip_43xx/src/gpio_18xx_43xx.o
                0x1a0008b0                Chip_GPIO_Init
 .text.Chip_GPIO_SetDir
                0x1a0008b4       0x24 out/libs/lpc_chip_43xx/src/gpio_18xx_43xx.o
                0x1a0008b4                Chip_GPIO_SetDir
 .text.Chip_SetupCoreClock
                0x1a0008d8      0x158 out/libs/lpc_chip_43xx/src/sysinit_18xx_43xx.o
                0x1a0008d8                Chip_SetupCoreClock
 .text.ResetISR
                0x1a000a30       0x7c out/libs/lpc_board_ciaa_edu_4337/src/cr_startup_lpc43xx.o
                0x1a000a30                ResetISR
 .text.SystemInit
                0x1a000aac        0xc out/libs/lpc_board_ciaa_edu_4337/src/sysinit.o
                0x1a000aac                SystemInit
 .text.Board_SetupMuxing
                0x1a000ab8       0x34 out/libs/lpc_board_ciaa_edu_4337/src/board_sysinit.o
                0x1a000ab8                Board_SetupMuxing
 .text.Board_SetupClocking
                0x1a000aec       0x6c out/libs/lpc_board_ciaa_edu_4337/src/board_sysinit.o
                0x1a000aec                Board_SetupClocking
 .text.Board_SystemInit
                0x1a000b58        0xc out/libs/lpc_board_ciaa_edu_4337/src/board_sysinit.o
                0x1a000b58                Board_SystemInit
 .text.boardInit
                0x1a000b64       0xe0 out/libs/sapi/src/sapi_board.o
                0x1a000b64                boardInit
 .text.gpioObtainPinConfig
                0x1a000c44       0x2c out/libs/sapi/src/sapi_gpio.o
 .text.gpioConfig
                0x1a000c70      0x174 out/libs/sapi/src/sapi_gpio.o
                0x1a000c70                gpioConfig
 .text.gpioWrite
                0x1a000de4       0x58 out/libs/sapi/src/sapi_gpio.o
                0x1a000de4                gpioWrite
 .text.gpioRead
                0x1a000e3c       0x58 out/libs/sapi/src/sapi_gpio.o
                0x1a000e3c                gpioRead
 .text.memset   0x1a000e94       0x10 /home/eric/ciaa-ide/gcc-arm-none-eabi-4_9-2015q1/bin/../lib/gcc/arm-none-eabi/4.9.3/../../../../arm-none-eabi/lib/armv7e-m/fpu/libc_nano.a(lib_a-memset.o)
                0x1a000e94                memset
 *(.rodata .rodata.* .constdata .constdata.*)
 .rodata        0x1a000ea4        0x4 out/libs/lpc_chip_43xx/src/clock_18xx_43xx.o
 .rodata.str1.4
                0x1a000ea8        0x8 out/libs/lpc_chip_43xx/src/clock_18xx_43xx.o
 .rodata.periph_to_base
                0x1a000eb0       0x6c out/libs/lpc_chip_43xx/src/clock_18xx_43xx.o
 .rodata.InitClkStates
                0x1a000f1c       0x48 out/libs/lpc_chip_43xx/src/sysinit_18xx_43xx.o
 .rodata.OscRateIn
                0x1a000f64        0x4 out/libs/lpc_board_ciaa_edu_4337/src/board.o
                0x1a000f64                OscRateIn
 .rodata.ExtRateIn
                0x1a000f68        0x4 out/libs/lpc_board_ciaa_edu_4337/src/board.o
                0x1a000f68                ExtRateIn
 .rodata.InitClkStates
                0x1a000f6c        0xc out/libs/lpc_board_ciaa_edu_4337/src/board_sysinit.o
 .rodata.pinmuxing
                0x1a000f78       0x60 out/libs/lpc_board_ciaa_edu_4337/src/board_sysinit.o
 .rodata.gpioPinsConfig
                0x1a000fd8      0x138 out/libs/sapi/src/sapi_gpio.o
                0x1a000fd8                gpioPinsConfig
                0x1a001110                . = ALIGN (0x4)

.glue_7         0x1a001110        0x0
 .glue_7        0x00000000        0x0 linker stubs

.glue_7t        0x1a001110        0x0
 .glue_7t       0x00000000        0x0 linker stubs

.vfp11_veneer   0x1a001110        0x0
 .vfp11_veneer  0x00000000        0x0 linker stubs

.v4_bx          0x1a001110        0x0
 .v4_bx         0x00000000        0x0 linker stubs

.iplt           0x1a001110        0x0
 .iplt          0x00000000        0x0 out/app/src/programa.o

.rel.dyn        0x1a001110        0x0
 .rel.iplt      0x00000000        0x0 out/app/src/programa.o

.ARM.extab
 *(.ARM.extab* .gnu.linkonce.armextab.*)
                0x1a001110                __exidx_start = .

.ARM.exidx
 *(.ARM.exidx* .gnu.linkonce.armexidx.*)
                0x1a001110                __exidx_end = .
                0x1a001110                _etext = .

.data_RAM2      0x10080000        0x0 load address 0x1a001110
 FILL mask 0xff
 *(.ramfunc.$RAM2)
 *(.ramfunc.$RamLoc40)
 *(.data.$RAM2*)
 *(.data.$RamLoc40*)
                0x10080000                . = ALIGN (0x4)

.data_RAM3      0x20000000        0x0 load address 0x1a001110
 FILL mask 0xff
 *(.ramfunc.$RAM3)
 *(.ramfunc.$RamAHB32)
 *(.data.$RAM3*)
 *(.data.$RamAHB32*)
                0x20000000                . = ALIGN (0x4)

.data_RAM4      0x20008000        0x0 load address 0x1a001110
 FILL mask 0xff
 *(.ramfunc.$RAM4)
 *(.ramfunc.$RamAHB16)
 *(.data.$RAM4*)
 *(.data.$RamAHB16*)
                0x20008000                . = ALIGN (0x4)

.data_RAM5      0x2000c000        0x0 load address 0x1a001110
 FILL mask 0xff
 *(.ramfunc.$RAM5)
 *(.ramfunc.$RamAHB_ETB16)
 *(.data.$RAM5*)
 *(.data.$RamAHB_ETB16*)
                0x2000c000                . = ALIGN (0x4)

.uninit_RESERVED
                0x10000000        0x0
 *(.bss.$RESERVED*)
                0x10000000                . = ALIGN (0x4)
                0x10000000                _end_uninit_RESERVED = .

.data           0x10000000        0x0 load address 0x1a001110
 FILL mask 0xff
                0x10000000                _data = .
 *(vtable)
 *(.ramfunc*)
 *(.data*)
                0x10000000                . = ALIGN (0x4)
                0x10000000                _edata = .

.igot.plt       0x10000000        0x0 load address 0x1a001110
 .igot.plt      0x00000000        0x0 out/app/src/programa.o

.bss_RAM2       0x10080000        0x0
 *(.bss.$RAM2*)
 *(.bss.$RamLoc40*)
                0x10080000                . = ALIGN (0x4)

.bss_RAM3       0x20000000        0x0
 *(.bss.$RAM3*)
 *(.bss.$RamAHB32*)
                0x20000000                . = ALIGN (0x4)

.bss_RAM4       0x20008000        0x0
 *(.bss.$RAM4*)
 *(.bss.$RamAHB16*)
                0x20008000                . = ALIGN (0x4)

.bss_RAM5       0x2000c000        0x0
 *(.bss.$RAM5*)
 *(.bss.$RamAHB_ETB16*)
                0x2000c000                . = ALIGN (0x4)

.bss            0x10000000        0xc
                0x10000000                _bss = .
 *(.bss*)
 .bss.audio_usb_pll_freq
                0x10000000        0x8 out/libs/lpc_chip_43xx/src/clock_18xx_43xx.o
 *(COMMON)
 COMMON         0x10000008        0x4 out/libs/lpc_chip_43xx/src/chip_18xx_43xx.o
                0x10000008                SystemCoreClock
                0x1000000c                . = ALIGN (0x4)
                0x1000000c                _ebss = .
                0x1000000c                PROVIDE (end, .)

.noinit_RAM2    0x10080000        0x0
 *(.noinit.$RAM2*)
 *(.noinit.$RamLoc40*)
                0x10080000                . = ALIGN (0x4)

.noinit_RAM3    0x20000000        0x0
 *(.noinit.$RAM3*)
 *(.noinit.$RamAHB32*)
                0x20000000                . = ALIGN (0x4)

.noinit_RAM4    0x20008000        0x0
 *(.noinit.$RAM4*)
 *(.noinit.$RamAHB16*)
                0x20008000                . = ALIGN (0x4)

.noinit_RAM5    0x2000c000        0x0
 *(.noinit.$RAM5*)
 *(.noinit.$RamAHB_ETB16*)
                0x2000c000                . = ALIGN (0x4)

.noinit         0x1000000c        0x0
                0x1000000c                _noinit = .
 *(.noinit*)
                0x1000000c                . = ALIGN (0x4)
                0x1000000c                _end_noinit = .
                0x1000000c                PROVIDE (_pvHeapStart, .)
                0x10008000                PROVIDE (_vStackTop, (__top_RamLoc32 - 0x0))
                0x53ff6e4a                PROVIDE (__valid_user_code_checksum, (0x0 - ((((((_vStackTop + (ResetISR + 0x1)) + (NMI_Handler + 0x1)) + (HardFault_Handler + 0x1)) + (DEFINED (MemManage_Handler)?MemManage_Handler:0x0 + 0x1)) + (DEFINED (BusFault_Handler)?BusFault_Handler:0x0 + 0x1)) + (DEFINED (UsageFault_Handler)?UsageFault_Handler:0x0 + 0x1))))
OUTPUT(out/program.elf elf32-littlearm)

.debug_info     0x00000000     0x7bc4
 .debug_info    0x00000000      0x2ff out/app/src/programa.o
 .debug_info    0x000002ff      0xcc4 out/libs/lpc_chip_43xx/src/chip_18xx_43xx.o
 .debug_info    0x00000fc3     0x18f5 out/libs/lpc_chip_43xx/src/clock_18xx_43xx.o
 .debug_info    0x000028b8      0x14c out/libs/lpc_chip_43xx/src/fpu_init.o
 .debug_info    0x00002a04      0x4b8 out/libs/lpc_chip_43xx/src/gpio_18xx_43xx.o
 .debug_info    0x00002ebc      0xaf6 out/libs/lpc_chip_43xx/src/sysinit_18xx_43xx.o
 .debug_info    0x000039b2     0x18dc out/libs/lpc_board_ciaa_edu_4337/src/board.o
 .debug_info    0x0000528e       0x3f out/libs/lpc_board_ciaa_edu_4337/src/crp.o
 .debug_info    0x000052cd      0x2dd out/libs/lpc_board_ciaa_edu_4337/src/cr_startup_lpc43xx.o
 .debug_info    0x000055aa       0xf8 out/libs/lpc_board_ciaa_edu_4337/src/sysinit.o
 .debug_info    0x000056a2      0xc83 out/libs/lpc_board_ciaa_edu_4337/src/board_sysinit.o
 .debug_info    0x00006325      0x69d out/libs/sapi/src/sapi_board.o
 .debug_info    0x000069c2     0x1202 out/libs/sapi/src/sapi_gpio.o

.debug_abbrev   0x00000000     0x1555
 .debug_abbrev  0x00000000       0xf3 out/app/src/programa.o
 .debug_abbrev  0x000000f3      0x1f6 out/libs/lpc_chip_43xx/src/chip_18xx_43xx.o
 .debug_abbrev  0x000002e9      0x376 out/libs/lpc_chip_43xx/src/clock_18xx_43xx.o
 .debug_abbrev  0x0000065f       0xa2 out/libs/lpc_chip_43xx/src/fpu_init.o
 .debug_abbrev  0x00000701      0x15a out/libs/lpc_chip_43xx/src/gpio_18xx_43xx.o
 .debug_abbrev  0x0000085b      0x20a out/libs/lpc_chip_43xx/src/sysinit_18xx_43xx.o
 .debug_abbrev  0x00000a65      0x335 out/libs/lpc_board_ciaa_edu_4337/src/board.o
 .debug_abbrev  0x00000d9a       0x36 out/libs/lpc_board_ciaa_edu_4337/src/crp.o
 .debug_abbrev  0x00000dd0      0x12b out/libs/lpc_board_ciaa_edu_4337/src/cr_startup_lpc43xx.o
 .debug_abbrev  0x00000efb       0xa0 out/libs/lpc_board_ciaa_edu_4337/src/sysinit.o
 .debug_abbrev  0x00000f9b      0x225 out/libs/lpc_board_ciaa_edu_4337/src/board_sysinit.o
 .debug_abbrev  0x000011c0       0xe5 out/libs/sapi/src/sapi_board.o
 .debug_abbrev  0x000012a5      0x2b0 out/libs/sapi/src/sapi_gpio.o

.debug_aranges  0x00000000      0x3f8
 .debug_aranges
                0x00000000       0x20 out/app/src/programa.o
 .debug_aranges
                0x00000020       0x38 out/libs/lpc_chip_43xx/src/chip_18xx_43xx.o
 .debug_aranges
                0x00000058      0x128 out/libs/lpc_chip_43xx/src/clock_18xx_43xx.o
 .debug_aranges
                0x00000180       0x20 out/libs/lpc_chip_43xx/src/fpu_init.o
 .debug_aranges
                0x000001a0       0x48 out/libs/lpc_chip_43xx/src/gpio_18xx_43xx.o
 .debug_aranges
                0x000001e8       0x38 out/libs/lpc_chip_43xx/src/sysinit_18xx_43xx.o
 .debug_aranges
                0x00000220       0x90 out/libs/lpc_board_ciaa_edu_4337/src/board.o
 .debug_aranges
                0x000002b0       0x18 out/libs/lpc_board_ciaa_edu_4337/src/crp.o
 .debug_aranges
                0x000002c8       0x80 out/libs/lpc_board_ciaa_edu_4337/src/cr_startup_lpc43xx.o
 .debug_aranges
                0x00000348       0x20 out/libs/lpc_board_ciaa_edu_4337/src/sysinit.o
 .debug_aranges
                0x00000368       0x30 out/libs/lpc_board_ciaa_edu_4337/src/board_sysinit.o
 .debug_aranges
                0x00000398       0x20 out/libs/sapi/src/sapi_board.o
 .debug_aranges
                0x000003b8       0x40 out/libs/sapi/src/sapi_gpio.o

.debug_ranges   0x00000000      0x320
 .debug_ranges  0x00000000       0x10 out/app/src/programa.o
 .debug_ranges  0x00000010       0x28 out/libs/lpc_chip_43xx/src/chip_18xx_43xx.o
 .debug_ranges  0x00000038      0x118 out/libs/lpc_chip_43xx/src/clock_18xx_43xx.o
 .debug_ranges  0x00000150       0x10 out/libs/lpc_chip_43xx/src/fpu_init.o
 .debug_ranges  0x00000160       0x38 out/libs/lpc_chip_43xx/src/gpio_18xx_43xx.o
 .debug_ranges  0x00000198       0x28 out/libs/lpc_chip_43xx/src/sysinit_18xx_43xx.o
 .debug_ranges  0x000001c0       0x80 out/libs/lpc_board_ciaa_edu_4337/src/board.o
 .debug_ranges  0x00000240       0x70 out/libs/lpc_board_ciaa_edu_4337/src/cr_startup_lpc43xx.o
 .debug_ranges  0x000002b0       0x10 out/libs/lpc_board_ciaa_edu_4337/src/sysinit.o
 .debug_ranges  0x000002c0       0x20 out/libs/lpc_board_ciaa_edu_4337/src/board_sysinit.o
 .debug_ranges  0x000002e0       0x10 out/libs/sapi/src/sapi_board.o
 .debug_ranges  0x000002f0       0x30 out/libs/sapi/src/sapi_gpio.o

.debug_macro    0x00000000     0x67e0
 .debug_macro   0x00000000      0x342 out/app/src/programa.o
 .debug_macro   0x00000342      0x87a out/app/src/programa.o
 .debug_macro   0x00000bbc       0x22 out/app/src/programa.o
 .debug_macro   0x00000bde       0x44 out/app/src/programa.o
 .debug_macro   0x00000c22       0x1c out/app/src/programa.o
 .debug_macro   0x00000c3e      0x1f7 out/app/src/programa.o
 .debug_macro   0x00000e35       0x10 out/app/src/programa.o
 .debug_macro   0x00000e45       0x22 out/app/src/programa.o
 .debug_macro   0x00000e67       0x66 out/app/src/programa.o
 .debug_macro   0x00000ecd       0x28 out/app/src/programa.o
 .debug_macro   0x00000ef5       0x3b out/app/src/programa.o
 .debug_macro   0x00000f30       0x2d out/app/src/programa.o
 .debug_macro   0x00000f5d       0x42 out/app/src/programa.o
 .debug_macro   0x00000f9f      0xd39 out/app/src/programa.o
 .debug_macro   0x00001cd8      0x2bc out/app/src/programa.o
 .debug_macro   0x00001f94      0x112 out/app/src/programa.o
 .debug_macro   0x000020a6       0x11 out/app/src/programa.o
 .debug_macro   0x000020b7       0x2a out/app/src/programa.o
 .debug_macro   0x000020e1       0x16 out/app/src/programa.o
 .debug_macro   0x000020f7      0x2e6 out/app/src/programa.o
 .debug_macro   0x000023dd       0x82 out/app/src/programa.o
 .debug_macro   0x0000245f      0x13d out/app/src/programa.o
 .debug_macro   0x0000259c      0x198 out/app/src/programa.o
 .debug_macro   0x00002734       0x34 out/app/src/programa.o
 .debug_macro   0x00002768       0x58 out/app/src/programa.o
 .debug_macro   0x000027c0      0x236 out/app/src/programa.o
 .debug_macro   0x000029f6      0x572 out/app/src/programa.o
 .debug_macro   0x00002f68       0x16 out/app/src/programa.o
 .debug_macro   0x00002f7e      0x18a out/app/src/programa.o
 .debug_macro   0x00003108       0x88 out/app/src/programa.o
 .debug_macro   0x00003190      0x1b9 out/app/src/programa.o
 .debug_macro   0x00003349      0x1da out/app/src/programa.o
 .debug_macro   0x00003523       0x40 out/app/src/programa.o
 .debug_macro   0x00003563       0x1c out/app/src/programa.o
 .debug_macro   0x0000357f       0x2e out/app/src/programa.o
 .debug_macro   0x000035ad       0x2e out/app/src/programa.o
 .debug_macro   0x000035db       0x22 out/app/src/programa.o
 .debug_macro   0x000035fd      0x201 out/app/src/programa.o
 .debug_macro   0x000037fe       0xe0 out/app/src/programa.o
 .debug_macro   0x000038de      0x34c out/app/src/programa.o
 .debug_macro   0x00003c2a       0xdc out/app/src/programa.o
 .debug_macro   0x00003d06       0xc4 out/app/src/programa.o
 .debug_macro   0x00003dca       0x94 out/app/src/programa.o
 .debug_macro   0x00003e5e       0xb8 out/app/src/programa.o
 .debug_macro   0x00003f16       0x4c out/app/src/programa.o
 .debug_macro   0x00003f62       0x16 out/app/src/programa.o
 .debug_macro   0x00003f78      0x328 out/app/src/programa.o
 .debug_macro   0x000042a0       0x3a out/app/src/programa.o
 .debug_macro   0x000042da       0xd0 out/app/src/programa.o
 .debug_macro   0x000043aa       0x18 out/app/src/programa.o
 .debug_macro   0x000043c2       0x22 out/app/src/programa.o
 .debug_macro   0x000043e4       0x40 out/app/src/programa.o
 .debug_macro   0x00004424       0x28 out/app/src/programa.o
 .debug_macro   0x0000444c      0x2e9 out/libs/lpc_chip_43xx/src/chip_18xx_43xx.o
 .debug_macro   0x00004735      0x2ef out/libs/lpc_chip_43xx/src/clock_18xx_43xx.o
 .debug_macro   0x00004a24       0xcf out/libs/lpc_chip_43xx/src/fpu_init.o
 .debug_macro   0x00004af3      0x2e9 out/libs/lpc_chip_43xx/src/gpio_18xx_43xx.o
 .debug_macro   0x00004ddc      0x2e9 out/libs/lpc_chip_43xx/src/sysinit_18xx_43xx.o
 .debug_macro   0x000050c5      0x404 out/libs/lpc_board_ciaa_edu_4337/src/board.o
 .debug_macro   0x000054c9       0x46 out/libs/lpc_board_ciaa_edu_4337/src/board.o
 .debug_macro   0x0000550f       0x16 out/libs/lpc_board_ciaa_edu_4337/src/board.o
 .debug_macro   0x00005525       0x97 out/libs/lpc_board_ciaa_edu_4337/src/board.o
 .debug_macro   0x000055bc       0xef out/libs/lpc_board_ciaa_edu_4337/src/board.o
 .debug_macro   0x000056ab       0x10 out/libs/lpc_board_ciaa_edu_4337/src/board.o
 .debug_macro   0x000056bb       0x10 out/libs/lpc_board_ciaa_edu_4337/src/board.o
 .debug_macro   0x000056cb       0x22 out/libs/lpc_board_ciaa_edu_4337/src/board.o
 .debug_macro   0x000056ed       0xbd out/libs/lpc_board_ciaa_edu_4337/src/board.o
 .debug_macro   0x000057aa       0x16 out/libs/lpc_board_ciaa_edu_4337/src/board.o
 .debug_macro   0x000057c0      0x196 out/libs/lpc_board_ciaa_edu_4337/src/board.o
 .debug_macro   0x00005956       0x20 out/libs/lpc_board_ciaa_edu_4337/src/board.o
 .debug_macro   0x00005976       0x16 out/libs/lpc_board_ciaa_edu_4337/src/board.o
 .debug_macro   0x0000598c       0x17 out/libs/lpc_board_ciaa_edu_4337/src/crp.o
 .debug_macro   0x000059a3       0x1d out/libs/lpc_board_ciaa_edu_4337/src/cr_startup_lpc43xx.o
 .debug_macro   0x000059c0      0x3e7 out/libs/lpc_board_ciaa_edu_4337/src/sysinit.o
 .debug_macro   0x00005da7      0x3e7 out/libs/lpc_board_ciaa_edu_4337/src/board_sysinit.o
 .debug_macro   0x0000618e      0x32e out/libs/sapi/src/sapi_board.o
 .debug_macro   0x000064bc      0x324 out/libs/sapi/src/sapi_gpio.o

.debug_line     0x00000000     0x5200
 .debug_line    0x00000000      0x744 out/app/src/programa.o
 .debug_line    0x00000744      0x6cb out/libs/lpc_chip_43xx/src/chip_18xx_43xx.o
 .debug_line    0x00000e0f      0xa74 out/libs/lpc_chip_43xx/src/clock_18xx_43xx.o
 .debug_line    0x00001883      0x286 out/libs/lpc_chip_43xx/src/fpu_init.o
 .debug_line    0x00001b09      0x6f0 out/libs/lpc_chip_43xx/src/gpio_18xx_43xx.o
 .debug_line    0x000021f9      0x73f out/libs/lpc_chip_43xx/src/sysinit_18xx_43xx.o
 .debug_line    0x00002938      0x90e out/libs/lpc_board_ciaa_edu_4337/src/board.o
 .debug_line    0x00003246       0x47 out/libs/lpc_board_ciaa_edu_4337/src/crp.o
 .debug_line    0x0000328d      0x11c out/libs/lpc_board_ciaa_edu_4337/src/cr_startup_lpc43xx.o
 .debug_line    0x000033a9      0x76e out/libs/lpc_board_ciaa_edu_4337/src/sysinit.o
 .debug_line    0x00003b17      0x7c3 out/libs/lpc_board_ciaa_edu_4337/src/board_sysinit.o
 .debug_line    0x000042da      0x72e out/libs/sapi/src/sapi_board.o
 .debug_line    0x00004a08      0x7f8 out/libs/sapi/src/sapi_gpio.o

.debug_str      0x00000000    0x197dc
 .debug_str     0x00000000    0x143eb out/app/src/programa.o
                              0x145be (size before relaxing)
 .debug_str     0x000143eb      0xe30 out/libs/lpc_chip_43xx/src/chip_18xx_43xx.o
                              0x151e9 (size before relaxing)
 .debug_str     0x0001521b      0x51e out/libs/lpc_chip_43xx/src/clock_18xx_43xx.o
                              0x15652 (size before relaxing)
 .debug_str     0x00015739       0xc5 out/libs/lpc_chip_43xx/src/fpu_init.o
                               0x8c5d (size before relaxing)
 .debug_str     0x000157fe      0x14a out/libs/lpc_chip_43xx/src/gpio_18xx_43xx.o
                              0x144ca (size before relaxing)
 .debug_str     0x00015948       0xf7 out/libs/lpc_chip_43xx/src/sysinit_18xx_43xx.o
                              0x150da (size before relaxing)
 .debug_str     0x00015a3f     0x37b0 out/libs/lpc_board_ciaa_edu_4337/src/board.o
                              0x187d4 (size before relaxing)
 .debug_str     0x000191ef       0x46 out/libs/lpc_board_ciaa_edu_4337/src/crp.o
                               0x24da (size before relaxing)
 .debug_str     0x00019235      0x1f8 out/libs/lpc_board_ciaa_edu_4337/src/cr_startup_lpc43xx.o
                               0x26b0 (size before relaxing)
 .debug_str     0x0001942d       0x46 out/libs/lpc_board_ciaa_edu_4337/src/sysinit.o
                              0x1758d (size before relaxing)
 .debug_str     0x00019473       0xce out/libs/lpc_board_ciaa_edu_4337/src/board_sysinit.o
                              0x1837a (size before relaxing)
 .debug_str     0x00019541      0x189 out/libs/sapi/src/sapi_board.o
                              0x1471b (size before relaxing)
 .debug_str     0x000196ca      0x112 out/libs/sapi/src/sapi_gpio.o
                              0x151e8 (size before relaxing)

.comment        0x00000000       0x70
 .comment       0x00000000       0x70 out/app/src/programa.o
                                 0x71 (size before relaxing)
 .comment       0x00000000       0x71 out/libs/lpc_chip_43xx/src/chip_18xx_43xx.o
 .comment       0x00000000       0x71 out/libs/lpc_chip_43xx/src/clock_18xx_43xx.o
 .comment       0x00000000       0x71 out/libs/lpc_chip_43xx/src/fpu_init.o
 .comment       0x00000000       0x71 out/libs/lpc_chip_43xx/src/gpio_18xx_43xx.o
 .comment       0x00000000       0x71 out/libs/lpc_chip_43xx/src/sysinit_18xx_43xx.o
 .comment       0x00000000       0x71 out/libs/lpc_board_ciaa_edu_4337/src/board.o
 .comment       0x00000000       0x71 out/libs/lpc_board_ciaa_edu_4337/src/crp.o
 .comment       0x00000000       0x71 out/libs/lpc_board_ciaa_edu_4337/src/cr_startup_lpc43xx.o
 .comment       0x00000000       0x71 out/libs/lpc_board_ciaa_edu_4337/src/sysinit.o
 .comment       0x00000000       0x71 out/libs/lpc_board_ciaa_edu_4337/src/board_sysinit.o
 .comment       0x00000000       0x71 out/libs/sapi/src/sapi_board.o
 .comment       0x00000000       0x71 out/libs/sapi/src/sapi_gpio.o

.ARM.attributes
                0x00000000       0x39
 .ARM.attributes
                0x00000000       0x39 out/app/src/programa.o
 .ARM.attributes
                0x00000039       0x39 out/libs/lpc_chip_43xx/src/chip_18xx_43xx.o
 .ARM.attributes
                0x00000072       0x39 out/libs/lpc_chip_43xx/src/clock_18xx_43xx.o
 .ARM.attributes
                0x000000ab       0x39 out/libs/lpc_chip_43xx/src/fpu_init.o
 .ARM.attributes
                0x000000e4       0x39 out/libs/lpc_chip_43xx/src/gpio_18xx_43xx.o
 .ARM.attributes
                0x0000011d       0x39 out/libs/lpc_chip_43xx/src/sysinit_18xx_43xx.o
 .ARM.attributes
                0x00000156       0x39 out/libs/lpc_board_ciaa_edu_4337/src/board.o
 .ARM.attributes
                0x0000018f       0x39 out/libs/lpc_board_ciaa_edu_4337/src/crp.o
 .ARM.attributes
                0x000001c8       0x39 out/libs/lpc_board_ciaa_edu_4337/src/cr_startup_lpc43xx.o
 .ARM.attributes
                0x00000201       0x39 out/libs/lpc_board_ciaa_edu_4337/src/sysinit.o
 .ARM.attributes
                0x0000023a       0x39 out/libs/lpc_board_ciaa_edu_4337/src/board_sysinit.o
 .ARM.attributes
                0x00000273       0x39 out/libs/sapi/src/sapi_board.o
 .ARM.attributes
                0x000002ac       0x39 out/libs/sapi/src/sapi_gpio.o
 .ARM.attributes
                0x000002e5       0x34 /home/eric/ciaa-ide/gcc-arm-none-eabi-4_9-2015q1/bin/../lib/gcc/arm-none-eabi/4.9.3/../../../../arm-none-eabi/lib/armv7e-m/fpu/libc_nano.a(lib_a-memset.o)

.debug_frame    0x00000000      0x86c
 .debug_frame   0x00000000       0x28 out/app/src/programa.o
 .debug_frame   0x00000028       0x70 out/libs/lpc_chip_43xx/src/chip_18xx_43xx.o
 .debug_frame   0x00000098      0x310 out/libs/lpc_chip_43xx/src/clock_18xx_43xx.o
 .debug_frame   0x000003a8       0x28 out/libs/lpc_chip_43xx/src/fpu_init.o
 .debug_frame   0x000003d0       0x88 out/libs/lpc_chip_43xx/src/gpio_18xx_43xx.o
 .debug_frame   0x00000458       0x7c out/libs/lpc_chip_43xx/src/sysinit_18xx_43xx.o
 .debug_frame   0x000004d4      0x138 out/libs/lpc_board_ciaa_edu_4337/src/board.o
 .debug_frame   0x0000060c       0xf4 out/libs/lpc_board_ciaa_edu_4337/src/cr_startup_lpc43xx.o
 .debug_frame   0x00000700       0x28 out/libs/lpc_board_ciaa_edu_4337/src/sysinit.o
 .debug_frame   0x00000728       0x5c out/libs/lpc_board_ciaa_edu_4337/src/board_sysinit.o
 .debug_frame   0x00000784       0x28 out/libs/sapi/src/sapi_board.o
 .debug_frame   0x000007ac       0xa0 out/libs/sapi/src/sapi_gpio.o
 .debug_frame   0x0000084c       0x20 /home/eric/ciaa-ide/gcc-arm-none-eabi-4_9-2015q1/bin/../lib/gcc/arm-none-eabi/4.9.3/../../../../arm-none-eabi/lib/armv7e-m/fpu/libc_nano.a(lib_a-memset.o)

.debug_loc      0x00000000     0x24a4
 .debug_loc     0x00000000     0x12ce out/libs/lpc_chip_43xx/src/clock_18xx_43xx.o
 .debug_loc     0x000012ce       0x1f out/libs/lpc_chip_43xx/src/fpu_init.o
 .debug_loc     0x000012ed      0x35b out/libs/lpc_chip_43xx/src/gpio_18xx_43xx.o
 .debug_loc     0x00001648      0x110 out/libs/lpc_chip_43xx/src/sysinit_18xx_43xx.o
 .debug_loc     0x00001758      0x3f5 out/libs/lpc_board_ciaa_edu_4337/src/board.o
 .debug_loc     0x00001b4d      0x1f0 out/libs/lpc_board_ciaa_edu_4337/src/cr_startup_lpc43xx.o
 .debug_loc     0x00001d3d       0x97 out/libs/lpc_board_ciaa_edu_4337/src/board_sysinit.o
 .debug_loc     0x00001dd4      0x6d0 out/libs/sapi/src/sapi_gpio.o

Cross Reference Table

Symbol                                            File
ADC0_IRQHandler                                   out/libs/lpc_board_ciaa_edu_4337/src/cr_startup_lpc43xx.o
ADC1_IRQHandler                                   out/libs/lpc_board_ciaa_edu_4337/src/cr_startup_lpc43xx.o
ADCHS_IRQHandler                                  out/libs/lpc_board_ciaa_edu_4337/src/cr_startup_lpc43xx.o
ATIMER_IRQHandler                                 out/libs/lpc_board_ciaa_edu_4337/src/cr_startup_lpc43xx.o
Board_DAC_Init                                    out/libs/lpc_board_ciaa_edu_4337/src/board.o
Board_Debug_Init                                  out/libs/lpc_board_ciaa_edu_4337/src/board.o
Board_ENET_GetMacADDR                             out/libs/lpc_board_ciaa_edu_4337/src/board.o
Board_I2C_Init                                    out/libs/lpc_board_ciaa_edu_4337/src/board.o
Board_Init                                        out/libs/lpc_board_ciaa_edu_4337/src/board.o
Board_LED_Set                                     out/libs/lpc_board_ciaa_edu_4337/src/board.o
Board_LED_Test                                    out/libs/lpc_board_ciaa_edu_4337/src/board.o
Board_LED_Toggle                                  out/libs/lpc_board_ciaa_edu_4337/src/board.o
Board_SDMMC_Init                                  out/libs/lpc_board_ciaa_edu_4337/src/board.o
Board_SSP_Init                                    out/libs/lpc_board_ciaa_edu_4337/src/board.o
Board_SetupClocking                               out/libs/lpc_board_ciaa_edu_4337/src/board_sysinit.o
Board_SetupMuxing                                 out/libs/lpc_board_ciaa_edu_4337/src/board_sysinit.o
Board_SystemInit                                  out/libs/lpc_board_ciaa_edu_4337/src/board_sysinit.o
                                                  out/libs/lpc_board_ciaa_edu_4337/src/sysinit.o
Board_UARTGetChar                                 out/libs/lpc_board_ciaa_edu_4337/src/board.o
                                                  out/libs/lpc_board_ciaa_edu_4337/src/system.o
Board_UARTPutChar                                 out/libs/lpc_board_ciaa_edu_4337/src/board.o
                                                  out/libs/lpc_board_ciaa_edu_4337/src/system.o
Board_UARTPutSTR                                  out/libs/lpc_board_ciaa_edu_4337/src/board.o
Board_UART_Init                                   out/libs/lpc_board_ciaa_edu_4337/src/board.o
BusFault_Handler                                  out/libs/lpc_board_ciaa_edu_4337/src/cr_startup_lpc43xx.o
CAN0_IRQHandler                                   out/libs/lpc_board_ciaa_edu_4337/src/cr_startup_lpc43xx.o
CAN1_IRQHandler                                   out/libs/lpc_board_ciaa_edu_4337/src/cr_startup_lpc43xx.o
CRP_WORD                                          out/libs/lpc_board_ciaa_edu_4337/src/crp.o
Chip_ADC_DeInit                                   out/libs/lpc_chip_43xx/src/adc_18xx_43xx.o
Chip_ADC_EnableChannel                            out/libs/lpc_chip_43xx/src/adc_18xx_43xx.o
Chip_ADC_Init                                     out/libs/lpc_chip_43xx/src/adc_18xx_43xx.o
Chip_ADC_Int_SetChannelCmd                        out/libs/lpc_chip_43xx/src/adc_18xx_43xx.o
Chip_ADC_ReadByte                                 out/libs/lpc_chip_43xx/src/adc_18xx_43xx.o
Chip_ADC_ReadStatus                               out/libs/lpc_chip_43xx/src/adc_18xx_43xx.o
Chip_ADC_ReadValue                                out/libs/lpc_chip_43xx/src/adc_18xx_43xx.o
Chip_ADC_SetBurstCmd                              out/libs/lpc_chip_43xx/src/adc_18xx_43xx.o
Chip_ADC_SetResolution                            out/libs/lpc_chip_43xx/src/adc_18xx_43xx.o
Chip_ADC_SetSampleRate                            out/libs/lpc_chip_43xx/src/adc_18xx_43xx.o
Chip_ADC_SetStartMode                             out/libs/lpc_chip_43xx/src/adc_18xx_43xx.o
Chip_AES_Config_DMA                               out/libs/lpc_chip_43xx/src/aes_18xx_43xx.o
Chip_AES_GetStatusDMA                             out/libs/lpc_chip_43xx/src/aes_18xx_43xx.o
Chip_AES_Init                                     out/libs/lpc_chip_43xx/src/aes_18xx_43xx.o
Chip_AES_LoadIV_IC                                out/libs/lpc_chip_43xx/src/aes_18xx_43xx.o
Chip_AES_LoadIV_SW                                out/libs/lpc_chip_43xx/src/aes_18xx_43xx.o
Chip_AES_LoadKey                                  out/libs/lpc_chip_43xx/src/aes_18xx_43xx.o
Chip_AES_LoadKeyRNG                               out/libs/lpc_chip_43xx/src/aes_18xx_43xx.o
Chip_AES_LoadKeySW                                out/libs/lpc_chip_43xx/src/aes_18xx_43xx.o
Chip_AES_Operate                                  out/libs/lpc_chip_43xx/src/aes_18xx_43xx.o
Chip_AES_OperateDMA                               out/libs/lpc_chip_43xx/src/aes_18xx_43xx.o
Chip_AES_ProgramKey                               out/libs/lpc_chip_43xx/src/aes_18xx_43xx.o
Chip_AES_SetMode                                  out/libs/lpc_chip_43xx/src/aes_18xx_43xx.o
Chip_ATIMER_DeInit                                out/libs/lpc_chip_43xx/src/atimer_18xx_43xx.o
Chip_ATIMER_Init                                  out/libs/lpc_chip_43xx/src/atimer_18xx_43xx.o
Chip_CCAN_AddReceiveID                            out/libs/lpc_chip_43xx/src/ccan_18xx_43xx.o
Chip_CCAN_ClearStatus                             out/libs/lpc_chip_43xx/src/ccan_18xx_43xx.o
Chip_CCAN_DeInit                                  out/libs/lpc_chip_43xx/src/ccan_18xx_43xx.o
Chip_CCAN_DeleteReceiveID                         out/libs/lpc_chip_43xx/src/ccan_18xx_43xx.o
Chip_CCAN_GetMsgObject                            out/libs/lpc_chip_43xx/src/ccan_18xx_43xx.o
Chip_CCAN_Init                                    out/libs/lpc_chip_43xx/src/ccan_18xx_43xx.o
Chip_CCAN_Send                                    out/libs/lpc_chip_43xx/src/ccan_18xx_43xx.o
Chip_CCAN_SetBitRate                              out/libs/lpc_chip_43xx/src/ccan_18xx_43xx.o
Chip_CCAN_SetMsgObject                            out/libs/lpc_chip_43xx/src/ccan_18xx_43xx.o
Chip_CCAN_SetValidMsg                             out/libs/lpc_chip_43xx/src/ccan_18xx_43xx.o
Chip_CCAN_TransferMsgObject                       out/libs/lpc_chip_43xx/src/ccan_18xx_43xx.o
Chip_Clock_CalcMainPLLValue                       out/libs/lpc_chip_43xx/src/clock_18xx_43xx.o
                                                  out/libs/lpc_chip_43xx/src/sysinit_18xx_43xx.o
Chip_Clock_ClearPowerDown                         out/libs/lpc_chip_43xx/src/clock_18xx_43xx.o
Chip_Clock_Disable                                out/libs/lpc_chip_43xx/src/clock_18xx_43xx.o
                                                  out/libs/lpc_chip_43xx/src/i2s_18xx_43xx.o
                                                  out/libs/lpc_chip_43xx/src/ssp_18xx_43xx.o
                                                  out/libs/lpc_chip_43xx/src/enet_18xx_43xx.o
                                                  out/libs/lpc_chip_43xx/src/ccan_18xx_43xx.o
                                                  out/libs/lpc_chip_43xx/src/gpdma_18xx_43xx.o
                                                  out/libs/lpc_chip_43xx/src/hsadc_18xx_43xx.o
                                                  out/libs/lpc_chip_43xx/src/spi_18xx_43xx.o
                                                  out/libs/lpc_chip_43xx/src/sct_18xx_43xx.o
                                                  out/libs/lpc_chip_43xx/src/i2cm_18xx_43xx.o
                                                  out/libs/lpc_chip_43xx/src/timer_18xx_43xx.o
                                                  out/libs/lpc_chip_43xx/src/i2c_18xx_43xx.o
                                                  out/libs/lpc_chip_43xx/src/sdif_18xx_43xx.o
                                                  out/libs/lpc_chip_43xx/src/adc_18xx_43xx.o
                                                  out/libs/lpc_chip_43xx/src/uart_18xx_43xx.o
                                                  out/libs/lpc_chip_43xx/src/lcd_18xx_43xx.o
                                                  out/libs/lpc_chip_43xx/src/dac_18xx_43xx.o
                                                  out/libs/lpc_chip_43xx/src/ritimer_18xx_43xx.o
Chip_Clock_DisableBaseClock                       out/libs/lpc_chip_43xx/src/clock_18xx_43xx.o
Chip_Clock_DisableCrystal                         out/libs/lpc_chip_43xx/src/clock_18xx_43xx.o
Chip_Clock_DisablePLL                             out/libs/lpc_chip_43xx/src/clock_18xx_43xx.o
Chip_Clock_Enable                                 out/libs/lpc_chip_43xx/src/clock_18xx_43xx.o
                                                  out/libs/lpc_chip_43xx/src/i2s_18xx_43xx.o
                                                  out/libs/lpc_chip_43xx/src/ssp_18xx_43xx.o
                                                  out/libs/lpc_chip_43xx/src/hsadc_18xx_43xx.o
                                                  out/libs/lpc_chip_43xx/src/spi_18xx_43xx.o
                                                  out/libs/lpc_chip_43xx/src/i2cm_18xx_43xx.o
                                                  out/libs/lpc_chip_43xx/src/timer_18xx_43xx.o
                                                  out/libs/lpc_chip_43xx/src/i2c_18xx_43xx.o
Chip_Clock_EnableBaseClock                        out/libs/lpc_chip_43xx/src/clock_18xx_43xx.o
                                                  out/libs/lpc_chip_43xx/src/chip_18xx_43xx.o
Chip_Clock_EnableCrystal                          out/libs/lpc_chip_43xx/src/clock_18xx_43xx.o
                                                  out/libs/lpc_chip_43xx/src/sysinit_18xx_43xx.o
Chip_Clock_EnableOpts                             out/libs/lpc_chip_43xx/src/clock_18xx_43xx.o
                                                  out/libs/lpc_chip_43xx/src/enet_18xx_43xx.o
                                                  out/libs/lpc_chip_43xx/src/ccan_18xx_43xx.o
                                                  out/libs/lpc_chip_43xx/src/gpdma_18xx_43xx.o
                                                  out/libs/lpc_chip_43xx/src/hsadc_18xx_43xx.o
                                                  out/libs/lpc_chip_43xx/src/sct_18xx_43xx.o
                                                  out/libs/lpc_chip_43xx/src/chip_18xx_43xx.o
                                                  out/libs/lpc_chip_43xx/src/sdif_18xx_43xx.o
                                                  out/libs/lpc_chip_43xx/src/adc_18xx_43xx.o
                                                  out/libs/lpc_chip_43xx/src/uart_18xx_43xx.o
                                                  out/libs/lpc_chip_43xx/src/lcd_18xx_43xx.o
                                                  out/libs/lpc_chip_43xx/src/dac_18xx_43xx.o
                                                  out/libs/lpc_chip_43xx/src/ritimer_18xx_43xx.o
Chip_Clock_EnablePLL                              out/libs/lpc_chip_43xx/src/clock_18xx_43xx.o
                                                  out/libs/lpc_chip_43xx/src/chip_18xx_43xx.o
Chip_Clock_GetBaseClock                           out/libs/lpc_chip_43xx/src/clock_18xx_43xx.o
Chip_Clock_GetBaseClockOpts                       out/libs/lpc_chip_43xx/src/clock_18xx_43xx.o
Chip_Clock_GetBaseClocktHz                        out/libs/lpc_chip_43xx/src/clock_18xx_43xx.o
                                                  out/libs/lpc_chip_43xx/src/sdmmc_18xx_43xx.o
                                                  out/libs/lpc_chip_43xx/src/sdio_18xx_43xx.o
Chip_Clock_GetClockInputHz                        out/libs/lpc_chip_43xx/src/clock_18xx_43xx.o
                                                  out/libs/lpc_chip_43xx/src/chip_18xx_43xx.o
Chip_Clock_GetDividerDivisor                      out/libs/lpc_chip_43xx/src/clock_18xx_43xx.o
Chip_Clock_GetDividerSource                       out/libs/lpc_chip_43xx/src/clock_18xx_43xx.o
Chip_Clock_GetEMCRate                             out/libs/lpc_chip_43xx/src/clock_18xx_43xx.o
                                                  out/libs/lpc_chip_43xx/src/emc_18xx_43xx.o
Chip_Clock_GetMainPLLHz                           out/libs/lpc_chip_43xx/src/clock_18xx_43xx.o
Chip_Clock_GetPLLStatus                           out/libs/lpc_chip_43xx/src/clock_18xx_43xx.o
                                                  out/libs/lpc_chip_43xx/src/chip_18xx_43xx.o
Chip_Clock_GetRate                                out/libs/lpc_chip_43xx/src/clock_18xx_43xx.o
                                                  out/libs/lpc_chip_43xx/src/i2s_18xx_43xx.o
                                                  out/libs/lpc_chip_43xx/src/ssp_18xx_43xx.o
                                                  out/libs/lpc_chip_43xx/src/sct_pwm_18xx_43xx.o
                                                  out/libs/lpc_chip_43xx/src/ccan_18xx_43xx.o
                                                  out/libs/lpc_chip_43xx/src/hsadc_18xx_43xx.o
                                                  out/libs/lpc_chip_43xx/src/spi_18xx_43xx.o
                                                  out/libs/lpc_chip_43xx/src/eeprom_18xx_43xx.o
                                                  out/libs/lpc_chip_43xx/src/i2cm_18xx_43xx.o
                                                  out/libs/lpc_chip_43xx/src/i2c_18xx_43xx.o
                                                  out/libs/lpc_chip_43xx/src/stopwatch_18xx_43xx.o
                                                  out/libs/lpc_chip_43xx/src/chip_18xx_43xx.o
                                                  out/libs/lpc_chip_43xx/src/adc_18xx_43xx.o
                                                  out/libs/lpc_chip_43xx/src/uart_18xx_43xx.o
                                                  out/libs/lpc_chip_43xx/src/ritimer_18xx_43xx.o
Chip_Clock_IsBaseClockEnabled                     out/libs/lpc_chip_43xx/src/clock_18xx_43xx.o
Chip_Clock_RTCEnable                              out/libs/lpc_chip_43xx/src/clock_18xx_43xx.o
                                                  out/libs/lpc_chip_43xx/src/rtc_18xx_43xx.o
Chip_Clock_SetBaseClock                           out/libs/lpc_chip_43xx/src/clock_18xx_43xx.o
                                                  out/libs/lpc_board_ciaa_edu_4337/src/board_sysinit.o
                                                  out/libs/lpc_chip_43xx/src/sysinit_18xx_43xx.o
                                                  out/libs/lpc_chip_43xx/src/chip_18xx_43xx.o
Chip_Clock_SetDivider                             out/libs/lpc_chip_43xx/src/clock_18xx_43xx.o
                                                  out/libs/lpc_chip_43xx/src/chip_18xx_43xx.o
Chip_Clock_SetupMainPLLHz                         out/libs/lpc_chip_43xx/src/clock_18xx_43xx.o
Chip_Clock_SetupMainPLLMult                       out/libs/lpc_chip_43xx/src/clock_18xx_43xx.o
Chip_Clock_SetupPLL                               out/libs/lpc_chip_43xx/src/clock_18xx_43xx.o
                                                  out/libs/lpc_chip_43xx/src/chip_18xx_43xx.o
Chip_Clock_StartPowerDown                         out/libs/lpc_chip_43xx/src/clock_18xx_43xx.o
Chip_DAC_DeInit                                   out/libs/lpc_chip_43xx/src/dac_18xx_43xx.o
Chip_DAC_Init                                     out/libs/lpc_chip_43xx/src/dac_18xx_43xx.o
Chip_DAC_SetBias                                  out/libs/lpc_chip_43xx/src/dac_18xx_43xx.o
Chip_DAC_UpdateValue                              out/libs/lpc_chip_43xx/src/dac_18xx_43xx.o
Chip_EEPROM_EraseProgramPage                      out/libs/lpc_chip_43xx/src/eeprom_18xx_43xx.o
Chip_EEPROM_Init                                  out/libs/lpc_chip_43xx/src/eeprom_18xx_43xx.o
Chip_EEPROM_WaitForIntStatus                      out/libs/lpc_chip_43xx/src/eeprom_18xx_43xx.o
Chip_EMC_Dynamic_Enable                           out/libs/lpc_chip_43xx/src/emc_18xx_43xx.o
Chip_EMC_Dynamic_Init                             out/libs/lpc_chip_43xx/src/emc_18xx_43xx.o
Chip_EMC_Enable                                   out/libs/lpc_chip_43xx/src/emc_18xx_43xx.o
Chip_EMC_Init                                     out/libs/lpc_chip_43xx/src/emc_18xx_43xx.o
Chip_EMC_LowPowerMode                             out/libs/lpc_chip_43xx/src/emc_18xx_43xx.o
Chip_EMC_Mirror                                   out/libs/lpc_chip_43xx/src/emc_18xx_43xx.o
Chip_EMC_Static_Init                              out/libs/lpc_chip_43xx/src/emc_18xx_43xx.o
Chip_ENET_DeInit                                  out/libs/lpc_chip_43xx/src/enet_18xx_43xx.o
Chip_ENET_Init                                    out/libs/lpc_chip_43xx/src/enet_18xx_43xx.o
Chip_ENET_SetDuplex                               out/libs/lpc_chip_43xx/src/enet_18xx_43xx.o
Chip_ENET_SetSpeed                                out/libs/lpc_chip_43xx/src/enet_18xx_43xx.o
Chip_ENET_SetupMII                                out/libs/lpc_chip_43xx/src/enet_18xx_43xx.o
Chip_ENET_StartMIIRead                            out/libs/lpc_chip_43xx/src/enet_18xx_43xx.o
Chip_ENET_StartMIIWrite                           out/libs/lpc_chip_43xx/src/enet_18xx_43xx.o
Chip_EVRT_ConfigIntSrcActiveType                  out/libs/lpc_chip_43xx/src/evrt_18xx_43xx.o
Chip_EVRT_Init                                    out/libs/lpc_chip_43xx/src/evrt_18xx_43xx.o
Chip_EVRT_IsSourceInterrupting                    out/libs/lpc_chip_43xx/src/evrt_18xx_43xx.o
Chip_EVRT_SetUpIntSrc                             out/libs/lpc_chip_43xx/src/evrt_18xx_43xx.o
Chip_GPDMA_ChannelCmd                             out/libs/lpc_chip_43xx/src/gpdma_18xx_43xx.o
Chip_GPDMA_ClearIntPending                        out/libs/lpc_chip_43xx/src/gpdma_18xx_43xx.o
Chip_GPDMA_DeInit                                 out/libs/lpc_chip_43xx/src/gpdma_18xx_43xx.o
Chip_GPDMA_GetFreeChannel                         out/libs/lpc_chip_43xx/src/gpdma_18xx_43xx.o
Chip_GPDMA_Init                                   out/libs/lpc_chip_43xx/src/gpdma_18xx_43xx.o
Chip_GPDMA_InitChannelCfg                         out/libs/lpc_chip_43xx/src/gpdma_18xx_43xx.o
Chip_GPDMA_IntGetStatus                           out/libs/lpc_chip_43xx/src/gpdma_18xx_43xx.o
Chip_GPDMA_Interrupt                              out/libs/lpc_chip_43xx/src/gpdma_18xx_43xx.o
Chip_GPDMA_PrepareDescriptor                      out/libs/lpc_chip_43xx/src/gpdma_18xx_43xx.o
Chip_GPDMA_SGTransfer                             out/libs/lpc_chip_43xx/src/gpdma_18xx_43xx.o
Chip_GPDMA_Stop                                   out/libs/lpc_chip_43xx/src/gpdma_18xx_43xx.o
Chip_GPDMA_Transfer                               out/libs/lpc_chip_43xx/src/gpdma_18xx_43xx.o
Chip_GPIO_DeInit                                  out/libs/lpc_chip_43xx/src/gpio_18xx_43xx.o
Chip_GPIO_Init                                    out/libs/lpc_chip_43xx/src/gpio_18xx_43xx.o
                                                  out/libs/sapi/src/sapi_gpio.o
                                                  out/libs/lpc_board_ciaa_edu_4337/src/board.o
Chip_GPIO_SetDir                                  out/libs/lpc_chip_43xx/src/gpio_18xx_43xx.o
                                                  out/libs/sapi/src/sapi_gpio.o
Chip_GPIO_SetPinDIR                               out/libs/lpc_chip_43xx/src/gpio_18xx_43xx.o
Chip_GPIO_SetPortDIR                              out/libs/lpc_chip_43xx/src/gpio_18xx_43xx.o
Chip_GPIO_WriteDirBit                             out/libs/lpc_chip_43xx/src/gpio_18xx_43xx.o
Chip_HSADC_DeInit                                 out/libs/lpc_chip_43xx/src/hsadc_18xx_43xx.o
Chip_HSADC_Init                                   out/libs/lpc_chip_43xx/src/hsadc_18xx_43xx.o
Chip_HSADC_SetACDCBias                            out/libs/lpc_chip_43xx/src/hsadc_18xx_43xx.o
Chip_HSADC_SetPowerSpeed                          out/libs/lpc_chip_43xx/src/hsadc_18xx_43xx.o
Chip_HSADC_SetSpeed                               out/libs/lpc_chip_43xx/src/hsadc_18xx_43xx.o
Chip_HSADC_SetThrHighValue                        out/libs/lpc_chip_43xx/src/hsadc_18xx_43xx.o
Chip_HSADC_SetThrLowValue                         out/libs/lpc_chip_43xx/src/hsadc_18xx_43xx.o
Chip_HSADC_SetupFIFO                              out/libs/lpc_chip_43xx/src/hsadc_18xx_43xx.o
Chip_I2CM_DeInit                                  out/libs/lpc_chip_43xx/src/i2cm_18xx_43xx.o
Chip_I2CM_Init                                    out/libs/lpc_chip_43xx/src/i2cm_18xx_43xx.o
Chip_I2CM_Read                                    out/libs/lpc_chip_43xx/src/i2cm_18xx_43xx.o
Chip_I2CM_SetBusSpeed                             out/libs/lpc_chip_43xx/src/i2cm_18xx_43xx.o
Chip_I2CM_Write                                   out/libs/lpc_chip_43xx/src/i2cm_18xx_43xx.o
Chip_I2CM_Xfer                                    out/libs/lpc_chip_43xx/src/i2cm_18xx_43xx.o
Chip_I2CM_XferBlocking                            out/libs/lpc_chip_43xx/src/i2cm_18xx_43xx.o
Chip_I2CM_XferHandler                             out/libs/lpc_chip_43xx/src/i2cm_18xx_43xx.o
Chip_I2C_DeInit                                   out/libs/lpc_chip_43xx/src/i2c_18xx_43xx.o
Chip_I2C_Disable                                  out/libs/lpc_chip_43xx/src/i2c_18xx_43xx.o
Chip_I2C_EventHandler                             out/libs/lpc_chip_43xx/src/i2c_18xx_43xx.o
Chip_I2C_EventHandlerPolling                      out/libs/lpc_chip_43xx/src/i2c_18xx_43xx.o
Chip_I2C_GetClockRate                             out/libs/lpc_chip_43xx/src/i2c_18xx_43xx.o
Chip_I2C_GetMasterEventHandler                    out/libs/lpc_chip_43xx/src/i2c_18xx_43xx.o
Chip_I2C_Init                                     out/libs/lpc_chip_43xx/src/i2c_18xx_43xx.o
Chip_I2C_IsMasterActive                           out/libs/lpc_chip_43xx/src/i2c_18xx_43xx.o
Chip_I2C_IsStateChanged                           out/libs/lpc_chip_43xx/src/i2c_18xx_43xx.o
Chip_I2C_MasterCmdRead                            out/libs/lpc_chip_43xx/src/i2c_18xx_43xx.o
Chip_I2C_MasterRead                               out/libs/lpc_chip_43xx/src/i2c_18xx_43xx.o
Chip_I2C_MasterSend                               out/libs/lpc_chip_43xx/src/i2c_18xx_43xx.o
Chip_I2C_MasterStateHandler                       out/libs/lpc_chip_43xx/src/i2c_18xx_43xx.o
Chip_I2C_MasterTransfer                           out/libs/lpc_chip_43xx/src/i2c_18xx_43xx.o
Chip_I2C_SetClockRate                             out/libs/lpc_chip_43xx/src/i2c_18xx_43xx.o
Chip_I2C_SetMasterEventHandler                    out/libs/lpc_chip_43xx/src/i2c_18xx_43xx.o
Chip_I2C_SlaveSetup                               out/libs/lpc_chip_43xx/src/i2c_18xx_43xx.o
Chip_I2C_SlaveStateHandler                        out/libs/lpc_chip_43xx/src/i2c_18xx_43xx.o
Chip_I2S_DMA_RxCmd                                out/libs/lpc_chip_43xx/src/i2s_18xx_43xx.o
Chip_I2S_DMA_TxCmd                                out/libs/lpc_chip_43xx/src/i2s_18xx_43xx.o
Chip_I2S_DeInit                                   out/libs/lpc_chip_43xx/src/i2s_18xx_43xx.o
Chip_I2S_Init                                     out/libs/lpc_chip_43xx/src/i2s_18xx_43xx.o
Chip_I2S_Int_RxCmd                                out/libs/lpc_chip_43xx/src/i2s_18xx_43xx.o
Chip_I2S_Int_TxCmd                                out/libs/lpc_chip_43xx/src/i2s_18xx_43xx.o
Chip_I2S_RxConfig                                 out/libs/lpc_chip_43xx/src/i2s_18xx_43xx.o
Chip_I2S_TxConfig                                 out/libs/lpc_chip_43xx/src/i2s_18xx_43xx.o
Chip_IAP_BlankCheckSector                         out/libs/lpc_chip_43xx/src/iap_18xx_43xx.o
Chip_IAP_Compare                                  out/libs/lpc_chip_43xx/src/iap_18xx_43xx.o
Chip_IAP_CopyRamToFlash                           out/libs/lpc_chip_43xx/src/iap_18xx_43xx.o
Chip_IAP_ErasePage                                out/libs/lpc_chip_43xx/src/iap_18xx_43xx.o
Chip_IAP_EraseSector                              out/libs/lpc_chip_43xx/src/iap_18xx_43xx.o
Chip_IAP_PreSectorForReadWrite                    out/libs/lpc_chip_43xx/src/iap_18xx_43xx.o
Chip_IAP_ReadBootCode                             out/libs/lpc_chip_43xx/src/iap_18xx_43xx.o
Chip_IAP_ReadPID                                  out/libs/lpc_chip_43xx/src/iap_18xx_43xx.o
Chip_IAP_ReadUID                                  out/libs/lpc_chip_43xx/src/iap_18xx_43xx.o
Chip_IAP_ReinvokeISP                              out/libs/lpc_chip_43xx/src/iap_18xx_43xx.o
Chip_IAP_SetBootFlashBank                         out/libs/lpc_chip_43xx/src/iap_18xx_43xx.o
Chip_LCD_Cursor_Config                            out/libs/lpc_chip_43xx/src/lcd_18xx_43xx.o
Chip_LCD_Cursor_WriteImage                        out/libs/lpc_chip_43xx/src/lcd_18xx_43xx.o
Chip_LCD_DeInit                                   out/libs/lpc_chip_43xx/src/lcd_18xx_43xx.o
Chip_LCD_Init                                     out/libs/lpc_chip_43xx/src/lcd_18xx_43xx.o
Chip_LCD_LoadPalette                              out/libs/lpc_chip_43xx/src/lcd_18xx_43xx.o
Chip_OTP_GenRand                                  out/libs/lpc_chip_43xx/src/otp_18xx_43xx.o
Chip_OTP_Init                                     out/libs/lpc_chip_43xx/src/otp_18xx_43xx.o
Chip_OTP_ProgBootSrc                              out/libs/lpc_chip_43xx/src/otp_18xx_43xx.o
Chip_OTP_ProgGPWord                               out/libs/lpc_chip_43xx/src/otp_18xx_43xx.o
Chip_OTP_ProgJTAGDis                              out/libs/lpc_chip_43xx/src/otp_18xx_43xx.o
Chip_OTP_ProgKey                                  out/libs/lpc_chip_43xx/src/otp_18xx_43xx.o
Chip_OTP_ProgUSBID                                out/libs/lpc_chip_43xx/src/otp_18xx_43xx.o
Chip_PMC_Set_PwrState                             out/libs/lpc_chip_43xx/src/pmc_18xx_43xx.o
Chip_PMC_Sleep                                    out/libs/lpc_chip_43xx/src/pmc_18xx_43xx.o
Chip_RIT_DeInit                                   out/libs/lpc_chip_43xx/src/ritimer_18xx_43xx.o
Chip_RIT_GetIntStatus                             out/libs/lpc_chip_43xx/src/ritimer_18xx_43xx.o
Chip_RIT_Init                                     out/libs/lpc_chip_43xx/src/ritimer_18xx_43xx.o
Chip_RIT_SetTimerInterval                         out/libs/lpc_chip_43xx/src/ritimer_18xx_43xx.o
Chip_RTC_AlarmIntConfig                           out/libs/lpc_chip_43xx/src/rtc_18xx_43xx.o
Chip_RTC_CalibCounterCmd                          out/libs/lpc_chip_43xx/src/rtc_18xx_43xx.o
Chip_RTC_CntIncrIntConfig                         out/libs/lpc_chip_43xx/src/rtc_18xx_43xx.o
Chip_RTC_DeInit                                   out/libs/lpc_chip_43xx/src/rtc_18xx_43xx.o
Chip_RTC_EV_GetFirstTimeStamp                     out/libs/lpc_chip_43xx/src/rtc_18xx_43xx.o
Chip_RTC_EV_GetLastTimeStamp                      out/libs/lpc_chip_43xx/src/rtc_18xx_43xx.o
Chip_RTC_Enable                                   out/libs/lpc_chip_43xx/src/rtc_18xx_43xx.o
Chip_RTC_GetFullAlarmTime                         out/libs/lpc_chip_43xx/src/rtc_18xx_43xx.o
Chip_RTC_GetFullTime                              out/libs/lpc_chip_43xx/src/rtc_18xx_43xx.o
Chip_RTC_Init                                     out/libs/lpc_chip_43xx/src/rtc_18xx_43xx.o
Chip_RTC_ResetClockTickCounter                    out/libs/lpc_chip_43xx/src/rtc_18xx_43xx.o
Chip_RTC_SetFullAlarmTime                         out/libs/lpc_chip_43xx/src/rtc_18xx_43xx.o
Chip_RTC_SetFullTime                              out/libs/lpc_chip_43xx/src/rtc_18xx_43xx.o
Chip_SCTPWM_SetOutPin                             out/libs/lpc_chip_43xx/src/sct_pwm_18xx_43xx.o
Chip_SCTPWM_SetRate                               out/libs/lpc_chip_43xx/src/sct_pwm_18xx_43xx.o
Chip_SCT_DeInit                                   out/libs/lpc_chip_43xx/src/sct_18xx_43xx.o
Chip_SCT_Init                                     out/libs/lpc_chip_43xx/src/sct_18xx_43xx.o
Chip_SCT_SetClrControl                            out/libs/lpc_chip_43xx/src/sct_18xx_43xx.o
Chip_SCT_SetConflictResolution                    out/libs/lpc_chip_43xx/src/sct_18xx_43xx.o
Chip_SDIF_DeInit                                  out/libs/lpc_chip_43xx/src/sdif_18xx_43xx.o
Chip_SDIF_DmaSetup                                out/libs/lpc_chip_43xx/src/sdif_18xx_43xx.o
                                                  out/libs/lpc_chip_43xx/src/sdmmc_18xx_43xx.o
                                                  out/libs/lpc_chip_43xx/src/sdio_18xx_43xx.o
Chip_SDIF_GetResponse                             out/libs/lpc_chip_43xx/src/sdif_18xx_43xx.o
                                                  out/libs/lpc_chip_43xx/src/sdmmc_18xx_43xx.o
                                                  out/libs/lpc_chip_43xx/src/sdio_18xx_43xx.o
Chip_SDIF_Init                                    out/libs/lpc_chip_43xx/src/sdif_18xx_43xx.o
Chip_SDIF_SendCmd                                 out/libs/lpc_chip_43xx/src/sdif_18xx_43xx.o
                                                  out/libs/lpc_chip_43xx/src/sdmmc_18xx_43xx.o
                                                  out/libs/lpc_chip_43xx/src/sdio_18xx_43xx.o
Chip_SDIF_SetClearIntFifo                         out/libs/lpc_chip_43xx/src/sdif_18xx_43xx.o
                                                  out/libs/lpc_chip_43xx/src/sdmmc_18xx_43xx.o
Chip_SDIF_SetClock                                out/libs/lpc_chip_43xx/src/sdif_18xx_43xx.o
                                                  out/libs/lpc_chip_43xx/src/sdmmc_18xx_43xx.o
                                                  out/libs/lpc_chip_43xx/src/sdio_18xx_43xx.o
Chip_SDMMC_Acquire                                out/libs/lpc_chip_43xx/src/sdmmc_18xx_43xx.o
Chip_SDMMC_GetDeviceBlocks                        out/libs/lpc_chip_43xx/src/sdmmc_18xx_43xx.o
Chip_SDMMC_GetDeviceSize                          out/libs/lpc_chip_43xx/src/sdmmc_18xx_43xx.o
Chip_SDMMC_GetState                               out/libs/lpc_chip_43xx/src/sdmmc_18xx_43xx.o
Chip_SDMMC_ReadBlocks                             out/libs/lpc_chip_43xx/src/sdmmc_18xx_43xx.o
Chip_SDMMC_WriteBlocks                            out/libs/lpc_chip_43xx/src/sdmmc_18xx_43xx.o
Chip_SPI_DeInit                                   out/libs/lpc_chip_43xx/src/spi_18xx_43xx.o
Chip_SPI_Init                                     out/libs/lpc_chip_43xx/src/spi_18xx_43xx.o
Chip_SPI_Int_FlushData                            out/libs/lpc_chip_43xx/src/spi_18xx_43xx.o
Chip_SPI_Int_RWFrames                             out/libs/lpc_chip_43xx/src/spi_18xx_43xx.o
Chip_SPI_Int_RWFrames16Bits                       out/libs/lpc_chip_43xx/src/spi_18xx_43xx.o
Chip_SPI_Int_RWFrames8Bits                        out/libs/lpc_chip_43xx/src/spi_18xx_43xx.o
Chip_SPI_RWFrames_Blocking                        out/libs/lpc_chip_43xx/src/spi_18xx_43xx.o
Chip_SPI_SetBitRate                               out/libs/lpc_chip_43xx/src/spi_18xx_43xx.o
Chip_SSP_DeInit                                   out/libs/lpc_chip_43xx/src/ssp_18xx_43xx.o
Chip_SSP_Init                                     out/libs/lpc_chip_43xx/src/ssp_18xx_43xx.o
Chip_SSP_Int_FlushData                            out/libs/lpc_chip_43xx/src/ssp_18xx_43xx.o
Chip_SSP_Int_RWFrames16Bits                       out/libs/lpc_chip_43xx/src/ssp_18xx_43xx.o
Chip_SSP_Int_RWFrames8Bits                        out/libs/lpc_chip_43xx/src/ssp_18xx_43xx.o
Chip_SSP_RWFrames_Blocking                        out/libs/lpc_chip_43xx/src/ssp_18xx_43xx.o
Chip_SSP_ReadFrames_Blocking                      out/libs/lpc_chip_43xx/src/ssp_18xx_43xx.o
Chip_SSP_SetBitRate                               out/libs/lpc_chip_43xx/src/ssp_18xx_43xx.o
Chip_SSP_SetClockRate                             out/libs/lpc_chip_43xx/src/ssp_18xx_43xx.o
Chip_SSP_SetMaster                                out/libs/lpc_chip_43xx/src/ssp_18xx_43xx.o
Chip_SSP_WriteFrames_Blocking                     out/libs/lpc_chip_43xx/src/ssp_18xx_43xx.o
Chip_SetupCoreClock                               out/libs/lpc_chip_43xx/src/sysinit_18xx_43xx.o
                                                  out/libs/lpc_board_ciaa_edu_4337/src/board_sysinit.o
Chip_SetupIrcClocking                             out/libs/lpc_chip_43xx/src/sysinit_18xx_43xx.o
Chip_SetupXtalClocking                            out/libs/lpc_chip_43xx/src/sysinit_18xx_43xx.o
Chip_SystemInit                                   out/libs/lpc_chip_43xx/src/sysinit_18xx_43xx.o
Chip_TIMER_DeInit                                 out/libs/lpc_chip_43xx/src/timer_18xx_43xx.o
Chip_TIMER_ExtMatchControlSet                     out/libs/lpc_chip_43xx/src/timer_18xx_43xx.o
Chip_TIMER_Init                                   out/libs/lpc_chip_43xx/src/timer_18xx_43xx.o
                                                  out/libs/lpc_chip_43xx/src/stopwatch_18xx_43xx.o
Chip_TIMER_Reset                                  out/libs/lpc_chip_43xx/src/timer_18xx_43xx.o
Chip_UART_ABCmd                                   out/libs/lpc_chip_43xx/src/uart_18xx_43xx.o
Chip_UART_CheckBusy                               out/libs/lpc_chip_43xx/src/uart_18xx_43xx.o
Chip_UART_DeInit                                  out/libs/lpc_chip_43xx/src/uart_18xx_43xx.o
Chip_UART_GetABEOStatus                           out/libs/lpc_chip_43xx/src/uart_18xx_43xx.o
Chip_UART_IRQRBHandler                            out/libs/lpc_chip_43xx/src/uart_18xx_43xx.o
Chip_UART_Init                                    out/libs/lpc_chip_43xx/src/uart_18xx_43xx.o
                                                  out/libs/lpc_board_ciaa_edu_4337/src/board.o
Chip_UART_RXIntHandlerRB                          out/libs/lpc_chip_43xx/src/uart_18xx_43xx.o
Chip_UART_Read                                    out/libs/lpc_chip_43xx/src/uart_18xx_43xx.o
Chip_UART_ReadBlocking                            out/libs/lpc_chip_43xx/src/uart_18xx_43xx.o
Chip_UART_ReadRB                                  out/libs/lpc_chip_43xx/src/uart_18xx_43xx.o
Chip_UART_Send                                    out/libs/lpc_chip_43xx/src/uart_18xx_43xx.o
Chip_UART_SendBlocking                            out/libs/lpc_chip_43xx/src/uart_18xx_43xx.o
Chip_UART_SendRB                                  out/libs/lpc_chip_43xx/src/uart_18xx_43xx.o
Chip_UART_SetBaud                                 out/libs/lpc_chip_43xx/src/uart_18xx_43xx.o
Chip_UART_SetBaudFDR                              out/libs/lpc_chip_43xx/src/uart_18xx_43xx.o
                                                  out/libs/lpc_board_ciaa_edu_4337/src/board.o
Chip_UART_TXIntHandlerRB                          out/libs/lpc_chip_43xx/src/uart_18xx_43xx.o
Chip_USB0_Init                                    out/libs/lpc_chip_43xx/src/chip_18xx_43xx.o
Chip_USB1_Init                                    out/libs/lpc_chip_43xx/src/chip_18xx_43xx.o
Chip_WWDT_ClearStatusFlag                         out/libs/lpc_chip_43xx/src/wwdt_18xx_43xx.o
Chip_WWDT_DeInit                                  out/libs/lpc_chip_43xx/src/wwdt_18xx_43xx.o
Chip_WWDT_Init                                    out/libs/lpc_chip_43xx/src/wwdt_18xx_43xx.o
DAC_IRQHandler                                    out/libs/lpc_board_ciaa_edu_4337/src/cr_startup_lpc43xx.o
DMA_IRQHandler                                    out/libs/lpc_board_ciaa_edu_4337/src/cr_startup_lpc43xx.o
DebugMon_Handler                                  out/libs/lpc_board_ciaa_edu_4337/src/cr_startup_lpc43xx.o
ETH_IRQHandler                                    out/libs/lpc_board_ciaa_edu_4337/src/cr_startup_lpc43xx.o
EVRT_IRQHandler                                   out/libs/lpc_board_ciaa_edu_4337/src/cr_startup_lpc43xx.o
ExtRateIn                                         out/libs/lpc_board_ciaa_edu_4337/src/board.o
                                                  out/libs/lpc_chip_43xx/src/clock_18xx_43xx.o
FLASH_EEPROM_IRQHandler                           out/libs/lpc_board_ciaa_edu_4337/src/cr_startup_lpc43xx.o
GINT0_IRQHandler                                  out/libs/lpc_board_ciaa_edu_4337/src/cr_startup_lpc43xx.o
GINT1_IRQHandler                                  out/libs/lpc_board_ciaa_edu_4337/src/cr_startup_lpc43xx.o
GPIO0_IRQHandler                                  out/libs/lpc_board_ciaa_edu_4337/src/cr_startup_lpc43xx.o
GPIO1_IRQHandler                                  out/libs/lpc_board_ciaa_edu_4337/src/cr_startup_lpc43xx.o
GPIO2_IRQHandler                                  out/libs/lpc_board_ciaa_edu_4337/src/cr_startup_lpc43xx.o
GPIO3_IRQHandler                                  out/libs/lpc_board_ciaa_edu_4337/src/cr_startup_lpc43xx.o
GPIO4_IRQHandler                                  out/libs/lpc_board_ciaa_edu_4337/src/cr_startup_lpc43xx.o
GPIO5_IRQHandler                                  out/libs/lpc_board_ciaa_edu_4337/src/cr_startup_lpc43xx.o
GPIO6_IRQHandler                                  out/libs/lpc_board_ciaa_edu_4337/src/cr_startup_lpc43xx.o
GPIO7_IRQHandler                                  out/libs/lpc_board_ciaa_edu_4337/src/cr_startup_lpc43xx.o
HardFault_Handler                                 out/libs/lpc_board_ciaa_edu_4337/src/cr_startup_lpc43xx.o
I2C0_IRQHandler                                   out/libs/lpc_board_ciaa_edu_4337/src/cr_startup_lpc43xx.o
I2C1_IRQHandler                                   out/libs/lpc_board_ciaa_edu_4337/src/cr_startup_lpc43xx.o
I2S0_IRQHandler                                   out/libs/lpc_board_ciaa_edu_4337/src/cr_startup_lpc43xx.o
I2S1_IRQHandler                                   out/libs/lpc_board_ciaa_edu_4337/src/cr_startup_lpc43xx.o
IntDefaultHandler                                 out/libs/lpc_board_ciaa_edu_4337/src/cr_startup_lpc43xx.o
LCD_IRQHandler                                    out/libs/lpc_board_ciaa_edu_4337/src/cr_startup_lpc43xx.o
M0APP_IRQHandler                                  out/libs/lpc_board_ciaa_edu_4337/src/cr_startup_lpc43xx.o
M0SUB_IRQHandler                                  out/libs/lpc_board_ciaa_edu_4337/src/cr_startup_lpc43xx.o
MCPWM_IRQHandler                                  out/libs/lpc_board_ciaa_edu_4337/src/cr_startup_lpc43xx.o
MemManage_Handler                                 out/libs/lpc_board_ciaa_edu_4337/src/cr_startup_lpc43xx.o
NMI_Handler                                       out/libs/lpc_board_ciaa_edu_4337/src/cr_startup_lpc43xx.o
OscRateIn                                         out/libs/lpc_board_ciaa_edu_4337/src/board.o
                                                  out/libs/lpc_chip_43xx/src/clock_18xx_43xx.o
PendSV_Handler                                    out/libs/lpc_board_ciaa_edu_4337/src/cr_startup_lpc43xx.o
QEI_IRQHandler                                    out/libs/lpc_board_ciaa_edu_4337/src/cr_startup_lpc43xx.o
RIT_IRQHandler                                    out/libs/lpc_board_ciaa_edu_4337/src/cr_startup_lpc43xx.o
RTC_IRQHandler                                    out/libs/lpc_board_ciaa_edu_4337/src/cr_startup_lpc43xx.o
ResetISR                                          out/libs/lpc_board_ciaa_edu_4337/src/cr_startup_lpc43xx.o
RingBuffer_Init                                   out/libs/lpc_chip_43xx/src/ring_buffer.o
RingBuffer_Insert                                 out/libs/lpc_chip_43xx/src/ring_buffer.o
                                                  out/libs/lpc_chip_43xx/src/uart_18xx_43xx.o
RingBuffer_InsertMult                             out/libs/lpc_chip_43xx/src/ring_buffer.o
                                                  out/libs/lpc_chip_43xx/src/uart_18xx_43xx.o
RingBuffer_Pop                                    out/libs/lpc_chip_43xx/src/ring_buffer.o
                                                  out/libs/lpc_chip_43xx/src/uart_18xx_43xx.o
RingBuffer_PopMult                                out/libs/lpc_chip_43xx/src/ring_buffer.o
                                                  out/libs/lpc_chip_43xx/src/uart_18xx_43xx.o
SCT_IRQHandler                                    out/libs/lpc_board_ciaa_edu_4337/src/cr_startup_lpc43xx.o
SDIO_Card_DisableInt                              out/libs/lpc_chip_43xx/src/sdio_18xx_43xx.o
SDIO_Card_EnableInt                               out/libs/lpc_chip_43xx/src/sdio_18xx_43xx.o
SDIO_Card_GetBlockSize                            out/libs/lpc_chip_43xx/src/sdio_18xx_43xx.o
SDIO_Card_Init                                    out/libs/lpc_chip_43xx/src/sdio_18xx_43xx.o
SDIO_Card_ReadData                                out/libs/lpc_chip_43xx/src/sdio_18xx_43xx.o
SDIO_Card_SetBlockSize                            out/libs/lpc_chip_43xx/src/sdio_18xx_43xx.o
SDIO_Card_WriteData                               out/libs/lpc_chip_43xx/src/sdio_18xx_43xx.o
SDIO_Handler                                      out/libs/lpc_chip_43xx/src/sdio_18xx_43xx.o
SDIO_IRQHandler                                   out/libs/lpc_board_ciaa_edu_4337/src/cr_startup_lpc43xx.o
SDIO_Read_Direct                                  out/libs/lpc_chip_43xx/src/sdio_18xx_43xx.o
SDIO_Send_Command                                 out/libs/lpc_chip_43xx/src/sdio_18xx_43xx.o
SDIO_Setup_Callback                               out/libs/lpc_chip_43xx/src/sdio_18xx_43xx.o
SDIO_WriteRead_Direct                             out/libs/lpc_chip_43xx/src/sdio_18xx_43xx.o
SDIO_Write_Direct                                 out/libs/lpc_chip_43xx/src/sdio_18xx_43xx.o
SGPIO_IRQHandler                                  out/libs/lpc_board_ciaa_edu_4337/src/cr_startup_lpc43xx.o
SPIFI_IRQHandler                                  out/libs/lpc_board_ciaa_edu_4337/src/cr_startup_lpc43xx.o
SPI_IRQHandler                                    out/libs/lpc_board_ciaa_edu_4337/src/cr_startup_lpc43xx.o
SSP0_IRQHandler                                   out/libs/lpc_board_ciaa_edu_4337/src/cr_startup_lpc43xx.o
SSP1_IRQHandler                                   out/libs/lpc_board_ciaa_edu_4337/src/cr_startup_lpc43xx.o
SVC_Handler                                       out/libs/lpc_board_ciaa_edu_4337/src/cr_startup_lpc43xx.o
StopWatch_Init                                    out/libs/lpc_chip_43xx/src/stopwatch_18xx_43xx.o
StopWatch_MsToTicks                               out/libs/lpc_chip_43xx/src/stopwatch_18xx_43xx.o
StopWatch_Start                                   out/libs/lpc_chip_43xx/src/stopwatch_18xx_43xx.o
StopWatch_TicksPerSecond                          out/libs/lpc_chip_43xx/src/stopwatch_18xx_43xx.o
StopWatch_TicksToMs                               out/libs/lpc_chip_43xx/src/stopwatch_18xx_43xx.o
StopWatch_TicksToUs                               out/libs/lpc_chip_43xx/src/stopwatch_18xx_43xx.o
StopWatch_UsToTicks                               out/libs/lpc_chip_43xx/src/stopwatch_18xx_43xx.o
SysTick_Handler                                   out/libs/lpc_board_ciaa_edu_4337/src/cr_startup_lpc43xx.o
SystemCoreClock                                   out/libs/lpc_chip_43xx/src/chip_18xx_43xx.o
                                                  out/libs/lpc_chip_43xx/src/enet_18xx_43xx.o
                                                  out/libs/lpc_chip_43xx/src/iap_18xx_43xx.o
SystemCoreClockUpdate                             out/libs/lpc_chip_43xx/src/chip_18xx_43xx.o
                                                  out/libs/sapi/src/sapi_board.o
SystemInit                                        out/libs/lpc_board_ciaa_edu_4337/src/sysinit.o
                                                  out/libs/lpc_board_ciaa_edu_4337/src/cr_startup_lpc43xx.o
TIMER0_IRQHandler                                 out/libs/lpc_board_ciaa_edu_4337/src/cr_startup_lpc43xx.o
TIMER1_IRQHandler                                 out/libs/lpc_board_ciaa_edu_4337/src/cr_startup_lpc43xx.o
TIMER2_IRQHandler                                 out/libs/lpc_board_ciaa_edu_4337/src/cr_startup_lpc43xx.o
TIMER3_IRQHandler                                 out/libs/lpc_board_ciaa_edu_4337/src/cr_startup_lpc43xx.o
UART0_IRQHandler                                  out/libs/lpc_board_ciaa_edu_4337/src/cr_startup_lpc43xx.o
UART1_IRQHandler                                  out/libs/lpc_board_ciaa_edu_4337/src/cr_startup_lpc43xx.o
UART2_IRQHandler                                  out/libs/lpc_board_ciaa_edu_4337/src/cr_startup_lpc43xx.o
UART3_IRQHandler                                  out/libs/lpc_board_ciaa_edu_4337/src/cr_startup_lpc43xx.o
USB0_IRQHandler                                   out/libs/lpc_board_ciaa_edu_4337/src/cr_startup_lpc43xx.o
USB1_IRQHandler                                   out/libs/lpc_board_ciaa_edu_4337/src/cr_startup_lpc43xx.o
UsageFault_Handler                                out/libs/lpc_board_ciaa_edu_4337/src/cr_startup_lpc43xx.o
WDT_IRQHandler                                    out/libs/lpc_board_ciaa_edu_4337/src/cr_startup_lpc43xx.o
__aeabi_idiv0                                     /home/eric/ciaa-ide/gcc-arm-none-eabi-4_9-2015q1/bin/../lib/gcc/arm-none-eabi/4.9.3/armv7e-m/fpu/libgcc.a(_dvmd_tls.o)
__aeabi_ldiv0                                     /home/eric/ciaa-ide/gcc-arm-none-eabi-4_9-2015q1/bin/../lib/gcc/arm-none-eabi/4.9.3/armv7e-m/fpu/libgcc.a(_dvmd_tls.o)
                                                  /home/eric/ciaa-ide/gcc-arm-none-eabi-4_9-2015q1/bin/../lib/gcc/arm-none-eabi/4.9.3/armv7e-m/fpu/libgcc.a(_aeabi_uldivmod.o)
__aeabi_uldivmod                                  /home/eric/ciaa-ide/gcc-arm-none-eabi-4_9-2015q1/bin/../lib/gcc/arm-none-eabi/4.9.3/armv7e-m/fpu/libgcc.a(_aeabi_uldivmod.o)
                                                  out/libs/lpc_chip_43xx/src/i2s_18xx_43xx.o
                                                  out/libs/lpc_chip_43xx/src/uart_18xx_43xx.o
__bss_section_table_end                           out/libs/lpc_board_ciaa_edu_4337/src/cr_startup_lpc43xx.o
__data_section_table                              out/libs/lpc_board_ciaa_edu_4337/src/cr_startup_lpc43xx.o
__data_section_table_end                          out/libs/lpc_board_ciaa_edu_4337/src/cr_startup_lpc43xx.o
__divdi3                                          /home/eric/ciaa-ide/gcc-arm-none-eabi-4_9-2015q1/bin/../lib/gcc/arm-none-eabi/4.9.3/armv7e-m/fpu/libgcc.a(_divdi3.o)
                                                  /home/eric/ciaa-ide/gcc-arm-none-eabi-4_9-2015q1/bin/../lib/gcc/arm-none-eabi/4.9.3/armv7e-m/fpu/libgcc.a(bpabi.o)
__gnu_ldivmod_helper                              /home/eric/ciaa-ide/gcc-arm-none-eabi-4_9-2015q1/bin/../lib/gcc/arm-none-eabi/4.9.3/armv7e-m/fpu/libgcc.a(bpabi.o)
__gnu_uldivmod_helper                             /home/eric/ciaa-ide/gcc-arm-none-eabi-4_9-2015q1/bin/../lib/gcc/arm-none-eabi/4.9.3/armv7e-m/fpu/libgcc.a(bpabi.o)
                                                  /home/eric/ciaa-ide/gcc-arm-none-eabi-4_9-2015q1/bin/../lib/gcc/arm-none-eabi/4.9.3/armv7e-m/fpu/libgcc.a(_aeabi_uldivmod.o)
__udivdi3                                         /home/eric/ciaa-ide/gcc-arm-none-eabi-4_9-2015q1/bin/../lib/gcc/arm-none-eabi/4.9.3/armv7e-m/fpu/libgcc.a(_udivdi3.o)
                                                  /home/eric/ciaa-ide/gcc-arm-none-eabi-4_9-2015q1/bin/../lib/gcc/arm-none-eabi/4.9.3/armv7e-m/fpu/libgcc.a(bpabi.o)
__valid_user_code_checksum                        out/libs/lpc_board_ciaa_edu_4337/src/cr_startup_lpc43xx.o
_close_r                                          out/libs/lpc_board_ciaa_edu_4337/src/system.o
_execve_r                                         out/libs/lpc_board_ciaa_edu_4337/src/system.o
_exit                                             out/libs/lpc_board_ciaa_edu_4337/src/system.o
_fcntl_r                                          out/libs/lpc_board_ciaa_edu_4337/src/system.o
_fork_r                                           out/libs/lpc_board_ciaa_edu_4337/src/system.o
_fstat_r                                          out/libs/lpc_board_ciaa_edu_4337/src/system.o
_getpid_r                                         out/libs/lpc_board_ciaa_edu_4337/src/system.o
_gettimeofday_r                                   out/libs/lpc_board_ciaa_edu_4337/src/system.o
_isatty_r                                         out/libs/lpc_board_ciaa_edu_4337/src/system.o
_kill_r                                           out/libs/lpc_board_ciaa_edu_4337/src/system.o
_link_r                                           out/libs/lpc_board_ciaa_edu_4337/src/system.o
_lseek_r                                          out/libs/lpc_board_ciaa_edu_4337/src/system.o
_mkdir_r                                          out/libs/lpc_board_ciaa_edu_4337/src/system.o
_open_r                                           out/libs/lpc_board_ciaa_edu_4337/src/system.o
_pvHeapStart                                      out/libs/lpc_board_ciaa_edu_4337/src/system.o
_read_r                                           out/libs/lpc_board_ciaa_edu_4337/src/system.o
_rename_r                                         out/libs/lpc_board_ciaa_edu_4337/src/system.o
_sbrk_r                                           out/libs/lpc_board_ciaa_edu_4337/src/system.o
_stat_r                                           out/libs/lpc_board_ciaa_edu_4337/src/system.o
_times_r                                          out/libs/lpc_board_ciaa_edu_4337/src/system.o
_unlink_r                                         out/libs/lpc_board_ciaa_edu_4337/src/system.o
_vStackTop                                        out/libs/lpc_board_ciaa_edu_4337/src/cr_startup_lpc43xx.o
_wait_r                                           out/libs/lpc_board_ciaa_edu_4337/src/system.o
_write_r                                          out/libs/lpc_board_ciaa_edu_4337/src/system.o
boardInit                                         out/libs/sapi/src/sapi_board.o
                                                  out/app/src/programa.o
bss_init                                          out/libs/lpc_board_ciaa_edu_4337/src/cr_startup_lpc43xx.o
data_init                                         out/libs/lpc_board_ciaa_edu_4337/src/cr_startup_lpc43xx.o
fpuInit                                           out/libs/lpc_chip_43xx/src/fpu_init.o
                                                  out/libs/lpc_board_ciaa_edu_4337/src/sysinit.o
g_pfnVectors                                      out/libs/lpc_board_ciaa_edu_4337/src/cr_startup_lpc43xx.o
getSlaveIndex                                     out/libs/lpc_chip_43xx/src/i2c_18xx_43xx.o
gpioConfig                                        out/libs/sapi/src/sapi_gpio.o
                                                  out/libs/sapi/src/sapi_board.o
gpioPinsConfig                                    out/libs/sapi/src/sapi_gpio.o
gpioRead                                          out/libs/sapi/src/sapi_gpio.o
                                                  out/app/src/programa.o
gpioToggle                                        out/libs/sapi/src/sapi_gpio.o
gpioWrite                                         out/libs/sapi/src/sapi_gpio.o
                                                  out/app/src/programa.o
handleMasterXferState                             out/libs/lpc_chip_43xx/src/i2c_18xx_43xx.o
handleSlaveXferState                              out/libs/lpc_chip_43xx/src/i2c_18xx_43xx.o
initDynMem                                        out/libs/lpc_chip_43xx/src/emc_18xx_43xx.o
initStaticMem                                     out/libs/lpc_chip_43xx/src/emc_18xx_43xx.o
main                                              out/app/src/programa.o
                                                  out/libs/lpc_board_ciaa_edu_4337/src/cr_startup_lpc43xx.o
makeCtrlWord                                      out/libs/lpc_chip_43xx/src/gpdma_18xx_43xx.o
memcpy                                            /home/eric/ciaa-ide/gcc-arm-none-eabi-4_9-2015q1/bin/../lib/gcc/arm-none-eabi/4.9.3/../../../../arm-none-eabi/lib/armv7e-m/fpu/libc_nano.a(lib_a-memcpy.o)
                                                  out/libs/lpc_chip_43xx/src/ring_buffer.o
memset                                            /home/eric/ciaa-ide/gcc-arm-none-eabi-4_9-2015q1/bin/../lib/gcc/arm-none-eabi/4.9.3/../../../../arm-none-eabi/lib/armv7e-m/fpu/libc_nano.a(lib_a-memset.o)
                                                  out/libs/lpc_chip_43xx/src/clock_18xx_43xx.o
readAdcVal                                        out/libs/lpc_chip_43xx/src/adc_18xx_43xx.o
sapiNullFuncPtrBVptr                              out/libs/sapi/src/sapi_datatypes.o
sapiNullFuncPtrVVptr                              out/libs/sapi/src/sapi_datatypes.o
setStartMode                                      out/libs/lpc_chip_43xx/src/adc_18xx_43xx.o
setupChannel                                      out/libs/lpc_chip_43xx/src/gpdma_18xx_43xx.o
