Archive member included because of file (symbol)

/home/eric/ciaa-ide/gcc-arm-none-eabi-4_9-2015q1/bin/../lib/gcc/arm-none-eabi/4.9.3/armv7e-m/fpu/libgcc.a(_aeabi_ldivmod.o)
                              out/libs/sapi/src/sapi_print.o (__aeabi_ldivmod)
/home/eric/ciaa-ide/gcc-arm-none-eabi-4_9-2015q1/bin/../lib/gcc/arm-none-eabi/4.9.3/armv7e-m/fpu/libgcc.a(_aeabi_uldivmod.o)
                              out/libs/lpc_chip_43xx/src/uart_18xx_43xx.o (__aeabi_uldivmod)
/home/eric/ciaa-ide/gcc-arm-none-eabi-4_9-2015q1/bin/../lib/gcc/arm-none-eabi/4.9.3/armv7e-m/fpu/libgcc.a(bpabi.o)
                              /home/eric/ciaa-ide/gcc-arm-none-eabi-4_9-2015q1/bin/../lib/gcc/arm-none-eabi/4.9.3/armv7e-m/fpu/libgcc.a(_aeabi_ldivmod.o) (__gnu_ldivmod_helper)
/home/eric/ciaa-ide/gcc-arm-none-eabi-4_9-2015q1/bin/../lib/gcc/arm-none-eabi/4.9.3/armv7e-m/fpu/libgcc.a(_dvmd_tls.o)
                              /home/eric/ciaa-ide/gcc-arm-none-eabi-4_9-2015q1/bin/../lib/gcc/arm-none-eabi/4.9.3/armv7e-m/fpu/libgcc.a(_aeabi_ldivmod.o) (__aeabi_ldiv0)
/home/eric/ciaa-ide/gcc-arm-none-eabi-4_9-2015q1/bin/../lib/gcc/arm-none-eabi/4.9.3/armv7e-m/fpu/libgcc.a(_divdi3.o)
                              /home/eric/ciaa-ide/gcc-arm-none-eabi-4_9-2015q1/bin/../lib/gcc/arm-none-eabi/4.9.3/armv7e-m/fpu/libgcc.a(bpabi.o) (__divdi3)
/home/eric/ciaa-ide/gcc-arm-none-eabi-4_9-2015q1/bin/../lib/gcc/arm-none-eabi/4.9.3/armv7e-m/fpu/libgcc.a(_udivdi3.o)
                              /home/eric/ciaa-ide/gcc-arm-none-eabi-4_9-2015q1/bin/../lib/gcc/arm-none-eabi/4.9.3/armv7e-m/fpu/libgcc.a(bpabi.o) (__udivdi3)
/home/eric/ciaa-ide/gcc-arm-none-eabi-4_9-2015q1/bin/../lib/gcc/arm-none-eabi/4.9.3/../../../../arm-none-eabi/lib/armv7e-m/fpu/libc_nano.a(lib_a-memcpy.o)
                              out/libs/lpc_chip_43xx/src/ring_buffer.o (memcpy)
/home/eric/ciaa-ide/gcc-arm-none-eabi-4_9-2015q1/bin/../lib/gcc/arm-none-eabi/4.9.3/../../../../arm-none-eabi/lib/armv7e-m/fpu/libc_nano.a(lib_a-memset.o)
                              out/libs/lpc_chip_43xx/src/clock_18xx_43xx.o (memset)

Allocating common symbols
Common symbol       size              file

SystemCoreClock     0x4               out/libs/lpc_chip_43xx/src/chip_18xx_43xx.o
tickCounter         0x8               out/libs/sapi/src/sapi_tick.o
tickRateMS          0x8               out/libs/sapi/src/sapi_tick.o

Discarded input sections

 .group         0x00000000        0x8 out/app/src/programa.o
 .group         0x00000000        0x8 out/app/src/programa.o
 .group         0x00000000        0x8 out/app/src/programa.o
 .group         0x00000000        0x8 out/app/src/programa.o
 .group         0x00000000        0x8 out/app/src/programa.o
 .group         0x00000000        0x8 out/app/src/programa.o
 .group         0x00000000        0x8 out/app/src/programa.o
 .group         0x00000000        0x8 out/app/src/programa.o
 .group         0x00000000        0x8 out/app/src/programa.o
 .group         0x00000000        0x8 out/app/src/programa.o
 .group         0x00000000        0x8 out/app/src/programa.o
 .group         0x00000000        0x8 out/app/src/programa.o
 .group         0x00000000        0x8 out/app/src/programa.o
 .group         0x00000000        0x8 out/app/src/programa.o
 .group         0x00000000        0x8 out/app/src/programa.o
 .group         0x00000000        0x8 out/app/src/programa.o
 .group         0x00000000        0x8 out/app/src/programa.o
 .group         0x00000000        0x8 out/app/src/programa.o
 .group         0x00000000        0x8 out/app/src/programa.o
 .group         0x00000000        0x8 out/app/src/programa.o
 .group         0x00000000        0x8 out/app/src/programa.o
 .group         0x00000000        0x8 out/app/src/programa.o
 .group         0x00000000        0x8 out/app/src/programa.o
 .group         0x00000000        0x8 out/app/src/programa.o
 .group         0x00000000        0x8 out/app/src/programa.o
 .group         0x00000000        0x8 out/app/src/programa.o
 .group         0x00000000        0x8 out/app/src/programa.o
 .group         0x00000000        0x8 out/app/src/programa.o
 .group         0x00000000        0x8 out/app/src/programa.o
 .group         0x00000000        0x8 out/app/src/programa.o
 .group         0x00000000        0x8 out/app/src/programa.o
 .group         0x00000000        0x8 out/app/src/programa.o
 .group         0x00000000        0x8 out/app/src/programa.o
 .group         0x00000000        0x8 out/app/src/programa.o
 .group         0x00000000        0x8 out/app/src/programa.o
 .group         0x00000000        0x8 out/app/src/programa.o
 .group         0x00000000        0x8 out/app/src/programa.o
 .group         0x00000000        0x8 out/app/src/programa.o
 .group         0x00000000        0x8 out/app/src/programa.o
 .group         0x00000000        0x8 out/app/src/programa.o
 .group         0x00000000        0x8 out/app/src/programa.o
 .group         0x00000000        0x8 out/app/src/programa.o
[...]
Memory Configuration

Name             Origin             Length             Attributes
MFlashA512       0x1a000000         0x00080000         xr
MFlashB512       0x1b000000         0x00080000         xr
RamLoc32         0x10000000         0x00008000         xrw
RamLoc40         0x10080000         0x0000a000         xrw
RamAHB32         0x20000000         0x00008000         xrw
RamAHB16         0x20008000         0x00004000         xrw
RamAHB_ETB16     0x2000c000         0x00004000         xrw
*default*        0x00000000         0xffffffff

Linker script and memory map

LOAD out/app/src/programa.o
LOAD out/libs/lpc_chip_43xx/src/ccan_18xx_43xx.o
LOAD out/libs/lpc_chip_43xx/src/hsadc_18xx_43xx.o
LOAD out/libs/lpc_chip_43xx/src/gpiogroup_18xx_43xx.o
LOAD out/libs/lpc_chip_43xx/src/dac_18xx_43xx.o
LOAD out/libs/lpc_chip_43xx/src/ritimer_18xx_43xx.o
LOAD out/libs/lpc_chip_43xx/src/lcd_18xx_43xx.o
LOAD out/libs/lpc_chip_43xx/src/uart_18xx_43xx.o
LOAD out/libs/lpc_chip_43xx/src/stopwatch_18xx_43xx.o
LOAD out/libs/lpc_chip_43xx/src/wwdt_18xx_43xx.o
LOAD out/libs/lpc_chip_43xx/src/sdif_18xx_43xx.o
LOAD out/libs/lpc_chip_43xx/src/chip_18xx_43xx.o
LOAD out/libs/lpc_chip_43xx/src/pmc_18xx_43xx.o
LOAD out/libs/lpc_chip_43xx/src/clock_18xx_43xx.o
LOAD out/libs/lpc_chip_43xx/src/otp_18xx_43xx.o
LOAD out/libs/lpc_chip_43xx/src/aes_18xx_43xx.o
LOAD out/libs/lpc_chip_43xx/src/sysinit_18xx_43xx.o
LOAD out/libs/lpc_chip_43xx/src/atimer_18xx_43xx.o
LOAD out/libs/lpc_chip_43xx/src/timer_18xx_43xx.o
LOAD out/libs/lpc_chip_43xx/src/iap_18xx_43xx.o
LOAD out/libs/lpc_chip_43xx/src/adc_18xx_43xx.o
LOAD out/libs/lpc_chip_43xx/src/ring_buffer.o
LOAD out/libs/lpc_chip_43xx/src/enet_18xx_43xx.o
LOAD out/libs/lpc_chip_43xx/src/i2cm_18xx_43xx.o
LOAD out/libs/lpc_chip_43xx/src/pinint_18xx_43xx.o
LOAD out/libs/lpc_chip_43xx/src/sdio_18xx_43xx.o
LOAD out/libs/lpc_chip_43xx/src/fpu_init.o
LOAD out/libs/lpc_chip_43xx/src/eeprom_18xx_43xx.o
LOAD out/libs/lpc_chip_43xx/src/rtc_18xx_43xx.o
LOAD out/libs/lpc_chip_43xx/src/sct_18xx_43xx.o
LOAD out/libs/lpc_chip_43xx/src/emc_18xx_43xx.o
LOAD out/libs/lpc_chip_43xx/src/sdmmc_18xx_43xx.o
LOAD out/libs/lpc_chip_43xx/src/spi_18xx_43xx.o
LOAD out/libs/lpc_chip_43xx/src/gpio_18xx_43xx.o
LOAD out/libs/lpc_chip_43xx/src/i2c_18xx_43xx.o
LOAD out/libs/lpc_chip_43xx/src/gpdma_18xx_43xx.o
LOAD out/libs/lpc_chip_43xx/src/evrt_18xx_43xx.o
LOAD out/libs/lpc_chip_43xx/src/sct_pwm_18xx_43xx.o
LOAD out/libs/lpc_chip_43xx/src/ssp_18xx_43xx.o
LOAD out/libs/lpc_chip_43xx/src/i2s_18xx_43xx.o
LOAD out/libs/lpc_board_ciaa_edu_4337/src/board.o
LOAD out/libs/lpc_board_ciaa_edu_4337/src/crp.o
LOAD out/libs/lpc_board_ciaa_edu_4337/src/system.o
LOAD out/libs/lpc_board_ciaa_edu_4337/src/cr_startup_lpc43xx.o
LOAD out/libs/lpc_board_ciaa_edu_4337/src/sysinit.o
LOAD out/libs/lpc_board_ciaa_edu_4337/src/board_sysinit.o
LOAD out/libs/sapi/src/sapi_keypad.o
LOAD out/libs/sapi/src/sapi_dac.o
LOAD out/libs/sapi/src/sapi_sleep.o
LOAD out/libs/sapi/src/sapi_hmc5883l.o
LOAD out/libs/sapi/src/sapi_uart.o
LOAD out/libs/sapi/src/sapi_servo.o
LOAD out/libs/sapi/src/sapi_spi.o
LOAD out/libs/sapi/src/sapi_datatypes.o
LOAD out/libs/sapi/src/sapi_7_segment_display.o
LOAD out/libs/sapi/src/sapi_pwm.o
LOAD out/libs/sapi/src/sapi_delay.o
LOAD out/libs/sapi/src/sapi_rtc.o
LOAD out/libs/sapi/src/sapi_tick.o
LOAD out/libs/sapi/src/sapi_sct.o
LOAD out/libs/sapi/src/sapi_i2c.o
LOAD out/libs/sapi/src/sapi_timer.o
LOAD out/libs/sapi/src/sapi_adc.o
LOAD out/libs/sapi/src/sapi_circularBuffer.o
LOAD out/libs/sapi/src/sapi_print.o
LOAD out/libs/sapi/src/sapi_board.o
LOAD out/libs/sapi/src/sapi_gpio.o
START GROUP
LOAD /home/eric/ciaa-ide/gcc-arm-none-eabi-4_9-2015q1/bin/../lib/gcc/arm-none-eabi/4.9.3/armv7e-m/fpu/libgcc.a
LOAD /home/eric/ciaa-ide/gcc-arm-none-eabi-4_9-2015q1/bin/../lib/gcc/arm-none-eabi/4.9.3/../../../../arm-none-eabi/lib/armv7e-m/fpu/libc_nano.a
END GROUP
START GROUP
LOAD /home/eric/ciaa-ide/gcc-arm-none-eabi-4_9-2015q1/bin/../lib/gcc/arm-none-eabi/4.9.3/armv7e-m/fpu/libgcc.a
LOAD /home/eric/ciaa-ide/gcc-arm-none-eabi-4_9-2015q1/bin/../lib/gcc/arm-none-eabi/4.9.3/../../../../arm-none-eabi/lib/armv7e-m/fpu/libc_nano.a
END GROUP
START GROUP
LOAD /home/eric/ciaa-ide/gcc-arm-none-eabi-4_9-2015q1/bin/../lib/gcc/arm-none-eabi/4.9.3/armv7e-m/fpu/libgcc.a
LOAD /home/eric/ciaa-ide/gcc-arm-none-eabi-4_9-2015q1/bin/../lib/gcc/arm-none-eabi/4.9.3/../../../../arm-none-eabi/lib/armv7e-m/fpu/libc.a
LOAD /home/eric/ciaa-ide/gcc-arm-none-eabi-4_9-2015q1/bin/../lib/gcc/arm-none-eabi/4.9.3/../../../../arm-none-eabi/lib/armv7e-m/fpu/libm.a
END GROUP
                0x1a080000                __top_MFlashA512 = 0x1a080000
                0x1b080000                __top_MFlashB512 = 0x1b080000
                0x10008000                __top_RamLoc32 = 0x10008000
                0x1008a000                __top_RamLoc40 = 0x1008a000
                0x20008000                __top_RamAHB32 = 0x20008000
                0x2000c000                __top_RamAHB16 = 0x2000c000
                0x20010000                __top_RamAHB_ETB16 = 0x20010000

.text_Flash2    0x1b000000        0x0
 FILL mask 0xff
 *(.text_Flash2*)
 *(.text_MFlashB512*)
 *(.text.$Flash2*)
 *(.text.$MFlashB512*)
 *(.rodata.$Flash2*)
 *(.rodata.$MFlashB512*)

.text           0x1a000000     0x1bec
 FILL mask 0xff
                0x1a000000                __vectors_start__ = ABSOLUTE (.)
 *(.isr_vector)
 .isr_vector    0x1a000000      0x114 out/libs/lpc_board_ciaa_edu_4337/src/cr_startup_lpc43xx.o
                0x1a000000                g_pfnVectors
                0x1a000114                . = ALIGN (0x4)
                0x1a000114                __section_table_start = .
                0x1a000114                __data_section_table = .
                0x1a000114        0x4 LONG 0x1a001bf4 LOADADDR (.data)
                0x1a000118        0x4 LONG 0x10000000 ADDR (.data)
                0x1a00011c        0x4 LONG 0x44 SIZEOF (.data)
                0x1a000120        0x4 LONG 0x1a001bf4 LOADADDR (.data_RAM2)
                0x1a000124        0x4 LONG 0x10080000 ADDR (.data_RAM2)
                0x1a000128        0x4 LONG 0x0 SIZEOF (.data_RAM2)
                0x1a00012c        0x4 LONG 0x1a001bf4 LOADADDR (.data_RAM3)
                0x1a000130        0x4 LONG 0x20000000 ADDR (.data_RAM3)
                0x1a000134        0x4 LONG 0x0 SIZEOF (.data_RAM3)
                0x1a000138        0x4 LONG 0x1a001bf4 LOADADDR (.data_RAM4)
                0x1a00013c        0x4 LONG 0x20008000 ADDR (.data_RAM4)
                0x1a000140        0x4 LONG 0x0 SIZEOF (.data_RAM4)
                0x1a000144        0x4 LONG 0x1a001bf4 LOADADDR (.data_RAM5)
                0x1a000148        0x4 LONG 0x2000c000 ADDR (.data_RAM5)
                0x1a00014c        0x4 LONG 0x0 SIZEOF (.data_RAM5)
                0x1a000150                __data_section_table_end = .
                0x1a000150                __bss_section_table = .
                0x1a000150        0x4 LONG 0x10000048 ADDR (.bss)
                0x1a000154        0x4 LONG 0x20 SIZEOF (.bss)
                0x1a000158        0x4 LONG 0x10080000 ADDR (.bss_RAM2)
                0x1a00015c        0x4 LONG 0x0 SIZEOF (.bss_RAM2)
                0x1a000160        0x4 LONG 0x20000000 ADDR (.bss_RAM3)
                0x1a000164        0x4 LONG 0x0 SIZEOF (.bss_RAM3)
                0x1a000168        0x4 LONG 0x20008000 ADDR (.bss_RAM4)
                0x1a00016c        0x4 LONG 0x0 SIZEOF (.bss_RAM4)
                0x1a000170        0x4 LONG 0x2000c000 ADDR (.bss_RAM5)
                0x1a000174        0x4 LONG 0x0 SIZEOF (.bss_RAM5)
                0x1a000178                __bss_section_table_end = .
                0x1a000178                __section_table_end = .
 *(.after_vectors*)
 .after_vectors
                0x1a000178       0x58 out/libs/lpc_board_ciaa_edu_4337/src/cr_startup_lpc43xx.o
                0x1a000178                NMI_Handler
                0x1a00017c                HardFault_Handler
                0x1a000180                MemManage_Handler
                0x1a000184                BusFault_Handler
                0x1a000188                UsageFault_Handler
                0x1a00018c                SVC_Handler
                0x1a000190                DebugMon_Handler
                0x1a000194                PendSV_Handler
                0x1a00019c                RIT_IRQHandler
                0x1a00019c                ADCHS_IRQHandler
                0x1a00019c                FLASH_EEPROM_IRQHandler
                0x1a00019c                I2C0_IRQHandler
                0x1a00019c                SDIO_IRQHandler
                0x1a00019c                ATIMER_IRQHandler
                0x1a00019c                I2C1_IRQHandler
                0x1a00019c                UART1_IRQHandler
                0x1a00019c                GPIO5_IRQHandler
                0x1a00019c                CAN1_IRQHandler
                0x1a00019c                USB1_IRQHandler
                0x1a00019c                I2S0_IRQHandler
                0x1a00019c                SGPIO_IRQHandler
                0x1a00019c                ADC0_IRQHandler
                0x1a00019c                GPIO6_IRQHandler
                0x1a00019c                IntDefaultHandler
                0x1a00019c                GPIO1_IRQHandler
                0x1a00019c                SSP0_IRQHandler
                0x1a00019c                ADC1_IRQHandler
                0x1a00019c                RTC_IRQHandler
                0x1a00019c                SPI_IRQHandler
                0x1a00019c                LCD_IRQHandler
                0x1a00019c                GPIO2_IRQHandler
                0x1a00019c                I2S1_IRQHandler
                0x1a00019c                SSP1_IRQHandler
                0x1a00019c                USB0_IRQHandler
                0x1a00019c                GPIO3_IRQHandler
                0x1a00019c                SCT_IRQHandler
                0x1a00019c                WDT_IRQHandler
                0x1a00019c                GPIO7_IRQHandler
                0x1a00019c                SPIFI_IRQHandler
                0x1a00019c                QEI_IRQHandler
                0x1a00019c                ETH_IRQHandler
                0x1a00019c                CAN0_IRQHandler
                0x1a00019c                GINT0_IRQHandler
                0x1a00019c                DAC_IRQHandler
                0x1a00019c                M0SUB_IRQHandler
                0x1a00019c                GPIO0_IRQHandler
                0x1a00019c                DMA_IRQHandler
                0x1a00019c                EVRT_IRQHandler
                0x1a00019c                MCPWM_IRQHandler
                0x1a00019c                M0APP_IRQHandler
                0x1a00019c                GINT1_IRQHandler
                0x1a00019c                GPIO4_IRQHandler
                0x1a0001a0                data_init
                0x1a0001bc                bss_init
 .after_vectors
                0x1a0001d0        0x4 out/libs/sapi/src/sapi_uart.o
                0x1a0001d0                UART0_IRQHandler
                0x000002fc                . = 0x2fc
 *fill*         0x1a0001d4      0x128 ff
                0x1a0002fc                PROVIDE (__CRP_WORD_START__, .)
 *(.crp)
 .crp           0x1a0002fc        0x4 out/libs/lpc_board_ciaa_edu_4337/src/crp.o
                0x1a0002fc                CRP_WORD
                0x1a000300                PROVIDE (__CRP_WORD_END__, .)
                0x00000001                ASSERT (! ((__CRP_WORD_START__ == __CRP_WORD_END__)), Linker CRP Enabled, but no CRP_WORD provided within application)
 *(.text*)
 .text.main     0x1a000300       0x60 out/app/src/programa.o
                0x1a000300                main
 .text.Chip_UART_GetIndex
                0x1a000360       0x2c out/libs/lpc_chip_43xx/src/uart_18xx_43xx.o
 .text.Chip_UART_Init
                0x1a00038c       0x50 out/libs/lpc_chip_43xx/src/uart_18xx_43xx.o
                0x1a00038c                Chip_UART_Init
 .text.Chip_UART_SetBaudFDR
                0x1a0003dc       0xe4 out/libs/lpc_chip_43xx/src/uart_18xx_43xx.o
                0x1a0003dc                Chip_UART_SetBaudFDR
 .text.SystemCoreClockUpdate
                0x1a0004c0       0x14 out/libs/lpc_chip_43xx/src/chip_18xx_43xx.o
                0x1a0004c0                SystemCoreClockUpdate
 .text.pll_calc_divs
                0x1a0004d4       0xa8 out/libs/lpc_chip_43xx/src/clock_18xx_43xx.o
 .text.pll_get_frac
                0x1a00057c       0xfc out/libs/lpc_chip_43xx/src/clock_18xx_43xx.o
 .text.Chip_Clock_FindBaseClock
                0x1a000678       0x48 out/libs/lpc_chip_43xx/src/clock_18xx_43xx.o
 .text.Chip_Clock_EnableCrystal
                0x1a0006c0       0x4c out/libs/lpc_chip_43xx/src/clock_18xx_43xx.o
                0x1a0006c0                Chip_Clock_EnableCrystal
 .text.Chip_Clock_GetDividerSource
                0x1a00070c       0x1c out/libs/lpc_chip_43xx/src/clock_18xx_43xx.o
                0x1a00070c                Chip_Clock_GetDividerSource
 .text.Chip_Clock_GetDividerDivisor
                0x1a000728       0x1c out/libs/lpc_chip_43xx/src/clock_18xx_43xx.o
                0x1a000728                Chip_Clock_GetDividerDivisor
 .text.Chip_Clock_GetClockInputHz
                0x1a000744       0xb8 out/libs/lpc_chip_43xx/src/clock_18xx_43xx.o
                0x1a000744                Chip_Clock_GetClockInputHz
 .text.Chip_Clock_CalcMainPLLValue
                0x1a0007fc       0x80 out/libs/lpc_chip_43xx/src/clock_18xx_43xx.o
                0x1a0007fc                Chip_Clock_CalcMainPLLValue
 .text.Chip_Clock_GetMainPLLHz
                0x1a00087c       0x68 out/libs/lpc_chip_43xx/src/clock_18xx_43xx.o
                0x1a00087c                Chip_Clock_GetMainPLLHz
 .text.Chip_Clock_GetDivRate
                0x1a0008e4       0x24 out/libs/lpc_chip_43xx/src/clock_18xx_43xx.o
 .text.Chip_Clock_SetBaseClock
                0x1a000908       0x44 out/libs/lpc_chip_43xx/src/clock_18xx_43xx.o
                0x1a000908                Chip_Clock_SetBaseClock
 .text.Chip_Clock_GetBaseClock
                0x1a00094c       0x24 out/libs/lpc_chip_43xx/src/clock_18xx_43xx.o
                0x1a00094c                Chip_Clock_GetBaseClock
 .text.Chip_Clock_GetBaseClocktHz
                0x1a000970        0xc out/libs/lpc_chip_43xx/src/clock_18xx_43xx.o
                0x1a000970                Chip_Clock_GetBaseClocktHz
 .text.Chip_Clock_EnableOpts
                0x1a00097c       0x3c out/libs/lpc_chip_43xx/src/clock_18xx_43xx.o
                0x1a00097c                Chip_Clock_EnableOpts
 .text.Chip_Clock_GetRate
                0x1a0009b8       0x4c out/libs/lpc_chip_43xx/src/clock_18xx_43xx.o
                0x1a0009b8                Chip_Clock_GetRate
 .text.Chip_SetupCoreClock
                0x1a000a04      0x158 out/libs/lpc_chip_43xx/src/sysinit_18xx_43xx.o
                0x1a000a04                Chip_SetupCoreClock
 .text.fpuInit  0x1a000b5c       0x58 out/libs/lpc_chip_43xx/src/fpu_init.o
                0x1a000b5c                fpuInit
 .text.Chip_GPIO_Init
                0x1a000bb4        0x4 out/libs/lpc_chip_43xx/src/gpio_18xx_43xx.o
                0x1a000bb4                Chip_GPIO_Init
 .text.Chip_GPIO_SetDir
                0x1a000bb8       0x24 out/libs/lpc_chip_43xx/src/gpio_18xx_43xx.o
                0x1a000bb8                Chip_GPIO_SetDir
 .text.Board_LED_Init
                0x1a000bdc       0x40 out/libs/lpc_board_ciaa_edu_4337/src/board.o
 .text.Board_UART_Init
                0x1a000c1c       0x14 out/libs/lpc_board_ciaa_edu_4337/src/board.o
                0x1a000c1c                Board_UART_Init
 .text.Board_Debug_Init
                0x1a000c30       0x28 out/libs/lpc_board_ciaa_edu_4337/src/board.o
                0x1a000c30                Board_Debug_Init
 .text.Board_Init
                0x1a000c58       0x28 out/libs/lpc_board_ciaa_edu_4337/src/board.o
                0x1a000c58                Board_Init
 .text.ResetISR
                0x1a000c80       0x7c out/libs/lpc_board_ciaa_edu_4337/src/cr_startup_lpc43xx.o
                0x1a000c80                ResetISR
 .text.SystemInit
                0x1a000cfc        0xc out/libs/lpc_board_ciaa_edu_4337/src/sysinit.o
                0x1a000cfc                SystemInit
 .text.Board_SetupMuxing
                0x1a000d08       0x34 out/libs/lpc_board_ciaa_edu_4337/src/board_sysinit.o
                0x1a000d08                Board_SetupMuxing
 .text.Board_SetupClocking
                0x1a000d3c       0x6c out/libs/lpc_board_ciaa_edu_4337/src/board_sysinit.o
                0x1a000d3c                Board_SetupClocking
 .text.Board_SystemInit
                0x1a000da8        0xc out/libs/lpc_board_ciaa_edu_4337/src/board_sysinit.o
                0x1a000da8                Board_SystemInit
 .text.UART2_IRQHandler
                0x1a000db4        0x4 out/libs/sapi/src/sapi_uart.o
                0x1a000db4                UART2_IRQHandler
 .text.UART3_IRQHandler
                0x1a000db8        0x4 out/libs/sapi/src/sapi_uart.o
                0x1a000db8                UART3_IRQHandler
 .text.sAPI_NullFuncPtr
                0x1a000dbc        0x4 out/libs/sapi/src/sapi_datatypes.o
                0x1a000dbc                sAPI_NullFuncPtr
 .text.delay    0x1a000dc0       0x38 out/libs/sapi/src/sapi_delay.o
                0x1a000dc0                delay
 .text.tickConfig
                0x1a000df8       0x78 out/libs/sapi/src/sapi_tick.o
                0x1a000df8                tickConfig
 .text.tickRead
                0x1a000e70        0xc out/libs/sapi/src/sapi_tick.o
                0x1a000e70                tickRead
 .text.SysTick_Handler
                0x1a000e7c       0x24 out/libs/sapi/src/sapi_tick.o
                0x1a000e7c                SysTick_Handler
 .text.TIMER0_IRQHandler
                0x1a000ea0       0x70 out/libs/sapi/src/sapi_timer.o
                0x1a000ea0                TIMER0_IRQHandler
 .text.TIMER1_IRQHandler
                0x1a000f10       0x70 out/libs/sapi/src/sapi_timer.o
                0x1a000f10                TIMER1_IRQHandler
 .text.TIMER2_IRQHandler
                0x1a000f80       0x70 out/libs/sapi/src/sapi_timer.o
                0x1a000f80                TIMER2_IRQHandler
 .text.TIMER3_IRQHandler
                0x1a000ff0       0x70 out/libs/sapi/src/sapi_timer.o
                0x1a000ff0                TIMER3_IRQHandler
 .text.boardConfig
                0x1a001060       0xf0 out/libs/sapi/src/sapi_board.o
                0x1a001060                boardConfig
 .text.gpioObtainPinConfig
                0x1a001150       0x2c out/libs/sapi/src/sapi_gpio.o
 .text.gpioConfig
                0x1a00117c      0x174 out/libs/sapi/src/sapi_gpio.o
                0x1a00117c                gpioConfig
 .text.gpioWrite
                0x1a0012f0       0x58 out/libs/sapi/src/sapi_gpio.o
                0x1a0012f0                gpioWrite
 .text.gpioRead
                0x1a001348       0x58 out/libs/sapi/src/sapi_gpio.o
                0x1a001348                gpioRead
 .text.gpioToggle
                0x1a0013a0       0x18 out/libs/sapi/src/sapi_gpio.o
                0x1a0013a0                gpioToggle
 .text          0x1a0013b8       0x30 /home/eric/ciaa-ide/gcc-arm-none-eabi-4_9-2015q1/bin/../lib/gcc/arm-none-eabi/4.9.3/armv7e-m/fpu/libgcc.a(_aeabi_uldivmod.o)
                0x1a0013b8                __aeabi_uldivmod
 .text          0x1a0013e8       0x60 /home/eric/ciaa-ide/gcc-arm-none-eabi-4_9-2015q1/bin/../lib/gcc/arm-none-eabi/4.9.3/armv7e-m/fpu/libgcc.a(bpabi.o)
                0x1a0013e8                __gnu_ldivmod_helper
                0x1a001418                __gnu_uldivmod_helper
 .text          0x1a001448        0x4 /home/eric/ciaa-ide/gcc-arm-none-eabi-4_9-2015q1/bin/../lib/gcc/arm-none-eabi/4.9.3/armv7e-m/fpu/libgcc.a(_dvmd_tls.o)
                0x1a001448                __aeabi_ldiv0
                0x1a001448                __aeabi_idiv0
 .text          0x1a00144c      0x29c /home/eric/ciaa-ide/gcc-arm-none-eabi-4_9-2015q1/bin/../lib/gcc/arm-none-eabi/4.9.3/armv7e-m/fpu/libgcc.a(_divdi3.o)
                0x1a00144c                __divdi3
 .text          0x1a0016e8      0x26c /home/eric/ciaa-ide/gcc-arm-none-eabi-4_9-2015q1/bin/../lib/gcc/arm-none-eabi/4.9.3/armv7e-m/fpu/libgcc.a(_udivdi3.o)
                0x1a0016e8                __udivdi3
 .text.memset   0x1a001954       0x10 /home/eric/ciaa-ide/gcc-arm-none-eabi-4_9-2015q1/bin/../lib/gcc/arm-none-eabi/4.9.3/../../../../arm-none-eabi/lib/armv7e-m/fpu/libc_nano.a(lib_a-memset.o)
                0x1a001954                memset
 *(.rodata .rodata.* .constdata .constdata.*)
 .rodata.UART_BClock
                0x1a001964        0x8 out/libs/lpc_chip_43xx/src/uart_18xx_43xx.o
 .rodata.UART_PClock
                0x1a00196c        0x8 out/libs/lpc_chip_43xx/src/uart_18xx_43xx.o
 .rodata        0x1a001974        0x4 out/libs/lpc_chip_43xx/src/clock_18xx_43xx.o
 .rodata.str1.4
                0x1a001978        0x8 out/libs/lpc_chip_43xx/src/clock_18xx_43xx.o
 .rodata.periph_to_base
                0x1a001980       0x6c out/libs/lpc_chip_43xx/src/clock_18xx_43xx.o
 .rodata.InitClkStates
                0x1a0019ec       0x48 out/libs/lpc_chip_43xx/src/sysinit_18xx_43xx.o
 .rodata.OscRateIn
                0x1a001a34        0x4 out/libs/lpc_board_ciaa_edu_4337/src/board.o
                0x1a001a34                OscRateIn
 .rodata.ExtRateIn
                0x1a001a38        0x4 out/libs/lpc_board_ciaa_edu_4337/src/board.o
                0x1a001a38                ExtRateIn
 .rodata.gpioLEDBits
                0x1a001a3c        0xc out/libs/lpc_board_ciaa_edu_4337/src/board.o
 .rodata.InitClkStates
                0x1a001a48        0xc out/libs/lpc_board_ciaa_edu_4337/src/board_sysinit.o
 .rodata.pinmuxing
                0x1a001a54       0x60 out/libs/lpc_board_ciaa_edu_4337/src/board_sysinit.o
 .rodata.gpioPinsConfig
                0x1a001ab4      0x138 out/libs/sapi/src/sapi_gpio.o
                0x1a001ab4                gpioPinsConfig
                0x1a001bec                . = ALIGN (0x4)

.glue_7         0x1a001bec        0x0
 .glue_7        0x00000000        0x0 linker stubs

.glue_7t        0x1a001bec        0x0
 .glue_7t       0x00000000        0x0 linker stubs

.vfp11_veneer   0x1a001bec        0x0
 .vfp11_veneer  0x00000000        0x0 linker stubs

.v4_bx          0x1a001bec        0x0
 .v4_bx         0x00000000        0x0 linker stubs

.iplt           0x1a001bec        0x0
 .iplt          0x00000000        0x0 out/app/src/programa.o

.ARM.extab
 *(.ARM.extab* .gnu.linkonce.armextab.*)
                0x1a001bec                __exidx_start = .

.ARM.exidx      0x1a001bec        0x8
 *(.ARM.exidx* .gnu.linkonce.armexidx.*)
 .ARM.exidx     0x1a001bec        0x8 /home/eric/ciaa-ide/gcc-arm-none-eabi-4_9-2015q1/bin/../lib/gcc/arm-none-eabi/4.9.3/armv7e-m/fpu/libgcc.a(_divdi3.o)
 .ARM.exidx     0x1a001bf4        0x0 /home/eric/ciaa-ide/gcc-arm-none-eabi-4_9-2015q1/bin/../lib/gcc/arm-none-eabi/4.9.3/armv7e-m/fpu/libgcc.a(_udivdi3.o)
                                  0x8 (size before relaxing)
                0x1a001bf4                __exidx_end = .
                0x1a001bf4                _etext = .

.rel.dyn        0x1a001bf4        0x0
 .rel.iplt      0x00000000        0x0 out/app/src/programa.o

.data_RAM2      0x10080000        0x0 load address 0x1a001bf4
 FILL mask 0xff
 *(.ramfunc.$RAM2)
 *(.ramfunc.$RamLoc40)
 *(.data.$RAM2*)
 *(.data.$RamLoc40*)
                0x10080000                . = ALIGN (0x4)

.data_RAM3      0x20000000        0x0 load address 0x1a001bf4
 FILL mask 0xff
 *(.ramfunc.$RAM3)
 *(.ramfunc.$RamAHB32)
 *(.data.$RAM3*)
 *(.data.$RamAHB32*)
                0x20000000                . = ALIGN (0x4)

.data_RAM4      0x20008000        0x0 load address 0x1a001bf4
 FILL mask 0xff
 *(.ramfunc.$RAM4)
 *(.ramfunc.$RamAHB16)
 *(.data.$RAM4*)
 *(.data.$RamAHB16*)
                0x20008000                . = ALIGN (0x4)

.data_RAM5      0x2000c000        0x0 load address 0x1a001bf4
 FILL mask 0xff
 *(.ramfunc.$RAM5)
 *(.ramfunc.$RamAHB_ETB16)
 *(.data.$RAM5*)
 *(.data.$RamAHB_ETB16*)
                0x2000c000                . = ALIGN (0x4)

.uninit_RESERVED
                0x10000000        0x0
 *(.bss.$RESERVED*)
                0x10000000                . = ALIGN (0x4)
                0x10000000                _end_uninit_RESERVED = .

.data           0x10000000       0x44 load address 0x1a001bf4
 FILL mask 0xff
                0x10000000                _data = .
 *(vtable)
 *(.ramfunc*)
 *(.data*)
 .data.tickHookFunction
                0x10000000        0x4 out/libs/sapi/src/sapi_tick.o
                0x10000000                tickHookFunction
 .data.timer3CaptureHookFunction
                0x10000004       0x10 out/libs/sapi/src/sapi_timer.o
                0x10000004                timer3CaptureHookFunction
 .data.timer2CaptureHookFunction
                0x10000014       0x10 out/libs/sapi/src/sapi_timer.o
                0x10000014                timer2CaptureHookFunction
 .data.timer1CaptureHookFunction
                0x10000024       0x10 out/libs/sapi/src/sapi_timer.o
                0x10000024                timer1CaptureHookFunction
 .data.timer0CaptureHookFunction
                0x10000034       0x10 out/libs/sapi/src/sapi_timer.o
                0x10000034                timer0CaptureHookFunction
                0x10000044                . = ALIGN (0x4)
                0x10000044                _edata = .

.igot.plt       0x10000044        0x0 load address 0x1a001c38
 .igot.plt      0x00000000        0x0 out/app/src/programa.o

.bss_RAM2       0x10080000        0x0
 *(.bss.$RAM2*)
 *(.bss.$RamLoc40*)
                0x10080000                . = ALIGN (0x4)

.bss_RAM3       0x20000000        0x0
 *(.bss.$RAM3*)
 *(.bss.$RamAHB32*)
                0x20000000                . = ALIGN (0x4)

.bss_RAM4       0x20008000        0x0
 *(.bss.$RAM4*)
 *(.bss.$RamAHB16*)
                0x20008000                . = ALIGN (0x4)

.bss_RAM5       0x2000c000        0x0
 *(.bss.$RAM5*)
 *(.bss.$RamAHB_ETB16*)
                0x2000c000                . = ALIGN (0x4)

.bss            0x10000048       0x20
                0x10000048                _bss = .
 *(.bss*)
 .bss.audio_usb_pll_freq
                0x10000048        0x8 out/libs/lpc_chip_43xx/src/clock_18xx_43xx.o
 *(COMMON)
 COMMON         0x10000050        0x4 out/libs/lpc_chip_43xx/src/chip_18xx_43xx.o
                0x10000050                SystemCoreClock
 *fill*         0x10000054        0x4 
 COMMON         0x10000058       0x10 out/libs/sapi/src/sapi_tick.o
                0x10000058                tickCounter
                0x10000060                tickRateMS
                0x10000068                . = ALIGN (0x4)
                0x10000068                _ebss = .
                0x10000068                PROVIDE (end, .)

.noinit_RAM2    0x10080000        0x0
 *(.noinit.$RAM2*)
 *(.noinit.$RamLoc40*)
                0x10080000                . = ALIGN (0x4)

.noinit_RAM3    0x20000000        0x0
 *(.noinit.$RAM3*)
 *(.noinit.$RamAHB32*)
                0x20000000                . = ALIGN (0x4)

.noinit_RAM4    0x20008000        0x0
 *(.noinit.$RAM4*)
 *(.noinit.$RamAHB16*)
                0x20008000                . = ALIGN (0x4)

.noinit_RAM5    0x2000c000        0x0
 *(.noinit.$RAM5*)
 *(.noinit.$RamAHB_ETB16*)
                0x2000c000                . = ALIGN (0x4)

.noinit         0x10000068        0x0
                0x10000068                _noinit = .
 *(.noinit*)
                0x10000068                . = ALIGN (0x4)
                0x10000068                _end_noinit = .
                0x10000068                PROVIDE (_pvHeapStart, .)
                0x10008000                PROVIDE (_vStackTop, (__top_RamLoc32 - 0x0))
                0x53ff6bfa                PROVIDE (__valid_user_code_checksum, (0x0 - ((((((_vStackTop + (ResetISR + 0x1)) + (NMI_Handler + 0x1)) + (HardFault_Handler + 0x1)) + (DEFINED (MemManage_Handler)?MemManage_Handler:0x0 + 0x1)) + (DEFINED (BusFault_Handler)?BusFault_Handler:0x0 + 0x1)) + (DEFINED (UsageFault_Handler)?UsageFault_Handler:0x0 + 0x1))))
OUTPUT(out/program.elf elf32-littlearm)

.debug_info     0x00000000     0xd407
 .debug_info    0x00000000      0x3b5 out/app/src/programa.o
 .debug_info    0x000003b5     0x1687 out/libs/lpc_chip_43xx/src/uart_18xx_43xx.o
 .debug_info    0x00001a3c      0xcc4 out/libs/lpc_chip_43xx/src/chip_18xx_43xx.o
 .debug_info    0x00002700     0x18f5 out/libs/lpc_chip_43xx/src/clock_18xx_43xx.o
 .debug_info    0x00003ff5      0xaf6 out/libs/lpc_chip_43xx/src/sysinit_18xx_43xx.o
 .debug_info    0x00004aeb      0x14c out/libs/lpc_chip_43xx/src/fpu_init.o
 .debug_info    0x00004c37      0x4b8 out/libs/lpc_chip_43xx/src/gpio_18xx_43xx.o
 .debug_info    0x000050ef     0x18dc out/libs/lpc_board_ciaa_edu_4337/src/board.o
 .debug_info    0x000069cb       0x3f out/libs/lpc_board_ciaa_edu_4337/src/crp.o
 .debug_info    0x00006a0a      0x2dd out/libs/lpc_board_ciaa_edu_4337/src/cr_startup_lpc43xx.o
 .debug_info    0x00006ce7       0xf8 out/libs/lpc_board_ciaa_edu_4337/src/sysinit.o
 .debug_info    0x00006ddf      0xc83 out/libs/lpc_board_ciaa_edu_4337/src/board_sysinit.o
 .debug_info    0x00007a62      0xc0b out/libs/sapi/src/sapi_uart.o
 .debug_info    0x0000866d       0xff out/libs/sapi/src/sapi_datatypes.o
 .debug_info    0x0000876c      0x2c4 out/libs/sapi/src/sapi_delay.o
 .debug_info    0x00008a30      0xc04 out/libs/sapi/src/sapi_tick.o
 .debug_info    0x00009634     0x2632 out/libs/sapi/src/sapi_timer.o
 .debug_info    0x0000bc66      0x5ee out/libs/sapi/src/sapi_board.o
 .debug_info    0x0000c254     0x11b3 out/libs/sapi/src/sapi_gpio.o

.debug_abbrev   0x00000000     0x2399
 .debug_abbrev  0x00000000       0xef out/app/src/programa.o
 .debug_abbrev  0x000000ef      0x3ca out/libs/lpc_chip_43xx/src/uart_18xx_43xx.o
 .debug_abbrev  0x000004b9      0x1f6 out/libs/lpc_chip_43xx/src/chip_18xx_43xx.o
 .debug_abbrev  0x000006af      0x376 out/libs/lpc_chip_43xx/src/clock_18xx_43xx.o
 .debug_abbrev  0x00000a25      0x20a out/libs/lpc_chip_43xx/src/sysinit_18xx_43xx.o
 .debug_abbrev  0x00000c2f       0xa2 out/libs/lpc_chip_43xx/src/fpu_init.o
 .debug_abbrev  0x00000cd1      0x15a out/libs/lpc_chip_43xx/src/gpio_18xx_43xx.o
 .debug_abbrev  0x00000e2b      0x335 out/libs/lpc_board_ciaa_edu_4337/src/board.o
 .debug_abbrev  0x00001160       0x36 out/libs/lpc_board_ciaa_edu_4337/src/crp.o
 .debug_abbrev  0x00001196      0x12b out/libs/lpc_board_ciaa_edu_4337/src/cr_startup_lpc43xx.o
 .debug_abbrev  0x000012c1       0xa0 out/libs/lpc_board_ciaa_edu_4337/src/sysinit.o
 .debug_abbrev  0x00001361      0x225 out/libs/lpc_board_ciaa_edu_4337/src/board_sysinit.o
 .debug_abbrev  0x00001586      0x2c0 out/libs/sapi/src/sapi_uart.o
 .debug_abbrev  0x00001846       0x84 out/libs/sapi/src/sapi_datatypes.o
 .debug_abbrev  0x000018ca      0x132 out/libs/sapi/src/sapi_delay.o
 .debug_abbrev  0x000019fc      0x22a out/libs/sapi/src/sapi_tick.o
 .debug_abbrev  0x00001c26      0x3ae out/libs/sapi/src/sapi_timer.o
 .debug_abbrev  0x00001fd4      0x115 out/libs/sapi/src/sapi_board.o
 .debug_abbrev  0x000020e9      0x2b0 out/libs/sapi/src/sapi_gpio.o

.debug_aranges  0x00000000      0x698
 .debug_aranges
                0x00000000       0x20 out/app/src/programa.o
 .debug_aranges
                0x00000020       0xa8 out/libs/lpc_chip_43xx/src/uart_18xx_43xx.o
 .debug_aranges
                0x000000c8       0x38 out/libs/lpc_chip_43xx/src/chip_18xx_43xx.o
 .debug_aranges
                0x00000100      0x128 out/libs/lpc_chip_43xx/src/clock_18xx_43xx.o
 .debug_aranges
                0x00000228       0x38 out/libs/lpc_chip_43xx/src/sysinit_18xx_43xx.o
 .debug_aranges
                0x00000260       0x20 out/libs/lpc_chip_43xx/src/fpu_init.o
 .debug_aranges
                0x00000280       0x48 out/libs/lpc_chip_43xx/src/gpio_18xx_43xx.o
 .debug_aranges
                0x000002c8       0x90 out/libs/lpc_board_ciaa_edu_4337/src/board.o
 .debug_aranges
                0x00000358       0x18 out/libs/lpc_board_ciaa_edu_4337/src/crp.o
 .debug_aranges
                0x00000370       0x80 out/libs/lpc_board_ciaa_edu_4337/src/cr_startup_lpc43xx.o
 .debug_aranges
                0x000003f0       0x20 out/libs/lpc_board_ciaa_edu_4337/src/sysinit.o
 .debug_aranges
                0x00000410       0x30 out/libs/lpc_board_ciaa_edu_4337/src/board_sysinit.o
 .debug_aranges
                0x00000440       0x60 out/libs/sapi/src/sapi_uart.o
 .debug_aranges
                0x000004a0       0x20 out/libs/sapi/src/sapi_datatypes.o
 .debug_aranges
                0x000004c0       0x48 out/libs/sapi/src/sapi_delay.o
 .debug_aranges
                0x00000508       0x38 out/libs/sapi/src/sapi_tick.o
 .debug_aranges
                0x00000540       0xf8 out/libs/sapi/src/sapi_timer.o
 .debug_aranges
                0x00000638       0x20 out/libs/sapi/src/sapi_board.o
 .debug_aranges
                0x00000658       0x40 out/libs/sapi/src/sapi_gpio.o

.debug_ranges   0x00000000      0x578
 .debug_ranges  0x00000000       0x10 out/app/src/programa.o
 .debug_ranges  0x00000010       0xb0 out/libs/lpc_chip_43xx/src/uart_18xx_43xx.o
 .debug_ranges  0x000000c0       0x28 out/libs/lpc_chip_43xx/src/chip_18xx_43xx.o
 .debug_ranges  0x000000e8      0x118 out/libs/lpc_chip_43xx/src/clock_18xx_43xx.o
 .debug_ranges  0x00000200       0x28 out/libs/lpc_chip_43xx/src/sysinit_18xx_43xx.o
 .debug_ranges  0x00000228       0x10 out/libs/lpc_chip_43xx/src/fpu_init.o
 .debug_ranges  0x00000238       0x38 out/libs/lpc_chip_43xx/src/gpio_18xx_43xx.o
 .debug_ranges  0x00000270       0x80 out/libs/lpc_board_ciaa_edu_4337/src/board.o
 .debug_ranges  0x000002f0       0x70 out/libs/lpc_board_ciaa_edu_4337/src/cr_startup_lpc43xx.o
 .debug_ranges  0x00000360       0x10 out/libs/lpc_board_ciaa_edu_4337/src/sysinit.o
 .debug_ranges  0x00000370       0x20 out/libs/lpc_board_ciaa_edu_4337/src/board_sysinit.o
 .debug_ranges  0x00000390       0x50 out/libs/sapi/src/sapi_uart.o
 .debug_ranges  0x000003e0       0x10 out/libs/sapi/src/sapi_datatypes.o
 .debug_ranges  0x000003f0       0x38 out/libs/sapi/src/sapi_delay.o
 .debug_ranges  0x00000428       0x28 out/libs/sapi/src/sapi_tick.o
 .debug_ranges  0x00000450       0xe8 out/libs/sapi/src/sapi_timer.o
 .debug_ranges  0x00000538       0x10 out/libs/sapi/src/sapi_board.o
 .debug_ranges  0x00000548       0x30 out/libs/sapi/src/sapi_gpio.o

.debug_macro    0x00000000     0x8ab3
 .debug_macro   0x00000000      0x4c4 out/app/src/programa.o
 .debug_macro   0x000004c4      0x87a out/app/src/programa.o
 .debug_macro   0x00000d3e       0x22 out/app/src/programa.o
 .debug_macro   0x00000d60       0x44 out/app/src/programa.o
 .debug_macro   0x00000da4       0x1c out/app/src/programa.o
 .debug_macro   0x00000dc0      0x1f7 out/app/src/programa.o
 .debug_macro   0x00000fb7       0x10 out/app/src/programa.o
 .debug_macro   0x00000fc7       0x22 out/app/src/programa.o
 .debug_macro   0x00000fe9       0x66 out/app/src/programa.o
 .debug_macro   0x0000104f       0x28 out/app/src/programa.o
 .debug_macro   0x00001077       0x3b out/app/src/programa.o
 .debug_macro   0x000010b2       0x2d out/app/src/programa.o
 .debug_macro   0x000010df       0x42 out/app/src/programa.o
 .debug_macro   0x00001121      0xd39 out/app/src/programa.o
 .debug_macro   0x00001e5a      0x2bc out/app/src/programa.o
 .debug_macro   0x00002116      0x112 out/app/src/programa.o
 .debug_macro   0x00002228       0x11 out/app/src/programa.o
 .debug_macro   0x00002239       0x2a out/app/src/programa.o
 .debug_macro   0x00002263       0x16 out/app/src/programa.o
 .debug_macro   0x00002279      0x2e6 out/app/src/programa.o
 .debug_macro   0x0000255f       0x82 out/app/src/programa.o
 .debug_macro   0x000025e1      0x13d out/app/src/programa.o
 .debug_macro   0x0000271e      0x198 out/app/src/programa.o
 .debug_macro   0x000028b6       0x34 out/app/src/programa.o
 .debug_macro   0x000028ea       0x58 out/app/src/programa.o
 .debug_macro   0x00002942      0x236 out/app/src/programa.o
 .debug_macro   0x00002b78      0x572 out/app/src/programa.o
 .debug_macro   0x000030ea       0x16 out/app/src/programa.o
 .debug_macro   0x00003100      0x18a out/app/src/programa.o
 .debug_macro   0x0000328a       0x88 out/app/src/programa.o
 .debug_macro   0x00003312      0x1b9 out/app/src/programa.o
 .debug_macro   0x000034cb      0x1da out/app/src/programa.o
 .debug_macro   0x000036a5       0x40 out/app/src/programa.o
 .debug_macro   0x000036e5       0x1c out/app/src/programa.o
 .debug_macro   0x00003701       0x2e out/app/src/programa.o
 .debug_macro   0x0000372f       0x2e out/app/src/programa.o
 .debug_macro   0x0000375d       0x22 out/app/src/programa.o
 .debug_macro   0x0000377f      0x201 out/app/src/programa.o
 .debug_macro   0x00003980       0xe0 out/app/src/programa.o
 .debug_macro   0x00003a60      0x34c out/app/src/programa.o
 .debug_macro   0x00003dac       0xdc out/app/src/programa.o
 .debug_macro   0x00003e88       0xc4 out/app/src/programa.o
 .debug_macro   0x00003f4c       0x94 out/app/src/programa.o
 .debug_macro   0x00003fe0       0xb8 out/app/src/programa.o
 .debug_macro   0x00004098       0x4c out/app/src/programa.o
 .debug_macro   0x000040e4       0x16 out/app/src/programa.o
 .debug_macro   0x000040fa      0x328 out/app/src/programa.o
 .debug_macro   0x00004422       0x3a out/app/src/programa.o
 .debug_macro   0x0000445c       0xd0 out/app/src/programa.o
 .debug_macro   0x0000452c       0x18 out/app/src/programa.o
 .debug_macro   0x00004544       0x22 out/app/src/programa.o
 .debug_macro   0x00004566       0x40 out/app/src/programa.o
 .debug_macro   0x000045a6       0x4c out/app/src/programa.o
 .debug_macro   0x000045f2       0x58 out/app/src/programa.o
 .debug_macro   0x0000464a       0x35 out/app/src/programa.o
 .debug_macro   0x0000467f       0x9c out/app/src/programa.o
 .debug_macro   0x0000471b       0x16 out/app/src/programa.o
 .debug_macro   0x00004731       0x97 out/app/src/programa.o
 .debug_macro   0x000047c8      0x29d out/app/src/programa.o
 .debug_macro   0x00004a65       0xef out/app/src/programa.o
 .debug_macro   0x00004b54       0x10 out/app/src/programa.o
 .debug_macro   0x00004b64       0x52 out/app/src/programa.o
 .debug_macro   0x00004bb6       0x16 out/app/src/programa.o
 .debug_macro   0x00004bcc       0x43 out/app/src/programa.o
 .debug_macro   0x00004c0f      0x180 out/app/src/programa.o
 .debug_macro   0x00004d8f       0x10 out/app/src/programa.o
 .debug_macro   0x00004d9f       0x22 out/app/src/programa.o
 .debug_macro   0x00004dc1       0xbd out/app/src/programa.o
 .debug_macro   0x00004e7e       0x16 out/app/src/programa.o
 .debug_macro   0x00004e94      0x196 out/app/src/programa.o
 .debug_macro   0x0000502a       0x20 out/app/src/programa.o
 .debug_macro   0x0000504a       0x28 out/app/src/programa.o
 .debug_macro   0x00005072       0x16 out/app/src/programa.o
 .debug_macro   0x00005088       0x3a out/app/src/programa.o
 .debug_macro   0x000050c2       0x40 out/app/src/programa.o
 .debug_macro   0x00005102       0x70 out/app/src/programa.o
 .debug_macro   0x00005172       0x70 out/app/src/programa.o
 .debug_macro   0x000051e2       0x22 out/app/src/programa.o
 .debug_macro   0x00005204       0x10 out/app/src/programa.o
 .debug_macro   0x00005214       0x70 out/app/src/programa.o
 .debug_macro   0x00005284      0x2e9 out/libs/lpc_chip_43xx/src/uart_18xx_43xx.o
 .debug_macro   0x0000556d      0x2e9 out/libs/lpc_chip_43xx/src/chip_18xx_43xx.o
 .debug_macro   0x00005856      0x2ef out/libs/lpc_chip_43xx/src/clock_18xx_43xx.o
 .debug_macro   0x00005b45      0x2e9 out/libs/lpc_chip_43xx/src/sysinit_18xx_43xx.o
 .debug_macro   0x00005e2e       0xcf out/libs/lpc_chip_43xx/src/fpu_init.o
 .debug_macro   0x00005efd      0x2e9 out/libs/lpc_chip_43xx/src/gpio_18xx_43xx.o
 .debug_macro   0x000061e6      0x404 out/libs/lpc_board_ciaa_edu_4337/src/board.o
 .debug_macro   0x000065ea       0x46 out/libs/lpc_board_ciaa_edu_4337/src/board.o
 .debug_macro   0x00006630       0x16 out/libs/lpc_board_ciaa_edu_4337/src/board.o
 .debug_macro   0x00006646       0x17 out/libs/lpc_board_ciaa_edu_4337/src/crp.o
 .debug_macro   0x0000665d       0x1d out/libs/lpc_board_ciaa_edu_4337/src/cr_startup_lpc43xx.o
 .debug_macro   0x0000667a      0x3e7 out/libs/lpc_board_ciaa_edu_4337/src/sysinit.o
 .debug_macro   0x00006a61      0x3e7 out/libs/lpc_board_ciaa_edu_4337/src/board_sysinit.o
 .debug_macro   0x00006e48      0x43c out/libs/sapi/src/sapi_uart.o
 .debug_macro   0x00007284       0x10 out/libs/sapi/src/sapi_uart.o
 .debug_macro   0x00007294      0x3f0 out/libs/sapi/src/sapi_datatypes.o
 .debug_macro   0x00007684      0x409 out/libs/sapi/src/sapi_delay.o
 .debug_macro   0x00007a8d      0x3fa out/libs/sapi/src/sapi_tick.o
 .debug_macro   0x00007e87      0x410 out/libs/sapi/src/sapi_timer.o
 .debug_macro   0x00008297      0x418 out/libs/sapi/src/sapi_board.o
 .debug_macro   0x000086af      0x404 out/libs/sapi/src/sapi_gpio.o

.debug_line     0x00000000     0x8c2f
 .debug_line    0x00000000      0x919 out/app/src/programa.o
 .debug_line    0x00000919      0x961 out/libs/lpc_chip_43xx/src/uart_18xx_43xx.o
 .debug_line    0x0000127a      0x6cb out/libs/lpc_chip_43xx/src/chip_18xx_43xx.o
 .debug_line    0x00001945      0xa74 out/libs/lpc_chip_43xx/src/clock_18xx_43xx.o
 .debug_line    0x000023b9      0x73f out/libs/lpc_chip_43xx/src/sysinit_18xx_43xx.o
 .debug_line    0x00002af8      0x286 out/libs/lpc_chip_43xx/src/fpu_init.o
 .debug_line    0x00002d7e      0x6f0 out/libs/lpc_chip_43xx/src/gpio_18xx_43xx.o
 .debug_line    0x0000346e      0x90e out/libs/lpc_board_ciaa_edu_4337/src/board.o
 .debug_line    0x00003d7c       0x47 out/libs/lpc_board_ciaa_edu_4337/src/crp.o
 .debug_line    0x00003dc3      0x11c out/libs/lpc_board_ciaa_edu_4337/src/cr_startup_lpc43xx.o
 .debug_line    0x00003edf      0x76e out/libs/lpc_board_ciaa_edu_4337/src/sysinit.o
 .debug_line    0x0000464d      0x7c3 out/libs/lpc_board_ciaa_edu_4337/src/board_sysinit.o
 .debug_line    0x00004e10      0x908 out/libs/sapi/src/sapi_uart.o
 .debug_line    0x00005718      0x781 out/libs/sapi/src/sapi_datatypes.o
 .debug_line    0x00005e99      0x822 out/libs/sapi/src/sapi_delay.o
 .debug_line    0x000066bb      0x7e3 out/libs/sapi/src/sapi_tick.o
 .debug_line    0x00006e9e      0xd16 out/libs/sapi/src/sapi_timer.o
 .debug_line    0x00007bb4      0x7e1 out/libs/sapi/src/sapi_board.o
 .debug_line    0x00008395      0x89a out/libs/sapi/src/sapi_gpio.o

.debug_str      0x00000000    0x1bc85
 .debug_str     0x00000000    0x186c5 out/app/src/programa.o
                              0x18918 (size before relaxing)
 .debug_str     0x000186c5      0xee8 out/libs/lpc_chip_43xx/src/uart_18xx_43xx.o
                              0x15290 (size before relaxing)
 .debug_str     0x000195ad      0x3da out/libs/lpc_chip_43xx/src/chip_18xx_43xx.o
                              0x151ed (size before relaxing)
 .debug_str     0x00019987      0x4fb out/libs/lpc_chip_43xx/src/clock_18xx_43xx.o
                              0x15656 (size before relaxing)
 .debug_str     0x00019e82       0xf1 out/libs/lpc_chip_43xx/src/sysinit_18xx_43xx.o
                              0x150de (size before relaxing)
 .debug_str     0x00019f73       0xc5 out/libs/lpc_chip_43xx/src/fpu_init.o
                               0x8c61 (size before relaxing)
 .debug_str     0x0001a038      0x14a out/libs/lpc_chip_43xx/src/gpio_18xx_43xx.o
                              0x144ce (size before relaxing)
 .debug_str     0x0001a182      0x56d out/libs/lpc_board_ciaa_edu_4337/src/board.o
                              0x187d8 (size before relaxing)
 .debug_str     0x0001a6ef       0x46 out/libs/lpc_board_ciaa_edu_4337/src/crp.o
                               0x24de (size before relaxing)
 .debug_str     0x0001a735      0x1f8 out/libs/lpc_board_ciaa_edu_4337/src/cr_startup_lpc43xx.o
                               0x26b4 (size before relaxing)
 .debug_str     0x0001a92d       0x46 out/libs/lpc_board_ciaa_edu_4337/src/sysinit.o
                              0x17591 (size before relaxing)
 .debug_str     0x0001a973       0xce out/libs/lpc_board_ciaa_edu_4337/src/board_sysinit.o
                              0x1837e (size before relaxing)
 .debug_str     0x0001aa41      0x2b6 out/libs/sapi/src/sapi_uart.o
                              0x17a92 (size before relaxing)
 .debug_str     0x0001acf7       0x30 out/libs/sapi/src/sapi_datatypes.o
                              0x175c9 (size before relaxing)
 .debug_str     0x0001ad27       0x7a out/libs/sapi/src/sapi_delay.o
                              0x176bc (size before relaxing)
 .debug_str     0x0001ada1      0x46a out/libs/sapi/src/sapi_tick.o
                              0x184d9 (size before relaxing)
 .debug_str     0x0001b20b      0x91d out/libs/sapi/src/sapi_timer.o
                              0x18e21 (size before relaxing)
 .debug_str     0x0001bb28       0x97 out/libs/sapi/src/sapi_board.o
                              0x17820 (size before relaxing)
 .debug_str     0x0001bbbf       0xc6 out/libs/sapi/src/sapi_gpio.o
                              0x183c7 (size before relaxing)

.comment        0x00000000       0x70
 .comment       0x00000000       0x70 out/app/src/programa.o
                                 0x71 (size before relaxing)
 .comment       0x00000000       0x71 out/libs/lpc_chip_43xx/src/uart_18xx_43xx.o
 .comment       0x00000000       0x71 out/libs/lpc_chip_43xx/src/chip_18xx_43xx.o
 .comment       0x00000000       0x71 out/libs/lpc_chip_43xx/src/clock_18xx_43xx.o
 .comment       0x00000000       0x71 out/libs/lpc_chip_43xx/src/sysinit_18xx_43xx.o
 .comment       0x00000000       0x71 out/libs/lpc_chip_43xx/src/fpu_init.o
 .comment       0x00000000       0x71 out/libs/lpc_chip_43xx/src/gpio_18xx_43xx.o
 .comment       0x00000000       0x71 out/libs/lpc_board_ciaa_edu_4337/src/board.o
 .comment       0x00000000       0x71 out/libs/lpc_board_ciaa_edu_4337/src/crp.o
 .comment       0x00000000       0x71 out/libs/lpc_board_ciaa_edu_4337/src/cr_startup_lpc43xx.o
 .comment       0x00000000       0x71 out/libs/lpc_board_ciaa_edu_4337/src/sysinit.o
 .comment       0x00000000       0x71 out/libs/lpc_board_ciaa_edu_4337/src/board_sysinit.o
 .comment       0x00000000       0x71 out/libs/sapi/src/sapi_uart.o
 .comment       0x00000000       0x71 out/libs/sapi/src/sapi_datatypes.o
 .comment       0x00000000       0x71 out/libs/sapi/src/sapi_delay.o
 .comment       0x00000000       0x71 out/libs/sapi/src/sapi_tick.o
 .comment       0x00000000       0x71 out/libs/sapi/src/sapi_timer.o
 .comment       0x00000000       0x71 out/libs/sapi/src/sapi_board.o
 .comment       0x00000000       0x71 out/libs/sapi/src/sapi_gpio.o

.ARM.attributes
                0x00000000       0x39
 .ARM.attributes
                0x00000000       0x39 out/app/src/programa.o
 .ARM.attributes
                0x00000039       0x39 out/libs/lpc_chip_43xx/src/uart_18xx_43xx.o
 .ARM.attributes
                0x00000072       0x39 out/libs/lpc_chip_43xx/src/chip_18xx_43xx.o
 .ARM.attributes
                0x000000ab       0x39 out/libs/lpc_chip_43xx/src/clock_18xx_43xx.o
 .ARM.attributes
                0x000000e4       0x39 out/libs/lpc_chip_43xx/src/sysinit_18xx_43xx.o
 .ARM.attributes
                0x0000011d       0x39 out/libs/lpc_chip_43xx/src/fpu_init.o
 .ARM.attributes
                0x00000156       0x39 out/libs/lpc_chip_43xx/src/gpio_18xx_43xx.o
 .ARM.attributes
                0x0000018f       0x39 out/libs/lpc_board_ciaa_edu_4337/src/board.o
 .ARM.attributes
                0x000001c8       0x39 out/libs/lpc_board_ciaa_edu_4337/src/crp.o
 .ARM.attributes
                0x00000201       0x39 out/libs/lpc_board_ciaa_edu_4337/src/cr_startup_lpc43xx.o
 .ARM.attributes
                0x0000023a       0x39 out/libs/lpc_board_ciaa_edu_4337/src/sysinit.o
 .ARM.attributes
                0x00000273       0x39 out/libs/lpc_board_ciaa_edu_4337/src/board_sysinit.o
 .ARM.attributes
                0x000002ac       0x39 out/libs/sapi/src/sapi_uart.o
 .ARM.attributes
                0x000002e5       0x39 out/libs/sapi/src/sapi_datatypes.o
 .ARM.attributes
                0x0000031e       0x39 out/libs/sapi/src/sapi_delay.o
 .ARM.attributes
                0x00000357       0x39 out/libs/sapi/src/sapi_tick.o
 .ARM.attributes
                0x00000390       0x39 out/libs/sapi/src/sapi_timer.o
 .ARM.attributes
                0x000003c9       0x39 out/libs/sapi/src/sapi_board.o
 .ARM.attributes
                0x00000402       0x39 out/libs/sapi/src/sapi_gpio.o
 .ARM.attributes
                0x0000043b       0x22 /home/eric/ciaa-ide/gcc-arm-none-eabi-4_9-2015q1/bin/../lib/gcc/arm-none-eabi/4.9.3/armv7e-m/fpu/libgcc.a(_aeabi_uldivmod.o)
 .ARM.attributes
                0x0000045d       0x34 /home/eric/ciaa-ide/gcc-arm-none-eabi-4_9-2015q1/bin/../lib/gcc/arm-none-eabi/4.9.3/armv7e-m/fpu/libgcc.a(bpabi.o)
 .ARM.attributes
                0x00000491       0x22 /home/eric/ciaa-ide/gcc-arm-none-eabi-4_9-2015q1/bin/../lib/gcc/arm-none-eabi/4.9.3/armv7e-m/fpu/libgcc.a(_dvmd_tls.o)
 .ARM.attributes
                0x000004b3       0x34 /home/eric/ciaa-ide/gcc-arm-none-eabi-4_9-2015q1/bin/../lib/gcc/arm-none-eabi/4.9.3/armv7e-m/fpu/libgcc.a(_divdi3.o)
 .ARM.attributes
                0x000004e7       0x34 /home/eric/ciaa-ide/gcc-arm-none-eabi-4_9-2015q1/bin/../lib/gcc/arm-none-eabi/4.9.3/armv7e-m/fpu/libgcc.a(_udivdi3.o)
 .ARM.attributes
                0x0000051b       0x34 /home/eric/ciaa-ide/gcc-arm-none-eabi-4_9-2015q1/bin/../lib/gcc/arm-none-eabi/4.9.3/../../../../arm-none-eabi/lib/armv7e-m/fpu/libc_nano.a(lib_a-memset.o)

.debug_frame    0x00000000      0xfa0
 .debug_frame   0x00000000       0x28 out/app/src/programa.o
 .debug_frame   0x00000028      0x1ec out/libs/lpc_chip_43xx/src/uart_18xx_43xx.o
 .debug_frame   0x00000214       0x70 out/libs/lpc_chip_43xx/src/chip_18xx_43xx.o
 .debug_frame   0x00000284      0x310 out/libs/lpc_chip_43xx/src/clock_18xx_43xx.o
 .debug_frame   0x00000594       0x7c out/libs/lpc_chip_43xx/src/sysinit_18xx_43xx.o
 .debug_frame   0x00000610       0x28 out/libs/lpc_chip_43xx/src/fpu_init.o
 .debug_frame   0x00000638       0x88 out/libs/lpc_chip_43xx/src/gpio_18xx_43xx.o
 .debug_frame   0x000006c0      0x138 out/libs/lpc_board_ciaa_edu_4337/src/board.o
 .debug_frame   0x000007f8       0xf4 out/libs/lpc_board_ciaa_edu_4337/src/cr_startup_lpc43xx.o
 .debug_frame   0x000008ec       0x28 out/libs/lpc_board_ciaa_edu_4337/src/sysinit.o
 .debug_frame   0x00000914       0x5c out/libs/lpc_board_ciaa_edu_4337/src/board_sysinit.o
 .debug_frame   0x00000970       0xd8 out/libs/sapi/src/sapi_uart.o
 .debug_frame   0x00000a48       0x20 out/libs/sapi/src/sapi_datatypes.o
 .debug_frame   0x00000a68       0xbc out/libs/sapi/src/sapi_delay.o
 .debug_frame   0x00000b24       0x60 out/libs/sapi/src/sapi_tick.o
 .debug_frame   0x00000b84      0x258 out/libs/sapi/src/sapi_timer.o
 .debug_frame   0x00000ddc       0x28 out/libs/sapi/src/sapi_board.o
 .debug_frame   0x00000e04       0xa0 out/libs/sapi/src/sapi_gpio.o
 .debug_frame   0x00000ea4       0x28 /home/eric/ciaa-ide/gcc-arm-none-eabi-4_9-2015q1/bin/../lib/gcc/arm-none-eabi/4.9.3/armv7e-m/fpu/libgcc.a(_aeabi_uldivmod.o)
 .debug_frame   0x00000ecc       0x50 /home/eric/ciaa-ide/gcc-arm-none-eabi-4_9-2015q1/bin/../lib/gcc/arm-none-eabi/4.9.3/armv7e-m/fpu/libgcc.a(bpabi.o)
 .debug_frame   0x00000f1c       0x34 /home/eric/ciaa-ide/gcc-arm-none-eabi-4_9-2015q1/bin/../lib/gcc/arm-none-eabi/4.9.3/armv7e-m/fpu/libgcc.a(_divdi3.o)
 .debug_frame   0x00000f50       0x30 /home/eric/ciaa-ide/gcc-arm-none-eabi-4_9-2015q1/bin/../lib/gcc/arm-none-eabi/4.9.3/armv7e-m/fpu/libgcc.a(_udivdi3.o)
 .debug_frame   0x00000f80       0x20 /home/eric/ciaa-ide/gcc-arm-none-eabi-4_9-2015q1/bin/../lib/gcc/arm-none-eabi/4.9.3/../../../../arm-none-eabi/lib/armv7e-m/fpu/libc_nano.a(lib_a-memset.o)

.debug_loc      0x00000000     0x51c0
 .debug_loc     0x00000000      0xc82 out/libs/lpc_chip_43xx/src/uart_18xx_43xx.o
 .debug_loc     0x00000c82     0x12ce out/libs/lpc_chip_43xx/src/clock_18xx_43xx.o
 .debug_loc     0x00001f50      0x110 out/libs/lpc_chip_43xx/src/sysinit_18xx_43xx.o
 .debug_loc     0x00002060       0x1f out/libs/lpc_chip_43xx/src/fpu_init.o
 .debug_loc     0x0000207f      0x35b out/libs/lpc_chip_43xx/src/gpio_18xx_43xx.o
 .debug_loc     0x000023da      0x3f5 out/libs/lpc_board_ciaa_edu_4337/src/board.o
 .debug_loc     0x000027cf      0x1f0 out/libs/lpc_board_ciaa_edu_4337/src/cr_startup_lpc43xx.o
 .debug_loc     0x000029bf       0x97 out/libs/lpc_board_ciaa_edu_4337/src/board_sysinit.o
 .debug_loc     0x00002a56      0x490 out/libs/sapi/src/sapi_uart.o
 .debug_loc     0x00002ee6       0x21 out/libs/sapi/src/sapi_datatypes.o
 .debug_loc     0x00002f07      0x1a3 out/libs/sapi/src/sapi_delay.o
 .debug_loc     0x000030aa      0x129 out/libs/sapi/src/sapi_tick.o
 .debug_loc     0x000031d3     0x191a out/libs/sapi/src/sapi_timer.o
 .debug_loc     0x00004aed      0x6d3 out/libs/sapi/src/sapi_gpio.o

Cross Reference Table

Symbol                                            File
ADC0_IRQHandler                                   out/libs/lpc_board_ciaa_edu_4337/src/cr_startup_lpc43xx.o
ADC1_IRQHandler                                   out/libs/lpc_board_ciaa_edu_4337/src/cr_startup_lpc43xx.o
ADCHS_IRQHandler                                  out/libs/lpc_board_ciaa_edu_4337/src/cr_startup_lpc43xx.o
ATIMER_IRQHandler                                 out/libs/lpc_board_ciaa_edu_4337/src/cr_startup_lpc43xx.o
Board_DAC_Init                                    out/libs/lpc_board_ciaa_edu_4337/src/board.o
Board_Debug_Init                                  out/libs/lpc_board_ciaa_edu_4337/src/board.o
Board_ENET_GetMacADDR                             out/libs/lpc_board_ciaa_edu_4337/src/board.o
Board_I2C_Init                                    out/libs/lpc_board_ciaa_edu_4337/src/board.o
Board_Init                                        out/libs/lpc_board_ciaa_edu_4337/src/board.o
                                                  out/libs/sapi/src/sapi_board.o
Board_LED_Set                                     out/libs/lpc_board_ciaa_edu_4337/src/board.o
Board_LED_Test                                    out/libs/lpc_board_ciaa_edu_4337/src/board.o
Board_LED_Toggle                                  out/libs/lpc_board_ciaa_edu_4337/src/board.o
Board_SDMMC_Init                                  out/libs/lpc_board_ciaa_edu_4337/src/board.o
Board_SSP_Init                                    out/libs/lpc_board_ciaa_edu_4337/src/board.o
Board_SetupClocking                               out/libs/lpc_board_ciaa_edu_4337/src/board_sysinit.o
Board_SetupMuxing                                 out/libs/lpc_board_ciaa_edu_4337/src/board_sysinit.o
Board_SystemInit                                  out/libs/lpc_board_ciaa_edu_4337/src/board_sysinit.o
                                                  out/libs/lpc_board_ciaa_edu_4337/src/sysinit.o
Board_UARTGetChar                                 out/libs/lpc_board_ciaa_edu_4337/src/board.o
                                                  out/libs/lpc_board_ciaa_edu_4337/src/system.o
Board_UARTPutChar                                 out/libs/lpc_board_ciaa_edu_4337/src/board.o
                                                  out/libs/lpc_board_ciaa_edu_4337/src/system.o
Board_UARTPutSTR                                  out/libs/lpc_board_ciaa_edu_4337/src/board.o
Board_UART_Init                                   out/libs/lpc_board_ciaa_edu_4337/src/board.o
BusFault_Handler                                  out/libs/lpc_board_ciaa_edu_4337/src/cr_startup_lpc43xx.o
CAN0_IRQHandler                                   out/libs/lpc_board_ciaa_edu_4337/src/cr_startup_lpc43xx.o
CAN1_IRQHandler                                   out/libs/lpc_board_ciaa_edu_4337/src/cr_startup_lpc43xx.o
CRP_WORD                                          out/libs/lpc_board_ciaa_edu_4337/src/crp.o
Chip_ADC_DeInit                                   out/libs/lpc_chip_43xx/src/adc_18xx_43xx.o
                                                  out/libs/sapi/src/sapi_adc.o
Chip_ADC_EnableChannel                            out/libs/lpc_chip_43xx/src/adc_18xx_43xx.o
                                                  out/libs/sapi/src/sapi_adc.o
Chip_ADC_Init                                     out/libs/lpc_chip_43xx/src/adc_18xx_43xx.o
                                                  out/libs/sapi/src/sapi_adc.o
Chip_ADC_Int_SetChannelCmd                        out/libs/lpc_chip_43xx/src/adc_18xx_43xx.o
                                                  out/libs/sapi/src/sapi_adc.o
Chip_ADC_ReadByte                                 out/libs/lpc_chip_43xx/src/adc_18xx_43xx.o
Chip_ADC_ReadStatus                               out/libs/lpc_chip_43xx/src/adc_18xx_43xx.o
                                                  out/libs/sapi/src/sapi_adc.o
Chip_ADC_ReadValue                                out/libs/lpc_chip_43xx/src/adc_18xx_43xx.o
                                                  out/libs/sapi/src/sapi_adc.o
Chip_ADC_SetBurstCmd                              out/libs/lpc_chip_43xx/src/adc_18xx_43xx.o
                                                  out/libs/sapi/src/sapi_adc.o
Chip_ADC_SetResolution                            out/libs/lpc_chip_43xx/src/adc_18xx_43xx.o
Chip_ADC_SetSampleRate                            out/libs/lpc_chip_43xx/src/adc_18xx_43xx.o
                                                  out/libs/sapi/src/sapi_adc.o
Chip_ADC_SetStartMode                             out/libs/lpc_chip_43xx/src/adc_18xx_43xx.o
                                                  out/libs/sapi/src/sapi_adc.o
Chip_AES_Config_DMA                               out/libs/lpc_chip_43xx/src/aes_18xx_43xx.o
Chip_AES_GetStatusDMA                             out/libs/lpc_chip_43xx/src/aes_18xx_43xx.o
Chip_AES_Init                                     out/libs/lpc_chip_43xx/src/aes_18xx_43xx.o
Chip_AES_LoadIV_IC                                out/libs/lpc_chip_43xx/src/aes_18xx_43xx.o
Chip_AES_LoadIV_SW                                out/libs/lpc_chip_43xx/src/aes_18xx_43xx.o
Chip_AES_LoadKey                                  out/libs/lpc_chip_43xx/src/aes_18xx_43xx.o
Chip_AES_LoadKeyRNG                               out/libs/lpc_chip_43xx/src/aes_18xx_43xx.o
Chip_AES_LoadKeySW                                out/libs/lpc_chip_43xx/src/aes_18xx_43xx.o
Chip_AES_Operate                                  out/libs/lpc_chip_43xx/src/aes_18xx_43xx.o
Chip_AES_OperateDMA                               out/libs/lpc_chip_43xx/src/aes_18xx_43xx.o
Chip_AES_ProgramKey                               out/libs/lpc_chip_43xx/src/aes_18xx_43xx.o
Chip_AES_SetMode                                  out/libs/lpc_chip_43xx/src/aes_18xx_43xx.o
Chip_ATIMER_DeInit                                out/libs/lpc_chip_43xx/src/atimer_18xx_43xx.o
Chip_ATIMER_Init                                  out/libs/lpc_chip_43xx/src/atimer_18xx_43xx.o
Chip_CCAN_AddReceiveID                            out/libs/lpc_chip_43xx/src/ccan_18xx_43xx.o
Chip_CCAN_ClearStatus                             out/libs/lpc_chip_43xx/src/ccan_18xx_43xx.o
Chip_CCAN_DeInit                                  out/libs/lpc_chip_43xx/src/ccan_18xx_43xx.o
Chip_CCAN_DeleteReceiveID                         out/libs/lpc_chip_43xx/src/ccan_18xx_43xx.o
Chip_CCAN_GetMsgObject                            out/libs/lpc_chip_43xx/src/ccan_18xx_43xx.o
Chip_CCAN_Init                                    out/libs/lpc_chip_43xx/src/ccan_18xx_43xx.o
Chip_CCAN_Send                                    out/libs/lpc_chip_43xx/src/ccan_18xx_43xx.o
Chip_CCAN_SetBitRate                              out/libs/lpc_chip_43xx/src/ccan_18xx_43xx.o
Chip_CCAN_SetMsgObject                            out/libs/lpc_chip_43xx/src/ccan_18xx_43xx.o
Chip_CCAN_SetValidMsg                             out/libs/lpc_chip_43xx/src/ccan_18xx_43xx.o
Chip_CCAN_TransferMsgObject                       out/libs/lpc_chip_43xx/src/ccan_18xx_43xx.o
Chip_Clock_CalcMainPLLValue                       out/libs/lpc_chip_43xx/src/clock_18xx_43xx.o
                                                  out/libs/lpc_chip_43xx/src/sysinit_18xx_43xx.o
Chip_Clock_ClearPowerDown                         out/libs/lpc_chip_43xx/src/clock_18xx_43xx.o
Chip_Clock_Disable                                out/libs/lpc_chip_43xx/src/clock_18xx_43xx.o
                                                  out/libs/lpc_chip_43xx/src/i2s_18xx_43xx.o
                                                  out/libs/lpc_chip_43xx/src/ssp_18xx_43xx.o
                                                  out/libs/lpc_chip_43xx/src/gpdma_18xx_43xx.o
                                                  out/libs/lpc_chip_43xx/src/i2c_18xx_43xx.o
                                                  out/libs/lpc_chip_43xx/src/spi_18xx_43xx.o
                                                  out/libs/lpc_chip_43xx/src/sct_18xx_43xx.o
                                                  out/libs/lpc_chip_43xx/src/i2cm_18xx_43xx.o
                                                  out/libs/lpc_chip_43xx/src/enet_18xx_43xx.o
                                                  out/libs/lpc_chip_43xx/src/adc_18xx_43xx.o
                                                  out/libs/lpc_chip_43xx/src/timer_18xx_43xx.o
                                                  out/libs/lpc_chip_43xx/src/sdif_18xx_43xx.o
                                                  out/libs/lpc_chip_43xx/src/uart_18xx_43xx.o
                                                  out/libs/lpc_chip_43xx/src/lcd_18xx_43xx.o
                                                  out/libs/lpc_chip_43xx/src/ritimer_18xx_43xx.o
                                                  out/libs/lpc_chip_43xx/src/dac_18xx_43xx.o
                                                  out/libs/lpc_chip_43xx/src/hsadc_18xx_43xx.o
                                                  out/libs/lpc_chip_43xx/src/ccan_18xx_43xx.o
Chip_Clock_DisableBaseClock                       out/libs/lpc_chip_43xx/src/clock_18xx_43xx.o
Chip_Clock_DisableCrystal                         out/libs/lpc_chip_43xx/src/clock_18xx_43xx.o
Chip_Clock_DisablePLL                             out/libs/lpc_chip_43xx/src/clock_18xx_43xx.o
Chip_Clock_Enable                                 out/libs/lpc_chip_43xx/src/clock_18xx_43xx.o
                                                  out/libs/lpc_chip_43xx/src/i2s_18xx_43xx.o
                                                  out/libs/lpc_chip_43xx/src/ssp_18xx_43xx.o
                                                  out/libs/lpc_chip_43xx/src/i2c_18xx_43xx.o
                                                  out/libs/lpc_chip_43xx/src/spi_18xx_43xx.o
                                                  out/libs/lpc_chip_43xx/src/i2cm_18xx_43xx.o
                                                  out/libs/lpc_chip_43xx/src/timer_18xx_43xx.o
                                                  out/libs/lpc_chip_43xx/src/hsadc_18xx_43xx.o
Chip_Clock_EnableBaseClock                        out/libs/lpc_chip_43xx/src/clock_18xx_43xx.o
                                                  out/libs/lpc_chip_43xx/src/chip_18xx_43xx.o
Chip_Clock_EnableCrystal                          out/libs/lpc_chip_43xx/src/clock_18xx_43xx.o
                                                  out/libs/lpc_chip_43xx/src/sysinit_18xx_43xx.o
Chip_Clock_EnableOpts                             out/libs/lpc_chip_43xx/src/clock_18xx_43xx.o
                                                  out/libs/lpc_chip_43xx/src/gpdma_18xx_43xx.o
                                                  out/libs/lpc_chip_43xx/src/sct_18xx_43xx.o
                                                  out/libs/lpc_chip_43xx/src/enet_18xx_43xx.o
                                                  out/libs/lpc_chip_43xx/src/adc_18xx_43xx.o
                                                  out/libs/lpc_chip_43xx/src/chip_18xx_43xx.o
                                                  out/libs/lpc_chip_43xx/src/sdif_18xx_43xx.o
                                                  out/libs/lpc_chip_43xx/src/uart_18xx_43xx.o
                                                  out/libs/lpc_chip_43xx/src/lcd_18xx_43xx.o
                                                  out/libs/lpc_chip_43xx/src/ritimer_18xx_43xx.o
                                                  out/libs/lpc_chip_43xx/src/dac_18xx_43xx.o
                                                  out/libs/lpc_chip_43xx/src/hsadc_18xx_43xx.o
                                                  out/libs/lpc_chip_43xx/src/ccan_18xx_43xx.o
Chip_Clock_EnablePLL                              out/libs/lpc_chip_43xx/src/clock_18xx_43xx.o
                                                  out/libs/lpc_chip_43xx/src/chip_18xx_43xx.o
Chip_Clock_GetBaseClock                           out/libs/lpc_chip_43xx/src/clock_18xx_43xx.o
Chip_Clock_GetBaseClockOpts                       out/libs/lpc_chip_43xx/src/clock_18xx_43xx.o
Chip_Clock_GetBaseClocktHz                        out/libs/lpc_chip_43xx/src/clock_18xx_43xx.o
                                                  out/libs/lpc_chip_43xx/src/sdmmc_18xx_43xx.o
                                                  out/libs/lpc_chip_43xx/src/sdio_18xx_43xx.o
Chip_Clock_GetClockInputHz                        out/libs/lpc_chip_43xx/src/clock_18xx_43xx.o
                                                  out/libs/lpc_chip_43xx/src/chip_18xx_43xx.o
Chip_Clock_GetDividerDivisor                      out/libs/lpc_chip_43xx/src/clock_18xx_43xx.o
Chip_Clock_GetDividerSource                       out/libs/lpc_chip_43xx/src/clock_18xx_43xx.o
Chip_Clock_GetEMCRate                             out/libs/lpc_chip_43xx/src/clock_18xx_43xx.o
                                                  out/libs/lpc_chip_43xx/src/emc_18xx_43xx.o
Chip_Clock_GetMainPLLHz                           out/libs/lpc_chip_43xx/src/clock_18xx_43xx.o
Chip_Clock_GetPLLStatus                           out/libs/lpc_chip_43xx/src/clock_18xx_43xx.o
                                                  out/libs/lpc_chip_43xx/src/chip_18xx_43xx.o
Chip_Clock_GetRate                                out/libs/lpc_chip_43xx/src/clock_18xx_43xx.o
                                                  out/libs/sapi/src/sapi_timer.o
                                                  out/libs/lpc_chip_43xx/src/i2s_18xx_43xx.o
                                                  out/libs/lpc_chip_43xx/src/ssp_18xx_43xx.o
                                                  out/libs/lpc_chip_43xx/src/sct_pwm_18xx_43xx.o
                                                  out/libs/lpc_chip_43xx/src/i2c_18xx_43xx.o
                                                  out/libs/lpc_chip_43xx/src/spi_18xx_43xx.o
                                                  out/libs/lpc_chip_43xx/src/eeprom_18xx_43xx.o
                                                  out/libs/lpc_chip_43xx/src/i2cm_18xx_43xx.o
                                                  out/libs/lpc_chip_43xx/src/adc_18xx_43xx.o
                                                  out/libs/lpc_chip_43xx/src/chip_18xx_43xx.o
                                                  out/libs/lpc_chip_43xx/src/stopwatch_18xx_43xx.o
                                                  out/libs/lpc_chip_43xx/src/uart_18xx_43xx.o
                                                  out/libs/lpc_chip_43xx/src/ritimer_18xx_43xx.o
                                                  out/libs/lpc_chip_43xx/src/hsadc_18xx_43xx.o
                                                  out/libs/lpc_chip_43xx/src/ccan_18xx_43xx.o
Chip_Clock_IsBaseClockEnabled                     out/libs/lpc_chip_43xx/src/clock_18xx_43xx.o
Chip_Clock_RTCEnable                              out/libs/lpc_chip_43xx/src/clock_18xx_43xx.o
                                                  out/libs/lpc_chip_43xx/src/rtc_18xx_43xx.o
Chip_Clock_SetBaseClock                           out/libs/lpc_chip_43xx/src/clock_18xx_43xx.o
                                                  out/libs/lpc_board_ciaa_edu_4337/src/board_sysinit.o
                                                  out/libs/lpc_chip_43xx/src/sysinit_18xx_43xx.o
                                                  out/libs/lpc_chip_43xx/src/chip_18xx_43xx.o
Chip_Clock_SetDivider                             out/libs/lpc_chip_43xx/src/clock_18xx_43xx.o
                                                  out/libs/lpc_chip_43xx/src/chip_18xx_43xx.o
Chip_Clock_SetupMainPLLHz                         out/libs/lpc_chip_43xx/src/clock_18xx_43xx.o
Chip_Clock_SetupMainPLLMult                       out/libs/lpc_chip_43xx/src/clock_18xx_43xx.o
Chip_Clock_SetupPLL                               out/libs/lpc_chip_43xx/src/clock_18xx_43xx.o
                                                  out/libs/lpc_chip_43xx/src/chip_18xx_43xx.o
Chip_Clock_StartPowerDown                         out/libs/lpc_chip_43xx/src/clock_18xx_43xx.o
Chip_DAC_DeInit                                   out/libs/lpc_chip_43xx/src/dac_18xx_43xx.o
                                                  out/libs/sapi/src/sapi_dac.o
Chip_DAC_Init                                     out/libs/lpc_chip_43xx/src/dac_18xx_43xx.o
                                                  out/libs/sapi/src/sapi_dac.o
Chip_DAC_SetBias                                  out/libs/lpc_chip_43xx/src/dac_18xx_43xx.o
Chip_DAC_UpdateValue                              out/libs/lpc_chip_43xx/src/dac_18xx_43xx.o
                                                  out/libs/sapi/src/sapi_dac.o
Chip_EEPROM_EraseProgramPage                      out/libs/lpc_chip_43xx/src/eeprom_18xx_43xx.o
Chip_EEPROM_Init                                  out/libs/lpc_chip_43xx/src/eeprom_18xx_43xx.o
Chip_EEPROM_WaitForIntStatus                      out/libs/lpc_chip_43xx/src/eeprom_18xx_43xx.o
Chip_EMC_Dynamic_Enable                           out/libs/lpc_chip_43xx/src/emc_18xx_43xx.o
Chip_EMC_Dynamic_Init                             out/libs/lpc_chip_43xx/src/emc_18xx_43xx.o
Chip_EMC_Enable                                   out/libs/lpc_chip_43xx/src/emc_18xx_43xx.o
Chip_EMC_Init                                     out/libs/lpc_chip_43xx/src/emc_18xx_43xx.o
Chip_EMC_LowPowerMode                             out/libs/lpc_chip_43xx/src/emc_18xx_43xx.o
Chip_EMC_Mirror                                   out/libs/lpc_chip_43xx/src/emc_18xx_43xx.o
Chip_EMC_Static_Init                              out/libs/lpc_chip_43xx/src/emc_18xx_43xx.o
Chip_ENET_DeInit                                  out/libs/lpc_chip_43xx/src/enet_18xx_43xx.o
Chip_ENET_Init                                    out/libs/lpc_chip_43xx/src/enet_18xx_43xx.o
Chip_ENET_SetDuplex                               out/libs/lpc_chip_43xx/src/enet_18xx_43xx.o
Chip_ENET_SetSpeed                                out/libs/lpc_chip_43xx/src/enet_18xx_43xx.o
Chip_ENET_SetupMII                                out/libs/lpc_chip_43xx/src/enet_18xx_43xx.o
Chip_ENET_StartMIIRead                            out/libs/lpc_chip_43xx/src/enet_18xx_43xx.o
Chip_ENET_StartMIIWrite                           out/libs/lpc_chip_43xx/src/enet_18xx_43xx.o
Chip_EVRT_ConfigIntSrcActiveType                  out/libs/lpc_chip_43xx/src/evrt_18xx_43xx.o
Chip_EVRT_Init                                    out/libs/lpc_chip_43xx/src/evrt_18xx_43xx.o
Chip_EVRT_IsSourceInterrupting                    out/libs/lpc_chip_43xx/src/evrt_18xx_43xx.o
Chip_EVRT_SetUpIntSrc                             out/libs/lpc_chip_43xx/src/evrt_18xx_43xx.o
Chip_GPDMA_ChannelCmd                             out/libs/lpc_chip_43xx/src/gpdma_18xx_43xx.o
Chip_GPDMA_ClearIntPending                        out/libs/lpc_chip_43xx/src/gpdma_18xx_43xx.o
Chip_GPDMA_DeInit                                 out/libs/lpc_chip_43xx/src/gpdma_18xx_43xx.o
Chip_GPDMA_GetFreeChannel                         out/libs/lpc_chip_43xx/src/gpdma_18xx_43xx.o
Chip_GPDMA_Init                                   out/libs/lpc_chip_43xx/src/gpdma_18xx_43xx.o
Chip_GPDMA_InitChannelCfg                         out/libs/lpc_chip_43xx/src/gpdma_18xx_43xx.o
Chip_GPDMA_IntGetStatus                           out/libs/lpc_chip_43xx/src/gpdma_18xx_43xx.o
Chip_GPDMA_Interrupt                              out/libs/lpc_chip_43xx/src/gpdma_18xx_43xx.o
Chip_GPDMA_PrepareDescriptor                      out/libs/lpc_chip_43xx/src/gpdma_18xx_43xx.o
Chip_GPDMA_SGTransfer                             out/libs/lpc_chip_43xx/src/gpdma_18xx_43xx.o
Chip_GPDMA_Stop                                   out/libs/lpc_chip_43xx/src/gpdma_18xx_43xx.o
Chip_GPDMA_Transfer                               out/libs/lpc_chip_43xx/src/gpdma_18xx_43xx.o
Chip_GPIO_DeInit                                  out/libs/lpc_chip_43xx/src/gpio_18xx_43xx.o
Chip_GPIO_Init                                    out/libs/lpc_chip_43xx/src/gpio_18xx_43xx.o
                                                  out/libs/sapi/src/sapi_gpio.o
                                                  out/libs/lpc_board_ciaa_edu_4337/src/board.o
Chip_GPIO_SetDir                                  out/libs/lpc_chip_43xx/src/gpio_18xx_43xx.o
                                                  out/libs/sapi/src/sapi_gpio.o
Chip_GPIO_SetPinDIR                               out/libs/lpc_chip_43xx/src/gpio_18xx_43xx.o
Chip_GPIO_SetPortDIR                              out/libs/lpc_chip_43xx/src/gpio_18xx_43xx.o
Chip_GPIO_WriteDirBit                             out/libs/lpc_chip_43xx/src/gpio_18xx_43xx.o
Chip_HSADC_DeInit                                 out/libs/lpc_chip_43xx/src/hsadc_18xx_43xx.o
Chip_HSADC_Init                                   out/libs/lpc_chip_43xx/src/hsadc_18xx_43xx.o
Chip_HSADC_SetACDCBias                            out/libs/lpc_chip_43xx/src/hsadc_18xx_43xx.o
Chip_HSADC_SetPowerSpeed                          out/libs/lpc_chip_43xx/src/hsadc_18xx_43xx.o
Chip_HSADC_SetSpeed                               out/libs/lpc_chip_43xx/src/hsadc_18xx_43xx.o
Chip_HSADC_SetThrHighValue                        out/libs/lpc_chip_43xx/src/hsadc_18xx_43xx.o
Chip_HSADC_SetThrLowValue                         out/libs/lpc_chip_43xx/src/hsadc_18xx_43xx.o
Chip_HSADC_SetupFIFO                              out/libs/lpc_chip_43xx/src/hsadc_18xx_43xx.o
Chip_I2CM_DeInit                                  out/libs/lpc_chip_43xx/src/i2cm_18xx_43xx.o
Chip_I2CM_Init                                    out/libs/lpc_chip_43xx/src/i2cm_18xx_43xx.o
Chip_I2CM_Read                                    out/libs/lpc_chip_43xx/src/i2cm_18xx_43xx.o
Chip_I2CM_SetBusSpeed                             out/libs/lpc_chip_43xx/src/i2cm_18xx_43xx.o
Chip_I2CM_Write                                   out/libs/lpc_chip_43xx/src/i2cm_18xx_43xx.o
Chip_I2CM_Xfer                                    out/libs/lpc_chip_43xx/src/i2cm_18xx_43xx.o
Chip_I2CM_XferBlocking                            out/libs/lpc_chip_43xx/src/i2cm_18xx_43xx.o
                                                  out/libs/sapi/src/sapi_i2c.o
Chip_I2CM_XferHandler                             out/libs/lpc_chip_43xx/src/i2cm_18xx_43xx.o
Chip_I2C_DeInit                                   out/libs/lpc_chip_43xx/src/i2c_18xx_43xx.o
Chip_I2C_Disable                                  out/libs/lpc_chip_43xx/src/i2c_18xx_43xx.o
Chip_I2C_EventHandler                             out/libs/lpc_chip_43xx/src/i2c_18xx_43xx.o
Chip_I2C_EventHandlerPolling                      out/libs/lpc_chip_43xx/src/i2c_18xx_43xx.o
                                                  out/libs/sapi/src/sapi_i2c.o
Chip_I2C_GetClockRate                             out/libs/lpc_chip_43xx/src/i2c_18xx_43xx.o
Chip_I2C_GetMasterEventHandler                    out/libs/lpc_chip_43xx/src/i2c_18xx_43xx.o
Chip_I2C_Init                                     out/libs/lpc_chip_43xx/src/i2c_18xx_43xx.o
                                                  out/libs/sapi/src/sapi_i2c.o
Chip_I2C_IsMasterActive                           out/libs/lpc_chip_43xx/src/i2c_18xx_43xx.o
Chip_I2C_IsStateChanged                           out/libs/lpc_chip_43xx/src/i2c_18xx_43xx.o
Chip_I2C_MasterCmdRead                            out/libs/lpc_chip_43xx/src/i2c_18xx_43xx.o
Chip_I2C_MasterRead                               out/libs/lpc_chip_43xx/src/i2c_18xx_43xx.o
Chip_I2C_MasterSend                               out/libs/lpc_chip_43xx/src/i2c_18xx_43xx.o
Chip_I2C_MasterStateHandler                       out/libs/lpc_chip_43xx/src/i2c_18xx_43xx.o
Chip_I2C_MasterTransfer                           out/libs/lpc_chip_43xx/src/i2c_18xx_43xx.o
Chip_I2C_SetClockRate                             out/libs/lpc_chip_43xx/src/i2c_18xx_43xx.o
                                                  out/libs/sapi/src/sapi_i2c.o
Chip_I2C_SetMasterEventHandler                    out/libs/lpc_chip_43xx/src/i2c_18xx_43xx.o
                                                  out/libs/sapi/src/sapi_i2c.o
Chip_I2C_SlaveSetup                               out/libs/lpc_chip_43xx/src/i2c_18xx_43xx.o
Chip_I2C_SlaveStateHandler                        out/libs/lpc_chip_43xx/src/i2c_18xx_43xx.o
Chip_I2S_DMA_RxCmd                                out/libs/lpc_chip_43xx/src/i2s_18xx_43xx.o
Chip_I2S_DMA_TxCmd                                out/libs/lpc_chip_43xx/src/i2s_18xx_43xx.o
Chip_I2S_DeInit                                   out/libs/lpc_chip_43xx/src/i2s_18xx_43xx.o
Chip_I2S_Init                                     out/libs/lpc_chip_43xx/src/i2s_18xx_43xx.o
Chip_I2S_Int_RxCmd                                out/libs/lpc_chip_43xx/src/i2s_18xx_43xx.o
Chip_I2S_Int_TxCmd                                out/libs/lpc_chip_43xx/src/i2s_18xx_43xx.o
Chip_I2S_RxConfig                                 out/libs/lpc_chip_43xx/src/i2s_18xx_43xx.o
Chip_I2S_TxConfig                                 out/libs/lpc_chip_43xx/src/i2s_18xx_43xx.o
Chip_IAP_BlankCheckSector                         out/libs/lpc_chip_43xx/src/iap_18xx_43xx.o
Chip_IAP_Compare                                  out/libs/lpc_chip_43xx/src/iap_18xx_43xx.o
Chip_IAP_CopyRamToFlash                           out/libs/lpc_chip_43xx/src/iap_18xx_43xx.o
Chip_IAP_ErasePage                                out/libs/lpc_chip_43xx/src/iap_18xx_43xx.o
Chip_IAP_EraseSector                              out/libs/lpc_chip_43xx/src/iap_18xx_43xx.o
Chip_IAP_PreSectorForReadWrite                    out/libs/lpc_chip_43xx/src/iap_18xx_43xx.o
Chip_IAP_ReadBootCode                             out/libs/lpc_chip_43xx/src/iap_18xx_43xx.o
Chip_IAP_ReadPID                                  out/libs/lpc_chip_43xx/src/iap_18xx_43xx.o
Chip_IAP_ReadUID                                  out/libs/lpc_chip_43xx/src/iap_18xx_43xx.o
Chip_IAP_ReinvokeISP                              out/libs/lpc_chip_43xx/src/iap_18xx_43xx.o
Chip_IAP_SetBootFlashBank                         out/libs/lpc_chip_43xx/src/iap_18xx_43xx.o
Chip_LCD_Cursor_Config                            out/libs/lpc_chip_43xx/src/lcd_18xx_43xx.o
Chip_LCD_Cursor_WriteImage                        out/libs/lpc_chip_43xx/src/lcd_18xx_43xx.o
Chip_LCD_DeInit                                   out/libs/lpc_chip_43xx/src/lcd_18xx_43xx.o
Chip_LCD_Init                                     out/libs/lpc_chip_43xx/src/lcd_18xx_43xx.o
Chip_LCD_LoadPalette                              out/libs/lpc_chip_43xx/src/lcd_18xx_43xx.o
Chip_OTP_GenRand                                  out/libs/lpc_chip_43xx/src/otp_18xx_43xx.o
Chip_OTP_Init                                     out/libs/lpc_chip_43xx/src/otp_18xx_43xx.o
Chip_OTP_ProgBootSrc                              out/libs/lpc_chip_43xx/src/otp_18xx_43xx.o
Chip_OTP_ProgGPWord                               out/libs/lpc_chip_43xx/src/otp_18xx_43xx.o
Chip_OTP_ProgJTAGDis                              out/libs/lpc_chip_43xx/src/otp_18xx_43xx.o
Chip_OTP_ProgKey                                  out/libs/lpc_chip_43xx/src/otp_18xx_43xx.o
Chip_OTP_ProgUSBID                                out/libs/lpc_chip_43xx/src/otp_18xx_43xx.o
Chip_PMC_Set_PwrState                             out/libs/lpc_chip_43xx/src/pmc_18xx_43xx.o
Chip_PMC_Sleep                                    out/libs/lpc_chip_43xx/src/pmc_18xx_43xx.o
Chip_RIT_DeInit                                   out/libs/lpc_chip_43xx/src/ritimer_18xx_43xx.o
Chip_RIT_GetIntStatus                             out/libs/lpc_chip_43xx/src/ritimer_18xx_43xx.o
Chip_RIT_Init                                     out/libs/lpc_chip_43xx/src/ritimer_18xx_43xx.o
Chip_RIT_SetTimerInterval                         out/libs/lpc_chip_43xx/src/ritimer_18xx_43xx.o
Chip_RTC_AlarmIntConfig                           out/libs/lpc_chip_43xx/src/rtc_18xx_43xx.o
Chip_RTC_CalibCounterCmd                          out/libs/lpc_chip_43xx/src/rtc_18xx_43xx.o
Chip_RTC_CntIncrIntConfig                         out/libs/lpc_chip_43xx/src/rtc_18xx_43xx.o
Chip_RTC_DeInit                                   out/libs/lpc_chip_43xx/src/rtc_18xx_43xx.o
Chip_RTC_EV_GetFirstTimeStamp                     out/libs/lpc_chip_43xx/src/rtc_18xx_43xx.o
Chip_RTC_EV_GetLastTimeStamp                      out/libs/lpc_chip_43xx/src/rtc_18xx_43xx.o
Chip_RTC_Enable                                   out/libs/lpc_chip_43xx/src/rtc_18xx_43xx.o
                                                  out/libs/sapi/src/sapi_rtc.o
Chip_RTC_GetFullAlarmTime                         out/libs/lpc_chip_43xx/src/rtc_18xx_43xx.o
Chip_RTC_GetFullTime                              out/libs/lpc_chip_43xx/src/rtc_18xx_43xx.o
                                                  out/libs/sapi/src/sapi_rtc.o
Chip_RTC_Init                                     out/libs/lpc_chip_43xx/src/rtc_18xx_43xx.o
                                                  out/libs/sapi/src/sapi_rtc.o
Chip_RTC_ResetClockTickCounter                    out/libs/lpc_chip_43xx/src/rtc_18xx_43xx.o
Chip_RTC_SetFullAlarmTime                         out/libs/lpc_chip_43xx/src/rtc_18xx_43xx.o
Chip_RTC_SetFullTime                              out/libs/lpc_chip_43xx/src/rtc_18xx_43xx.o
                                                  out/libs/sapi/src/sapi_rtc.o
Chip_SCTPWM_SetOutPin                             out/libs/lpc_chip_43xx/src/sct_pwm_18xx_43xx.o
                                                  out/libs/sapi/src/sapi_sct.o
Chip_SCTPWM_SetRate                               out/libs/lpc_chip_43xx/src/sct_pwm_18xx_43xx.o
                                                  out/libs/sapi/src/sapi_sct.o
Chip_SCT_DeInit                                   out/libs/lpc_chip_43xx/src/sct_18xx_43xx.o
Chip_SCT_Init                                     out/libs/lpc_chip_43xx/src/sct_18xx_43xx.o
                                                  out/libs/sapi/src/sapi_sct.o
Chip_SCT_SetClrControl                            out/libs/lpc_chip_43xx/src/sct_18xx_43xx.o
Chip_SCT_SetConflictResolution                    out/libs/lpc_chip_43xx/src/sct_18xx_43xx.o
Chip_SDIF_DeInit                                  out/libs/lpc_chip_43xx/src/sdif_18xx_43xx.o
Chip_SDIF_DmaSetup                                out/libs/lpc_chip_43xx/src/sdif_18xx_43xx.o
                                                  out/libs/lpc_chip_43xx/src/sdmmc_18xx_43xx.o
                                                  out/libs/lpc_chip_43xx/src/sdio_18xx_43xx.o
Chip_SDIF_GetResponse                             out/libs/lpc_chip_43xx/src/sdif_18xx_43xx.o
                                                  out/libs/lpc_chip_43xx/src/sdmmc_18xx_43xx.o
                                                  out/libs/lpc_chip_43xx/src/sdio_18xx_43xx.o
Chip_SDIF_Init                                    out/libs/lpc_chip_43xx/src/sdif_18xx_43xx.o
Chip_SDIF_SendCmd                                 out/libs/lpc_chip_43xx/src/sdif_18xx_43xx.o
                                                  out/libs/lpc_chip_43xx/src/sdmmc_18xx_43xx.o
                                                  out/libs/lpc_chip_43xx/src/sdio_18xx_43xx.o
Chip_SDIF_SetClearIntFifo                         out/libs/lpc_chip_43xx/src/sdif_18xx_43xx.o
                                                  out/libs/lpc_chip_43xx/src/sdmmc_18xx_43xx.o
Chip_SDIF_SetClock                                out/libs/lpc_chip_43xx/src/sdif_18xx_43xx.o
                                                  out/libs/lpc_chip_43xx/src/sdmmc_18xx_43xx.o
                                                  out/libs/lpc_chip_43xx/src/sdio_18xx_43xx.o
Chip_SDMMC_Acquire                                out/libs/lpc_chip_43xx/src/sdmmc_18xx_43xx.o
Chip_SDMMC_GetDeviceBlocks                        out/libs/lpc_chip_43xx/src/sdmmc_18xx_43xx.o
Chip_SDMMC_GetDeviceSize                          out/libs/lpc_chip_43xx/src/sdmmc_18xx_43xx.o
Chip_SDMMC_GetState                               out/libs/lpc_chip_43xx/src/sdmmc_18xx_43xx.o
Chip_SDMMC_ReadBlocks                             out/libs/lpc_chip_43xx/src/sdmmc_18xx_43xx.o
Chip_SDMMC_WriteBlocks                            out/libs/lpc_chip_43xx/src/sdmmc_18xx_43xx.o
Chip_SPI_DeInit                                   out/libs/lpc_chip_43xx/src/spi_18xx_43xx.o
Chip_SPI_Init                                     out/libs/lpc_chip_43xx/src/spi_18xx_43xx.o
Chip_SPI_Int_FlushData                            out/libs/lpc_chip_43xx/src/spi_18xx_43xx.o
Chip_SPI_Int_RWFrames                             out/libs/lpc_chip_43xx/src/spi_18xx_43xx.o
Chip_SPI_Int_RWFrames16Bits                       out/libs/lpc_chip_43xx/src/spi_18xx_43xx.o
Chip_SPI_Int_RWFrames8Bits                        out/libs/lpc_chip_43xx/src/spi_18xx_43xx.o
Chip_SPI_RWFrames_Blocking                        out/libs/lpc_chip_43xx/src/spi_18xx_43xx.o
Chip_SPI_SetBitRate                               out/libs/lpc_chip_43xx/src/spi_18xx_43xx.o
Chip_SSP_DeInit                                   out/libs/lpc_chip_43xx/src/ssp_18xx_43xx.o
Chip_SSP_Init                                     out/libs/lpc_chip_43xx/src/ssp_18xx_43xx.o
Chip_SSP_Int_FlushData                            out/libs/lpc_chip_43xx/src/ssp_18xx_43xx.o
Chip_SSP_Int_RWFrames16Bits                       out/libs/lpc_chip_43xx/src/ssp_18xx_43xx.o
Chip_SSP_Int_RWFrames8Bits                        out/libs/lpc_chip_43xx/src/ssp_18xx_43xx.o
Chip_SSP_RWFrames_Blocking                        out/libs/lpc_chip_43xx/src/ssp_18xx_43xx.o
Chip_SSP_ReadFrames_Blocking                      out/libs/lpc_chip_43xx/src/ssp_18xx_43xx.o
Chip_SSP_SetBitRate                               out/libs/lpc_chip_43xx/src/ssp_18xx_43xx.o
Chip_SSP_SetClockRate                             out/libs/lpc_chip_43xx/src/ssp_18xx_43xx.o
Chip_SSP_SetMaster                                out/libs/lpc_chip_43xx/src/ssp_18xx_43xx.o
Chip_SSP_WriteFrames_Blocking                     out/libs/lpc_chip_43xx/src/ssp_18xx_43xx.o
Chip_SetupCoreClock                               out/libs/lpc_chip_43xx/src/sysinit_18xx_43xx.o
                                                  out/libs/lpc_board_ciaa_edu_4337/src/board_sysinit.o
Chip_SetupIrcClocking                             out/libs/lpc_chip_43xx/src/sysinit_18xx_43xx.o
Chip_SetupXtalClocking                            out/libs/lpc_chip_43xx/src/sysinit_18xx_43xx.o
Chip_SystemInit                                   out/libs/lpc_chip_43xx/src/sysinit_18xx_43xx.o
Chip_TIMER_DeInit                                 out/libs/lpc_chip_43xx/src/timer_18xx_43xx.o
                                                  out/libs/sapi/src/sapi_timer.o
Chip_TIMER_ExtMatchControlSet                     out/libs/lpc_chip_43xx/src/timer_18xx_43xx.o
Chip_TIMER_Init                                   out/libs/lpc_chip_43xx/src/timer_18xx_43xx.o
                                                  out/libs/sapi/src/sapi_timer.o
                                                  out/libs/lpc_chip_43xx/src/stopwatch_18xx_43xx.o
Chip_TIMER_Reset                                  out/libs/lpc_chip_43xx/src/timer_18xx_43xx.o
                                                  out/libs/sapi/src/sapi_timer.o
Chip_UART_ABCmd                                   out/libs/lpc_chip_43xx/src/uart_18xx_43xx.o
Chip_UART_CheckBusy                               out/libs/lpc_chip_43xx/src/uart_18xx_43xx.o
Chip_UART_DeInit                                  out/libs/lpc_chip_43xx/src/uart_18xx_43xx.o
Chip_UART_GetABEOStatus                           out/libs/lpc_chip_43xx/src/uart_18xx_43xx.o
Chip_UART_IRQRBHandler                            out/libs/lpc_chip_43xx/src/uart_18xx_43xx.o
Chip_UART_Init                                    out/libs/lpc_chip_43xx/src/uart_18xx_43xx.o
                                                  out/libs/sapi/src/sapi_uart.o
                                                  out/libs/lpc_board_ciaa_edu_4337/src/board.o
Chip_UART_RXIntHandlerRB                          out/libs/lpc_chip_43xx/src/uart_18xx_43xx.o
Chip_UART_Read                                    out/libs/lpc_chip_43xx/src/uart_18xx_43xx.o
Chip_UART_ReadBlocking                            out/libs/lpc_chip_43xx/src/uart_18xx_43xx.o
Chip_UART_ReadRB                                  out/libs/lpc_chip_43xx/src/uart_18xx_43xx.o
Chip_UART_Send                                    out/libs/lpc_chip_43xx/src/uart_18xx_43xx.o
Chip_UART_SendBlocking                            out/libs/lpc_chip_43xx/src/uart_18xx_43xx.o
Chip_UART_SendRB                                  out/libs/lpc_chip_43xx/src/uart_18xx_43xx.o
Chip_UART_SetBaud                                 out/libs/lpc_chip_43xx/src/uart_18xx_43xx.o
                                                  out/libs/sapi/src/sapi_uart.o
Chip_UART_SetBaudFDR                              out/libs/lpc_chip_43xx/src/uart_18xx_43xx.o
                                                  out/libs/lpc_board_ciaa_edu_4337/src/board.o
Chip_UART_TXIntHandlerRB                          out/libs/lpc_chip_43xx/src/uart_18xx_43xx.o
Chip_USB0_Init                                    out/libs/lpc_chip_43xx/src/chip_18xx_43xx.o
Chip_USB1_Init                                    out/libs/lpc_chip_43xx/src/chip_18xx_43xx.o
Chip_WWDT_ClearStatusFlag                         out/libs/lpc_chip_43xx/src/wwdt_18xx_43xx.o
Chip_WWDT_DeInit                                  out/libs/lpc_chip_43xx/src/wwdt_18xx_43xx.o
Chip_WWDT_Init                                    out/libs/lpc_chip_43xx/src/wwdt_18xx_43xx.o
DAC_IRQHandler                                    out/libs/lpc_board_ciaa_edu_4337/src/cr_startup_lpc43xx.o
DMA_IRQHandler                                    out/libs/lpc_board_ciaa_edu_4337/src/cr_startup_lpc43xx.o
DebugMon_Handler                                  out/libs/lpc_board_ciaa_edu_4337/src/cr_startup_lpc43xx.o
ETH_IRQHandler                                    out/libs/lpc_board_ciaa_edu_4337/src/cr_startup_lpc43xx.o
EVRT_IRQHandler                                   out/libs/lpc_board_ciaa_edu_4337/src/cr_startup_lpc43xx.o
ExtRateIn                                         out/libs/lpc_board_ciaa_edu_4337/src/board.o
                                                  out/libs/lpc_chip_43xx/src/clock_18xx_43xx.o
FLASH_EEPROM_IRQHandler                           out/libs/lpc_board_ciaa_edu_4337/src/cr_startup_lpc43xx.o
GINT0_IRQHandler                                  out/libs/lpc_board_ciaa_edu_4337/src/cr_startup_lpc43xx.o
GINT1_IRQHandler                                  out/libs/lpc_board_ciaa_edu_4337/src/cr_startup_lpc43xx.o
GPIO0_IRQHandler                                  out/libs/lpc_board_ciaa_edu_4337/src/cr_startup_lpc43xx.o
GPIO1_IRQHandler                                  out/libs/lpc_board_ciaa_edu_4337/src/cr_startup_lpc43xx.o
GPIO2_IRQHandler                                  out/libs/lpc_board_ciaa_edu_4337/src/cr_startup_lpc43xx.o
GPIO3_IRQHandler                                  out/libs/lpc_board_ciaa_edu_4337/src/cr_startup_lpc43xx.o
GPIO4_IRQHandler                                  out/libs/lpc_board_ciaa_edu_4337/src/cr_startup_lpc43xx.o
GPIO5_IRQHandler                                  out/libs/lpc_board_ciaa_edu_4337/src/cr_startup_lpc43xx.o
GPIO6_IRQHandler                                  out/libs/lpc_board_ciaa_edu_4337/src/cr_startup_lpc43xx.o
GPIO7_IRQHandler                                  out/libs/lpc_board_ciaa_edu_4337/src/cr_startup_lpc43xx.o
HardFault_Handler                                 out/libs/lpc_board_ciaa_edu_4337/src/cr_startup_lpc43xx.o
I2C0_IRQHandler                                   out/libs/lpc_board_ciaa_edu_4337/src/cr_startup_lpc43xx.o
I2C1_IRQHandler                                   out/libs/lpc_board_ciaa_edu_4337/src/cr_startup_lpc43xx.o
I2S0_IRQHandler                                   out/libs/lpc_board_ciaa_edu_4337/src/cr_startup_lpc43xx.o
I2S1_IRQHandler                                   out/libs/lpc_board_ciaa_edu_4337/src/cr_startup_lpc43xx.o
IntDefaultHandler                                 out/libs/lpc_board_ciaa_edu_4337/src/cr_startup_lpc43xx.o
LCD_IRQHandler                                    out/libs/lpc_board_ciaa_edu_4337/src/cr_startup_lpc43xx.o
M0APP_IRQHandler                                  out/libs/lpc_board_ciaa_edu_4337/src/cr_startup_lpc43xx.o
M0SUB_IRQHandler                                  out/libs/lpc_board_ciaa_edu_4337/src/cr_startup_lpc43xx.o
MCPWM_IRQHandler                                  out/libs/lpc_board_ciaa_edu_4337/src/cr_startup_lpc43xx.o
MemManage_Handler                                 out/libs/lpc_board_ciaa_edu_4337/src/cr_startup_lpc43xx.o
NMI_Handler                                       out/libs/lpc_board_ciaa_edu_4337/src/cr_startup_lpc43xx.o
OscRateIn                                         out/libs/lpc_board_ciaa_edu_4337/src/board.o
                                                  out/libs/lpc_chip_43xx/src/clock_18xx_43xx.o
PendSV_Handler                                    out/libs/lpc_board_ciaa_edu_4337/src/cr_startup_lpc43xx.o
QEI_IRQHandler                                    out/libs/lpc_board_ciaa_edu_4337/src/cr_startup_lpc43xx.o
RIT_IRQHandler                                    out/libs/lpc_board_ciaa_edu_4337/src/cr_startup_lpc43xx.o
RTC_IRQHandler                                    out/libs/lpc_board_ciaa_edu_4337/src/cr_startup_lpc43xx.o
ResetISR                                          out/libs/lpc_board_ciaa_edu_4337/src/cr_startup_lpc43xx.o
RingBuffer_Init                                   out/libs/lpc_chip_43xx/src/ring_buffer.o
RingBuffer_Insert                                 out/libs/lpc_chip_43xx/src/ring_buffer.o
                                                  out/libs/lpc_chip_43xx/src/uart_18xx_43xx.o
RingBuffer_InsertMult                             out/libs/lpc_chip_43xx/src/ring_buffer.o
                                                  out/libs/lpc_chip_43xx/src/uart_18xx_43xx.o